<!doctype html public "-//w3c//dtd html 4.0 transitional//en">
<html><head>
<title>Static Call Graph - [.\_build\nrf51422_xxac.axf]</title></head>
<body><HR>
<H1>Static Call Graph for image .\_build\nrf51422_xxac.axf</H1><HR>
<BR><P>#&#060CALLGRAPH&#062# ARM Linker, 5050106: Last Updated: Mon Jan 29 10:54:24 2018
<BR><P>
<H3>Maximum Stack Usage =        580 bytes + Unknown(Cycles, Untraceable Function Pointers)</H3><H3>
Call chain for Maximum Stack Depth:</H3>
main &rArr; pn532_appliction &rArr; write_data_card &rArr; readPassiveTargetID &rArr; sendCommandCheckAck &rArr; readackframe &rArr; wirereaddata &rArr; i2c_device_read_buffer &rArr; nrf_drv_twi_rx &rArr; nrf_drv_twi_xfer &rArr; twi_xfer &rArr; twi_tx_start_transfer &rArr; twi_transfer &rArr; twi_send_byte
<P>
<H3>
Mutually Recursive functions
</H3> <LI><a href="#[1]">NMI_Handler</a>&nbsp;&nbsp;&nbsp;&rArr;&nbsp;&nbsp;&nbsp;<a href="#[1]">NMI_Handler</a><BR>
 <LI><a href="#[2]">HardFault_Handler</a>&nbsp;&nbsp;&nbsp;&rArr;&nbsp;&nbsp;&nbsp;<a href="#[2]">HardFault_Handler</a><BR>
 <LI><a href="#[3]">SVC_Handler</a>&nbsp;&nbsp;&nbsp;&rArr;&nbsp;&nbsp;&nbsp;<a href="#[3]">SVC_Handler</a><BR>
 <LI><a href="#[4]">PendSV_Handler</a>&nbsp;&nbsp;&nbsp;&rArr;&nbsp;&nbsp;&nbsp;<a href="#[4]">PendSV_Handler</a><BR>
 <LI><a href="#[5]">SysTick_Handler</a>&nbsp;&nbsp;&nbsp;&rArr;&nbsp;&nbsp;&nbsp;<a href="#[5]">SysTick_Handler</a><BR>
 <LI><a href="#[c]">ADC_IRQHandler</a>&nbsp;&nbsp;&nbsp;&rArr;&nbsp;&nbsp;&nbsp;<a href="#[c]">ADC_IRQHandler</a><BR>
</UL>
<P>
<H3>
Function Pointers
</H3><UL>
 <LI><a href="#[c]">ADC_IRQHandler</a> from arm_startup_nrf51.o(.text) referenced from arm_startup_nrf51.o(RESET)
 <LI><a href="#[14]">CCM_AAR_IRQHandler</a> from arm_startup_nrf51.o(.text) referenced from arm_startup_nrf51.o(RESET)
 <LI><a href="#[13]">ECB_IRQHandler</a> from arm_startup_nrf51.o(.text) referenced from arm_startup_nrf51.o(RESET)
 <LI><a href="#[b]">GPIOTE_IRQHandler</a> from nrf_drv_gpiote.o(i.GPIOTE_IRQHandler) referenced from arm_startup_nrf51.o(RESET)
 <LI><a href="#[2]">HardFault_Handler</a> from arm_startup_nrf51.o(.text) referenced from arm_startup_nrf51.o(RESET)
 <LI><a href="#[18]">LPCOMP_IRQHandler</a> from arm_startup_nrf51.o(.text) referenced from arm_startup_nrf51.o(RESET)
 <LI><a href="#[1]">NMI_Handler</a> from arm_startup_nrf51.o(.text) referenced from arm_startup_nrf51.o(RESET)
 <LI><a href="#[6]">POWER_CLOCK_IRQHandler</a> from nrf_drv_clock.o(i.POWER_CLOCK_IRQHandler) referenced from arm_startup_nrf51.o(RESET)
 <LI><a href="#[4]">PendSV_Handler</a> from arm_startup_nrf51.o(.text) referenced from arm_startup_nrf51.o(RESET)
 <LI><a href="#[17]">QDEC_IRQHandler</a> from arm_startup_nrf51.o(.text) referenced from arm_startup_nrf51.o(RESET)
 <LI><a href="#[7]">RADIO_IRQHandler</a> from arm_startup_nrf51.o(.text) referenced from arm_startup_nrf51.o(RESET)
 <LI><a href="#[12]">RNG_IRQHandler</a> from arm_startup_nrf51.o(.text) referenced from arm_startup_nrf51.o(RESET)
 <LI><a href="#[10]">RTC0_IRQHandler</a> from arm_startup_nrf51.o(.text) referenced from arm_startup_nrf51.o(RESET)
 <LI><a href="#[16]">RTC1_IRQHandler</a> from app_timer.o(i.RTC1_IRQHandler) referenced from arm_startup_nrf51.o(RESET)
 <LI><a href="#[0]">Reset_Handler</a> from arm_startup_nrf51.o(.text) referenced from arm_startup_nrf51.o(RESET)
 <LI><a href="#[9]">SPI0_TWI0_IRQHandler</a> from arm_startup_nrf51.o(.text) referenced from arm_startup_nrf51.o(RESET)
 <LI><a href="#[a]">SPI1_TWI1_IRQHandler</a> from nrf_drv_twi.o(i.SPI1_TWI1_IRQHandler) referenced from arm_startup_nrf51.o(RESET)
 <LI><a href="#[3]">SVC_Handler</a> from arm_startup_nrf51.o(.text) referenced from arm_startup_nrf51.o(RESET)
 <LI><a href="#[19]">SWI0_IRQHandler</a> from app_timer.o(i.SWI0_IRQHandler) referenced from arm_startup_nrf51.o(RESET)
 <LI><a href="#[1a]">SWI1_IRQHandler</a> from arm_startup_nrf51.o(.text) referenced from arm_startup_nrf51.o(RESET)
 <LI><a href="#[1b]">SWI2_IRQHandler</a> from softdevice_handler.o(i.SWI2_IRQHandler) referenced from arm_startup_nrf51.o(RESET)
 <LI><a href="#[1c]">SWI3_IRQHandler</a> from arm_startup_nrf51.o(.text) referenced from arm_startup_nrf51.o(RESET)
 <LI><a href="#[1d]">SWI4_IRQHandler</a> from arm_startup_nrf51.o(.text) referenced from arm_startup_nrf51.o(RESET)
 <LI><a href="#[1e]">SWI5_IRQHandler</a> from arm_startup_nrf51.o(.text) referenced from arm_startup_nrf51.o(RESET)
 <LI><a href="#[5]">SysTick_Handler</a> from arm_startup_nrf51.o(.text) referenced from arm_startup_nrf51.o(RESET)
 <LI><a href="#[20]">SystemInit</a> from system_nrf51.o(i.SystemInit) referenced from arm_startup_nrf51.o(.text)
 <LI><a href="#[11]">TEMP_IRQHandler</a> from arm_startup_nrf51.o(.text) referenced from arm_startup_nrf51.o(RESET)
 <LI><a href="#[d]">TIMER0_IRQHandler</a> from arm_startup_nrf51.o(.text) referenced from arm_startup_nrf51.o(RESET)
 <LI><a href="#[e]">TIMER1_IRQHandler</a> from arm_startup_nrf51.o(.text) referenced from arm_startup_nrf51.o(RESET)
 <LI><a href="#[f]">TIMER2_IRQHandler</a> from arm_startup_nrf51.o(.text) referenced from arm_startup_nrf51.o(RESET)
 <LI><a href="#[8]">UART0_IRQHandler</a> from nrf_drv_uart.o(i.UART0_IRQHandler) referenced from arm_startup_nrf51.o(RESET)
 <LI><a href="#[15]">WDT_IRQHandler</a> from arm_startup_nrf51.o(.text) referenced from arm_startup_nrf51.o(RESET)
 <LI><a href="#[21]">__main</a> from entry.o(.ARM.Collect$$$$00000000) referenced from arm_startup_nrf51.o(.text)
 <LI><a href="#[29]">ble_evt_dispatch</a> from main.o(i.ble_evt_dispatch) referenced from main.o(i.main)
 <LI><a href="#[2f]">bsp_button_event_handler</a> from bsp.o(i.bsp_button_event_handler) referenced 4 times from bsp.o(.constdata)
 <LI><a href="#[2d]">conn_params_error_handler</a> from main.o(i.conn_params_error_handler) referenced from main.o(i.main)
 <LI><a href="#[22]">fputc</a> from retarget.o(i.fputc) referenced from printf8.o(i.__0printf$8)
 <LI><a href="#[1f]">main</a> from main.o(i.main) referenced from entry9a.o(.ARM.Collect$$$$0000000B)
 <LI><a href="#[2a]">nus_data_handler</a> from main.o(i.nus_data_handler) referenced from main.o(i.main)
 <LI><a href="#[2b]">on_adv_evt</a> from main.o(i.on_adv_evt) referenced from main.o(i.main)
 <LI><a href="#[2c]">on_conn_params_evt</a> from main.o(i.on_conn_params_evt) referenced from main.o(i.main)
 <LI><a href="#[27]">pn532_timeout_handler</a> from pn532_apply.o(i.pn532_timeout_handler) referenced from main.o(i.main)
 <LI><a href="#[24]">pwm_handler</a> from lock_gpio.o(i.pwm_handler) referenced from lock_gpio.o(i.beep_gpio_init)
 <LI><a href="#[26]">pwm_timeout_handler</a> from low_power_pwm.o(i.pwm_timeout_handler) referenced from low_power_pwm.o(i.low_power_pwm_init)
 <LI><a href="#[2e]">softdevice_fault_handler</a> from softdevice_handler.o(i.softdevice_fault_handler) referenced from softdevice_handler.o(i.softdevice_handler_init)
 <LI><a href="#[28]">uart_event_handle</a> from main.o(i.uart_event_handle) referenced from main.o(i.main)
 <LI><a href="#[23]">uart_event_handler</a> from app_uart_fifo.o(i.uart_event_handler) referenced from app_uart_fifo.o(i.app_uart_init)
 <LI><a href="#[25]">update_timeout_handler</a> from ble_conn_params.o(i.update_timeout_handler) referenced from ble_conn_params.o(i.ble_conn_params_init)
</UL>
<P>
<H3>
Global Symbols
</H3>
<P><STRONG><a name="[21]"></a>__main</STRONG> (Thumb, 0 bytes, Stack size unknown bytes, entry.o(.ARM.Collect$$$$00000000))
<BR>[Address Reference Count : 1]<UL><LI> arm_startup_nrf51.o(.text)
</UL>
<P><STRONG><a name="[ef]"></a>_main_stk</STRONG> (Thumb, 0 bytes, Stack size unknown bytes, entry2.o(.ARM.Collect$$$$00000001))

<P><STRONG><a name="[30]"></a>_main_scatterload</STRONG> (Thumb, 0 bytes, Stack size unknown bytes, entry5.o(.ARM.Collect$$$$00000004))
<BR><BR>[Calls]<UL><LI><a href="#[31]">&gt;&gt;</a>&nbsp;&nbsp;&nbsp;__scatterload
</UL>

<P><STRONG><a name="[38]"></a>__main_after_scatterload</STRONG> (Thumb, 0 bytes, Stack size unknown bytes, entry5.o(.ARM.Collect$$$$00000004))
<BR><BR>[Called By]<UL><LI><a href="#[31]">&gt;&gt;</a>&nbsp;&nbsp;&nbsp;__scatterload
</UL>

<P><STRONG><a name="[f0]"></a>_main_clock</STRONG> (Thumb, 0 bytes, Stack size unknown bytes, entry7b.o(.ARM.Collect$$$$00000008))

<P><STRONG><a name="[f1]"></a>_main_cpp_init</STRONG> (Thumb, 0 bytes, Stack size unknown bytes, entry8b.o(.ARM.Collect$$$$0000000A))

<P><STRONG><a name="[f2]"></a>_main_init</STRONG> (Thumb, 0 bytes, Stack size unknown bytes, entry9a.o(.ARM.Collect$$$$0000000B))

<P><STRONG><a name="[f3]"></a>__rt_final_cpp</STRONG> (Thumb, 0 bytes, Stack size unknown bytes, entry10a.o(.ARM.Collect$$$$0000000D))

<P><STRONG><a name="[f4]"></a>__rt_final_exit</STRONG> (Thumb, 0 bytes, Stack size unknown bytes, entry11a.o(.ARM.Collect$$$$0000000F))

<P><STRONG><a name="[0]"></a>Reset_Handler</STRONG> (Thumb, 26 bytes, Stack size 0 bytes, arm_startup_nrf51.o(.text))
<BR>[Address Reference Count : 1]<UL><LI> arm_startup_nrf51.o(RESET)
</UL>
<P><STRONG><a name="[1]"></a>NMI_Handler</STRONG> (Thumb, 2 bytes, Stack size 0 bytes, arm_startup_nrf51.o(.text))
<BR><BR>[Calls]<UL><LI><a href="#[1]">&gt;&gt;</a>&nbsp;&nbsp;&nbsp;NMI_Handler
</UL>
<BR>[Called By]<UL><LI><a href="#[1]">&gt;&gt;</a>&nbsp;&nbsp;&nbsp;NMI_Handler
</UL>
<BR>[Address Reference Count : 1]<UL><LI> arm_startup_nrf51.o(RESET)
</UL>
<P><STRONG><a name="[2]"></a>HardFault_Handler</STRONG> (Thumb, 2 bytes, Stack size 0 bytes, arm_startup_nrf51.o(.text))
<BR><BR>[Calls]<UL><LI><a href="#[2]">&gt;&gt;</a>&nbsp;&nbsp;&nbsp;HardFault_Handler
</UL>
<BR>[Called By]<UL><LI><a href="#[2]">&gt;&gt;</a>&nbsp;&nbsp;&nbsp;HardFault_Handler
</UL>
<BR>[Address Reference Count : 1]<UL><LI> arm_startup_nrf51.o(RESET)
</UL>
<P><STRONG><a name="[3]"></a>SVC_Handler</STRONG> (Thumb, 2 bytes, Stack size 0 bytes, arm_startup_nrf51.o(.text))
<BR><BR>[Calls]<UL><LI><a href="#[3]">&gt;&gt;</a>&nbsp;&nbsp;&nbsp;SVC_Handler
</UL>
<BR>[Called By]<UL><LI><a href="#[3]">&gt;&gt;</a>&nbsp;&nbsp;&nbsp;SVC_Handler
</UL>
<BR>[Address Reference Count : 1]<UL><LI> arm_startup_nrf51.o(RESET)
</UL>
<P><STRONG><a name="[4]"></a>PendSV_Handler</STRONG> (Thumb, 2 bytes, Stack size 0 bytes, arm_startup_nrf51.o(.text))
<BR><BR>[Calls]<UL><LI><a href="#[4]">&gt;&gt;</a>&nbsp;&nbsp;&nbsp;PendSV_Handler
</UL>
<BR>[Called By]<UL><LI><a href="#[4]">&gt;&gt;</a>&nbsp;&nbsp;&nbsp;PendSV_Handler
</UL>
<BR>[Address Reference Count : 1]<UL><LI> arm_startup_nrf51.o(RESET)
</UL>
<P><STRONG><a name="[5]"></a>SysTick_Handler</STRONG> (Thumb, 2 bytes, Stack size 0 bytes, arm_startup_nrf51.o(.text))
<BR><BR>[Calls]<UL><LI><a href="#[5]">&gt;&gt;</a>&nbsp;&nbsp;&nbsp;SysTick_Handler
</UL>
<BR>[Called By]<UL><LI><a href="#[5]">&gt;&gt;</a>&nbsp;&nbsp;&nbsp;SysTick_Handler
</UL>
<BR>[Address Reference Count : 1]<UL><LI> arm_startup_nrf51.o(RESET)
</UL>
<P><STRONG><a name="[c]"></a>ADC_IRQHandler</STRONG> (Thumb, 0 bytes, Stack size 0 bytes, arm_startup_nrf51.o(.text))
<BR><BR>[Calls]<UL><LI><a href="#[c]">&gt;&gt;</a>&nbsp;&nbsp;&nbsp;ADC_IRQHandler
</UL>
<BR>[Called By]<UL><LI><a href="#[c]">&gt;&gt;</a>&nbsp;&nbsp;&nbsp;ADC_IRQHandler
</UL>
<BR>[Address Reference Count : 1]<UL><LI> arm_startup_nrf51.o(RESET)
</UL>
<P><STRONG><a name="[14]"></a>CCM_AAR_IRQHandler</STRONG> (Thumb, 0 bytes, Stack size 0 bytes, arm_startup_nrf51.o(.text))
<BR>[Address Reference Count : 1]<UL><LI> arm_startup_nrf51.o(RESET)
</UL>
<P><STRONG><a name="[13]"></a>ECB_IRQHandler</STRONG> (Thumb, 0 bytes, Stack size 0 bytes, arm_startup_nrf51.o(.text))
<BR>[Address Reference Count : 1]<UL><LI> arm_startup_nrf51.o(RESET)
</UL>
<P><STRONG><a name="[18]"></a>LPCOMP_IRQHandler</STRONG> (Thumb, 0 bytes, Stack size 0 bytes, arm_startup_nrf51.o(.text))
<BR>[Address Reference Count : 1]<UL><LI> arm_startup_nrf51.o(RESET)
</UL>
<P><STRONG><a name="[17]"></a>QDEC_IRQHandler</STRONG> (Thumb, 0 bytes, Stack size 0 bytes, arm_startup_nrf51.o(.text))
<BR>[Address Reference Count : 1]<UL><LI> arm_startup_nrf51.o(RESET)
</UL>
<P><STRONG><a name="[7]"></a>RADIO_IRQHandler</STRONG> (Thumb, 0 bytes, Stack size 0 bytes, arm_startup_nrf51.o(.text))
<BR>[Address Reference Count : 1]<UL><LI> arm_startup_nrf51.o(RESET)
</UL>
<P><STRONG><a name="[12]"></a>RNG_IRQHandler</STRONG> (Thumb, 0 bytes, Stack size 0 bytes, arm_startup_nrf51.o(.text))
<BR>[Address Reference Count : 1]<UL><LI> arm_startup_nrf51.o(RESET)
</UL>
<P><STRONG><a name="[10]"></a>RTC0_IRQHandler</STRONG> (Thumb, 0 bytes, Stack size 0 bytes, arm_startup_nrf51.o(.text))
<BR>[Address Reference Count : 1]<UL><LI> arm_startup_nrf51.o(RESET)
</UL>
<P><STRONG><a name="[9]"></a>SPI0_TWI0_IRQHandler</STRONG> (Thumb, 0 bytes, Stack size 0 bytes, arm_startup_nrf51.o(.text))
<BR>[Address Reference Count : 1]<UL><LI> arm_startup_nrf51.o(RESET)
</UL>
<P><STRONG><a name="[1a]"></a>SWI1_IRQHandler</STRONG> (Thumb, 0 bytes, Stack size 0 bytes, arm_startup_nrf51.o(.text))
<BR>[Address Reference Count : 1]<UL><LI> arm_startup_nrf51.o(RESET)
</UL>
<P><STRONG><a name="[1c]"></a>SWI3_IRQHandler</STRONG> (Thumb, 0 bytes, Stack size 0 bytes, arm_startup_nrf51.o(.text))
<BR>[Address Reference Count : 1]<UL><LI> arm_startup_nrf51.o(RESET)
</UL>
<P><STRONG><a name="[1d]"></a>SWI4_IRQHandler</STRONG> (Thumb, 0 bytes, Stack size 0 bytes, arm_startup_nrf51.o(.text))
<BR>[Address Reference Count : 1]<UL><LI> arm_startup_nrf51.o(RESET)
</UL>
<P><STRONG><a name="[1e]"></a>SWI5_IRQHandler</STRONG> (Thumb, 0 bytes, Stack size 0 bytes, arm_startup_nrf51.o(.text))
<BR>[Address Reference Count : 1]<UL><LI> arm_startup_nrf51.o(RESET)
</UL>
<P><STRONG><a name="[11]"></a>TEMP_IRQHandler</STRONG> (Thumb, 0 bytes, Stack size 0 bytes, arm_startup_nrf51.o(.text))
<BR>[Address Reference Count : 1]<UL><LI> arm_startup_nrf51.o(RESET)
</UL>
<P><STRONG><a name="[d]"></a>TIMER0_IRQHandler</STRONG> (Thumb, 0 bytes, Stack size 0 bytes, arm_startup_nrf51.o(.text))
<BR>[Address Reference Count : 1]<UL><LI> arm_startup_nrf51.o(RESET)
</UL>
<P><STRONG><a name="[e]"></a>TIMER1_IRQHandler</STRONG> (Thumb, 0 bytes, Stack size 0 bytes, arm_startup_nrf51.o(.text))
<BR>[Address Reference Count : 1]<UL><LI> arm_startup_nrf51.o(RESET)
</UL>
<P><STRONG><a name="[f]"></a>TIMER2_IRQHandler</STRONG> (Thumb, 0 bytes, Stack size 0 bytes, arm_startup_nrf51.o(.text))
<BR>[Address Reference Count : 1]<UL><LI> arm_startup_nrf51.o(RESET)
</UL>
<P><STRONG><a name="[15]"></a>WDT_IRQHandler</STRONG> (Thumb, 0 bytes, Stack size 0 bytes, arm_startup_nrf51.o(.text))
<BR>[Address Reference Count : 1]<UL><LI> arm_startup_nrf51.o(RESET)
</UL>
<P><STRONG><a name="[f5]"></a>__aeabi_uidiv</STRONG> (Thumb, 0 bytes, Stack size 12 bytes, uidiv.o(.text), UNUSED)

<P><STRONG><a name="[85]"></a>__aeabi_uidivmod</STRONG> (Thumb, 44 bytes, Stack size 12 bytes, uidiv.o(.text))
<BR><BR>[Stack]<UL><LI>Max Depth = 12<LI>Call Chain = __aeabi_uidivmod
</UL>
<BR>[Called By]<UL><LI><a href="#[a1]">&gt;&gt;</a>&nbsp;&nbsp;&nbsp;bsp_led_indication
<LI><a href="#[84]">&gt;&gt;</a>&nbsp;&nbsp;&nbsp;ble_advertising_on_ble_evt
</UL>

<P><STRONG><a name="[8d]"></a>__aeabi_memcpy</STRONG> (Thumb, 36 bytes, Stack size 0 bytes, memcpya.o(.text))
<BR><BR>[Called By]<UL><LI><a href="#[59]">&gt;&gt;</a>&nbsp;&nbsp;&nbsp;service_data_encode
<LI><a href="#[58]">&gt;&gt;</a>&nbsp;&nbsp;&nbsp;manuf_specific_data_encode
<LI><a href="#[54]">&gt;&gt;</a>&nbsp;&nbsp;&nbsp;ble_device_addr_encode
<LI><a href="#[8f]">&gt;&gt;</a>&nbsp;&nbsp;&nbsp;ble_conn_params_on_ble_evt
<LI><a href="#[8c]">&gt;&gt;</a>&nbsp;&nbsp;&nbsp;ble_conn_params_init
<LI><a href="#[93]">&gt;&gt;</a>&nbsp;&nbsp;&nbsp;on_ble_evt
<LI><a href="#[c6]">&gt;&gt;</a>&nbsp;&nbsp;&nbsp;mifareultralight_ReadPage
<LI><a href="#[c5]">&gt;&gt;</a>&nbsp;&nbsp;&nbsp;mifareclassic_WriteDataBlock
<LI><a href="#[c4]">&gt;&gt;</a>&nbsp;&nbsp;&nbsp;mifareclassic_ReadDataBlock
</UL>

<P><STRONG><a name="[71]"></a>__aeabi_memcpy4</STRONG> (Thumb, 0 bytes, Stack size 0 bytes, memcpya.o(.text))
<BR><BR>[Called By]<UL><LI><a href="#[8c]">&gt;&gt;</a>&nbsp;&nbsp;&nbsp;ble_conn_params_init
<LI><a href="#[82]">&gt;&gt;</a>&nbsp;&nbsp;&nbsp;ble_advertising_init
<LI><a href="#[6f]">&gt;&gt;</a>&nbsp;&nbsp;&nbsp;app_uart_init
<LI><a href="#[1f]">&gt;&gt;</a>&nbsp;&nbsp;&nbsp;main
</UL>

<P><STRONG><a name="[f6]"></a>__aeabi_memcpy8</STRONG> (Thumb, 0 bytes, Stack size 0 bytes, memcpya.o(.text), UNUSED)

<P><STRONG><a name="[33]"></a>__aeabi_memset</STRONG> (Thumb, 14 bytes, Stack size 0 bytes, memseta.o(.text), UNUSED)
<BR><BR>[Called By]<UL><LI><a href="#[34]">&gt;&gt;</a>&nbsp;&nbsp;&nbsp;_memset$wrapper
<LI><a href="#[32]">&gt;&gt;</a>&nbsp;&nbsp;&nbsp;__aeabi_memclr
</UL>

<P><STRONG><a name="[f7]"></a>__aeabi_memset4</STRONG> (Thumb, 0 bytes, Stack size 0 bytes, memseta.o(.text), UNUSED)

<P><STRONG><a name="[f8]"></a>__aeabi_memset8</STRONG> (Thumb, 0 bytes, Stack size 0 bytes, memseta.o(.text), UNUSED)

<P><STRONG><a name="[32]"></a>__aeabi_memclr</STRONG> (Thumb, 4 bytes, Stack size 0 bytes, memseta.o(.text), UNUSED)
<BR><BR>[Calls]<UL><LI><a href="#[33]">&gt;&gt;</a>&nbsp;&nbsp;&nbsp;__aeabi_memset
</UL>

<P><STRONG><a name="[83]"></a>__aeabi_memclr4</STRONG> (Thumb, 0 bytes, Stack size 0 bytes, memseta.o(.text))
<BR><BR>[Called By]<UL><LI><a href="#[be]">&gt;&gt;</a>&nbsp;&nbsp;&nbsp;softdevice_enable_get_default_config
<LI><a href="#[86]">&gt;&gt;</a>&nbsp;&nbsp;&nbsp;ble_advertising_start
<LI><a href="#[82]">&gt;&gt;</a>&nbsp;&nbsp;&nbsp;ble_advertising_init
<LI><a href="#[1f]">&gt;&gt;</a>&nbsp;&nbsp;&nbsp;main
<LI><a href="#[97]">&gt;&gt;</a>&nbsp;&nbsp;&nbsp;tx_char_add
<LI><a href="#[96]">&gt;&gt;</a>&nbsp;&nbsp;&nbsp;rx_char_add
<LI><a href="#[e2]">&gt;&gt;</a>&nbsp;&nbsp;&nbsp;wiresendcommand
<LI><a href="#[3d]">&gt;&gt;</a>&nbsp;&nbsp;&nbsp;wirereaddata
</UL>

<P><STRONG><a name="[f9]"></a>__aeabi_memclr8</STRONG> (Thumb, 0 bytes, Stack size 0 bytes, memseta.o(.text), UNUSED)

<P><STRONG><a name="[34]"></a>_memset$wrapper</STRONG> (Thumb, 18 bytes, Stack size 8 bytes, memseta.o(.text), UNUSED)
<BR><BR>[Calls]<UL><LI><a href="#[33]">&gt;&gt;</a>&nbsp;&nbsp;&nbsp;__aeabi_memset
</UL>

<P><STRONG><a name="[af]"></a>strncmp</STRONG> (Thumb, 30 bytes, Stack size 12 bytes, strncmp.o(.text))
<BR><BR>[Stack]<UL><LI>Max Depth = 12<LI>Call Chain = strncmp
</UL>
<BR>[Called By]<UL><LI><a href="#[df]">&gt;&gt;</a>&nbsp;&nbsp;&nbsp;readackframe
<LI><a href="#[ad]">&gt;&gt;</a>&nbsp;&nbsp;&nbsp;getFirmwareVersion
</UL>

<P><STRONG><a name="[35]"></a>__aeabi_uldivmod</STRONG> (Thumb, 96 bytes, Stack size 48 bytes, uldiv.o(.text), UNUSED)
<BR><BR>[Calls]<UL><LI><a href="#[36]">&gt;&gt;</a>&nbsp;&nbsp;&nbsp;__aeabi_llsr
<LI><a href="#[37]">&gt;&gt;</a>&nbsp;&nbsp;&nbsp;__aeabi_llsl
</UL>
<BR>[Called By]<UL><LI><a href="#[50]">&gt;&gt;</a>&nbsp;&nbsp;&nbsp;_printf_core
</UL>

<P><STRONG><a name="[31]"></a>__scatterload</STRONG> (Thumb, 28 bytes, Stack size 0 bytes, init.o(.text))
<BR><BR>[Calls]<UL><LI><a href="#[38]">&gt;&gt;</a>&nbsp;&nbsp;&nbsp;__main_after_scatterload
</UL>
<BR>[Called By]<UL><LI><a href="#[30]">&gt;&gt;</a>&nbsp;&nbsp;&nbsp;_main_scatterload
</UL>

<P><STRONG><a name="[fa]"></a>__scatterload_rt2</STRONG> (Thumb, 0 bytes, Stack size 0 bytes, init.o(.text), UNUSED)

<P><STRONG><a name="[37]"></a>__aeabi_llsl</STRONG> (Thumb, 32 bytes, Stack size 8 bytes, llshl.o(.text), UNUSED)
<BR><BR>[Called By]<UL><LI><a href="#[35]">&gt;&gt;</a>&nbsp;&nbsp;&nbsp;__aeabi_uldivmod
</UL>

<P><STRONG><a name="[fb]"></a>_ll_shift_l</STRONG> (Thumb, 0 bytes, Stack size 8 bytes, llshl.o(.text), UNUSED)

<P><STRONG><a name="[36]"></a>__aeabi_llsr</STRONG> (Thumb, 34 bytes, Stack size 8 bytes, llushr.o(.text), UNUSED)
<BR><BR>[Called By]<UL><LI><a href="#[35]">&gt;&gt;</a>&nbsp;&nbsp;&nbsp;__aeabi_uldivmod
</UL>

<P><STRONG><a name="[fc]"></a>_ll_ushift_r</STRONG> (Thumb, 0 bytes, Stack size 8 bytes, llushr.o(.text), UNUSED)

<P><STRONG><a name="[39]"></a>CategoryBConfig</STRONG> (Thumb, 156 bytes, Stack size 48 bytes, pn532_i2c.o(i.CategoryBConfig))
<BR><BR>[Stack]<UL><LI>Max Depth = 356<LI>Call Chain = CategoryBConfig &rArr; sendCommandCheckAck &rArr; readackframe &rArr; wirereaddata &rArr; i2c_device_read_buffer &rArr; nrf_drv_twi_rx &rArr; nrf_drv_twi_xfer &rArr; twi_xfer &rArr; twi_tx_start_transfer &rArr; twi_transfer &rArr; twi_send_byte
</UL>
<BR>[Calls]<UL><LI><a href="#[3a]">&gt;&gt;</a>&nbsp;&nbsp;&nbsp;my_memset
<LI><a href="#[3d]">&gt;&gt;</a>&nbsp;&nbsp;&nbsp;wirereaddata
<LI><a href="#[3b]">&gt;&gt;</a>&nbsp;&nbsp;&nbsp;sendCommandCheckAck
<LI><a href="#[3c]">&gt;&gt;</a>&nbsp;&nbsp;&nbsp;nrf_delay_ms
</UL>
<BR>[Called By]<UL><LI><a href="#[d9]">&gt;&gt;</a>&nbsp;&nbsp;&nbsp;test_uid
</UL>

<P><STRONG><a name="[b]"></a>GPIOTE_IRQHandler</STRONG> (Thumb, 364 bytes, Stack size 64 bytes, nrf_drv_gpiote.o(i.GPIOTE_IRQHandler))
<BR><BR>[Stack]<UL><LI>Max Depth = 80<LI>Call Chain = GPIOTE_IRQHandler &rArr; nrf_gpio_ports_read
</UL>
<BR>[Calls]<UL><LI><a href="#[3e]">&gt;&gt;</a>&nbsp;&nbsp;&nbsp;nrf_gpiote_event_is_set
<LI><a href="#[3f]">&gt;&gt;</a>&nbsp;&nbsp;&nbsp;nrf_gpiote_event_clear
<LI><a href="#[40]">&gt;&gt;</a>&nbsp;&nbsp;&nbsp;nrf_gpio_ports_read
<LI><a href="#[43]">&gt;&gt;</a>&nbsp;&nbsp;&nbsp;nrf_gpio_cfg_sense_set
<LI><a href="#[41]">&gt;&gt;</a>&nbsp;&nbsp;&nbsp;nrf_bitmask_bit_is_set
<LI><a href="#[42]">&gt;&gt;</a>&nbsp;&nbsp;&nbsp;channel_port_get
</UL>
<BR>[Address Reference Count : 1]<UL><LI> arm_startup_nrf51.o(RESET)
</UL>
<P><STRONG><a name="[6]"></a>POWER_CLOCK_IRQHandler</STRONG> (Thumb, 70 bytes, Stack size 24 bytes, nrf_drv_clock.o(i.POWER_CLOCK_IRQHandler))
<BR><BR>[Stack]<UL><LI>Max Depth = 40<LI>Call Chain = POWER_CLOCK_IRQHandler &rArr; clock_clk_started_notify
</UL>
<BR>[Calls]<UL><LI><a href="#[44]">&gt;&gt;</a>&nbsp;&nbsp;&nbsp;nrf_clock_event_check
<LI><a href="#[45]">&gt;&gt;</a>&nbsp;&nbsp;&nbsp;clock_clk_started_notify
</UL>
<BR>[Address Reference Count : 1]<UL><LI> arm_startup_nrf51.o(RESET)
</UL>
<P><STRONG><a name="[16]"></a>RTC1_IRQHandler</STRONG> (Thumb, 28 bytes, Stack size 8 bytes, app_timer.o(i.RTC1_IRQHandler))
<BR><BR>[Stack]<UL><LI>Max Depth = 32<LI>Call Chain = RTC1_IRQHandler &rArr; timer_timeouts_check
</UL>
<BR>[Calls]<UL><LI><a href="#[46]">&gt;&gt;</a>&nbsp;&nbsp;&nbsp;timer_timeouts_check
</UL>
<BR>[Address Reference Count : 1]<UL><LI> arm_startup_nrf51.o(RESET)
</UL>
<P><STRONG><a name="[47]"></a>SAMConfig</STRONG> (Thumb, 54 bytes, Stack size 8 bytes, pn532_i2c.o(i.SAMConfig))
<BR><BR>[Stack]<UL><LI>Max Depth = 316<LI>Call Chain = SAMConfig &rArr; sendCommandCheckAck &rArr; readackframe &rArr; wirereaddata &rArr; i2c_device_read_buffer &rArr; nrf_drv_twi_rx &rArr; nrf_drv_twi_xfer &rArr; twi_xfer &rArr; twi_tx_start_transfer &rArr; twi_transfer &rArr; twi_send_byte
</UL>
<BR>[Calls]<UL><LI><a href="#[3d]">&gt;&gt;</a>&nbsp;&nbsp;&nbsp;wirereaddata
<LI><a href="#[3b]">&gt;&gt;</a>&nbsp;&nbsp;&nbsp;sendCommandCheckAck
</UL>
<BR>[Called By]<UL><LI><a href="#[c2]">&gt;&gt;</a>&nbsp;&nbsp;&nbsp;pn532_appliction
</UL>

<P><STRONG><a name="[a]"></a>SPI1_TWI1_IRQHandler</STRONG> (Thumb, 12 bytes, Stack size 8 bytes, nrf_drv_twi.o(i.SPI1_TWI1_IRQHandler))
<BR><BR>[Stack]<UL><LI>Max Depth = 164<LI>Call Chain = SPI1_TWI1_IRQHandler &rArr; irq_handler_twi &rArr; twi_tx_start_transfer &rArr; twi_transfer &rArr; twi_send_byte
</UL>
<BR>[Calls]<UL><LI><a href="#[48]">&gt;&gt;</a>&nbsp;&nbsp;&nbsp;irq_handler_twi
</UL>
<BR>[Address Reference Count : 1]<UL><LI> arm_startup_nrf51.o(RESET)
</UL>
<P><STRONG><a name="[19]"></a>SWI0_IRQHandler</STRONG> (Thumb, 8 bytes, Stack size 8 bytes, app_timer.o(i.SWI0_IRQHandler))
<BR><BR>[Stack]<UL><LI>Max Depth = 80<LI>Call Chain = SWI0_IRQHandler &rArr; timer_list_handler &rArr; compare_reg_update &rArr; rtc1_stop
</UL>
<BR>[Calls]<UL><LI><a href="#[49]">&gt;&gt;</a>&nbsp;&nbsp;&nbsp;timer_list_handler
</UL>
<BR>[Address Reference Count : 1]<UL><LI> arm_startup_nrf51.o(RESET)
</UL>
<P><STRONG><a name="[1b]"></a>SWI2_IRQHandler</STRONG> (Thumb, 20 bytes, Stack size 8 bytes, softdevice_handler.o(i.SWI2_IRQHandler))
<BR><BR>[Stack]<UL><LI>Max Depth = 56<LI>Call Chain = SWI2_IRQHandler &rArr; intern_softdevice_events_execute &rArr; nrf_drv_clock_on_soc_event &rArr; clock_clk_started_notify
</UL>
<BR>[Calls]<UL><LI><a href="#[4a]">&gt;&gt;</a>&nbsp;&nbsp;&nbsp;intern_softdevice_events_execute
</UL>
<BR>[Address Reference Count : 1]<UL><LI> arm_startup_nrf51.o(RESET)
</UL>
<P><STRONG><a name="[4b]"></a>SetParameters</STRONG> (Thumb, 66 bytes, Stack size 8 bytes, pn532_i2c.o(i.SetParameters))
<BR><BR>[Stack]<UL><LI>Max Depth = 316<LI>Call Chain = SetParameters &rArr; sendCommandCheckAck &rArr; readackframe &rArr; wirereaddata &rArr; i2c_device_read_buffer &rArr; nrf_drv_twi_rx &rArr; nrf_drv_twi_xfer &rArr; twi_xfer &rArr; twi_tx_start_transfer &rArr; twi_transfer &rArr; twi_send_byte
</UL>
<BR>[Calls]<UL><LI><a href="#[3a]">&gt;&gt;</a>&nbsp;&nbsp;&nbsp;my_memset
<LI><a href="#[3d]">&gt;&gt;</a>&nbsp;&nbsp;&nbsp;wirereaddata
<LI><a href="#[3b]">&gt;&gt;</a>&nbsp;&nbsp;&nbsp;sendCommandCheckAck
<LI><a href="#[3c]">&gt;&gt;</a>&nbsp;&nbsp;&nbsp;nrf_delay_ms
</UL>
<BR>[Called By]<UL><LI><a href="#[d9]">&gt;&gt;</a>&nbsp;&nbsp;&nbsp;test_uid
</UL>

<P><STRONG><a name="[4c]"></a>SetRFConfiguration</STRONG> (Thumb, 188 bytes, Stack size 24 bytes, pn532_i2c.o(i.SetRFConfiguration))
<BR><BR>[Stack]<UL><LI>Max Depth = 332<LI>Call Chain = SetRFConfiguration &rArr; sendCommandCheckAck &rArr; readackframe &rArr; wirereaddata &rArr; i2c_device_read_buffer &rArr; nrf_drv_twi_rx &rArr; nrf_drv_twi_xfer &rArr; twi_xfer &rArr; twi_tx_start_transfer &rArr; twi_transfer &rArr; twi_send_byte
</UL>
<BR>[Calls]<UL><LI><a href="#[3d]">&gt;&gt;</a>&nbsp;&nbsp;&nbsp;wirereaddata
<LI><a href="#[3b]">&gt;&gt;</a>&nbsp;&nbsp;&nbsp;sendCommandCheckAck
<LI><a href="#[3c]">&gt;&gt;</a>&nbsp;&nbsp;&nbsp;nrf_delay_ms
</UL>
<BR>[Called By]<UL><LI><a href="#[d9]">&gt;&gt;</a>&nbsp;&nbsp;&nbsp;test_uid
</UL>

<P><STRONG><a name="[20]"></a>SystemInit</STRONG> (Thumb, 130 bytes, Stack size 8 bytes, system_nrf51.o(i.SystemInit))
<BR><BR>[Stack]<UL><LI>Max Depth = 8<LI>Call Chain = SystemInit
</UL>
<BR>[Calls]<UL><LI><a href="#[4d]">&gt;&gt;</a>&nbsp;&nbsp;&nbsp;is_manual_peripheral_setup_needed
</UL>
<BR>[Address Reference Count : 1]<UL><LI> arm_startup_nrf51.o(.text)
</UL>
<P><STRONG><a name="[8]"></a>UART0_IRQHandler</STRONG> (Thumb, 12 bytes, Stack size 8 bytes, nrf_drv_uart.o(i.UART0_IRQHandler))
<BR><BR>[Stack]<UL><LI>Max Depth = 72<LI>Call Chain = UART0_IRQHandler &rArr; uart_irq_handler &rArr; tx_done_event
</UL>
<BR>[Calls]<UL><LI><a href="#[4e]">&gt;&gt;</a>&nbsp;&nbsp;&nbsp;uart_irq_handler
</UL>
<BR>[Address Reference Count : 1]<UL><LI> arm_startup_nrf51.o(RESET)
</UL>
<P><STRONG><a name="[4f]"></a>__0printf$8</STRONG> (Thumb, 24 bytes, Stack size 24 bytes, printf8.o(i.__0printf$8), UNUSED)
<BR><BR>[Calls]<UL><LI><a href="#[50]">&gt;&gt;</a>&nbsp;&nbsp;&nbsp;_printf_core
</UL>

<P><STRONG><a name="[fd]"></a>__1printf$8</STRONG> (Thumb, 0 bytes, Stack size 24 bytes, printf8.o(i.__0printf$8), UNUSED)

<P><STRONG><a name="[ae]"></a>__2printf</STRONG> (Thumb, 0 bytes, Stack size 24 bytes, printf8.o(i.__0printf$8))
<BR><BR>[Stack]<UL><LI>Max Depth = 24<LI>Call Chain = __2printf
</UL>
<BR>[Called By]<UL><LI><a href="#[c2]">&gt;&gt;</a>&nbsp;&nbsp;&nbsp;pn532_appliction
<LI><a href="#[a9]">&gt;&gt;</a>&nbsp;&nbsp;&nbsp;device_pn532_init
<LI><a href="#[d8]">&gt;&gt;</a>&nbsp;&nbsp;&nbsp;write_data_card
</UL>

<P><STRONG><a name="[89]"></a>__ARM_common_switch8</STRONG> (Thumb, 26 bytes, Stack size 8 bytes, bsp.o(i.__ARM_common_switch8))
<BR><BR>[Stack]<UL><LI>Max Depth = 8<LI>Call Chain = __ARM_common_switch8
</UL>
<BR>[Called By]<UL><LI><a href="#[a1]">&gt;&gt;</a>&nbsp;&nbsp;&nbsp;bsp_led_indication
<LI><a href="#[86]">&gt;&gt;</a>&nbsp;&nbsp;&nbsp;ble_advertising_start
</UL>

<P><STRONG><a name="[fe]"></a>__scatterload_copy</STRONG> (Thumb, 14 bytes, Stack size unknown bytes, handlers.o(i.__scatterload_copy), UNUSED)

<P><STRONG><a name="[ff]"></a>__scatterload_null</STRONG> (Thumb, 2 bytes, Stack size unknown bytes, handlers.o(i.__scatterload_null), UNUSED)

<P><STRONG><a name="[100]"></a>__scatterload_zeroinit</STRONG> (Thumb, 14 bytes, Stack size unknown bytes, handlers.o(i.__scatterload_zeroinit), UNUSED)

<P><STRONG><a name="[53]"></a>adv_data_encode</STRONG> (Thumb, 398 bytes, Stack size 48 bytes, ble_advdata.o(i.adv_data_encode))
<BR><BR>[Stack]<UL><LI>Max Depth = 144<LI>Call Chain = adv_data_encode &rArr; uuid_list_encode &rArr; uuid_list_sized_encode
</UL>
<BR>[Calls]<UL><LI><a href="#[56]">&gt;&gt;</a>&nbsp;&nbsp;&nbsp;uuid_list_encode
<LI><a href="#[55]">&gt;&gt;</a>&nbsp;&nbsp;&nbsp;uint16_encode
<LI><a href="#[59]">&gt;&gt;</a>&nbsp;&nbsp;&nbsp;service_data_encode
<LI><a href="#[5a]">&gt;&gt;</a>&nbsp;&nbsp;&nbsp;name_encode
<LI><a href="#[58]">&gt;&gt;</a>&nbsp;&nbsp;&nbsp;manuf_specific_data_encode
<LI><a href="#[57]">&gt;&gt;</a>&nbsp;&nbsp;&nbsp;conn_int_encode
<LI><a href="#[54]">&gt;&gt;</a>&nbsp;&nbsp;&nbsp;ble_device_addr_encode
</UL>
<BR>[Called By]<UL><LI><a href="#[81]">&gt;&gt;</a>&nbsp;&nbsp;&nbsp;ble_advdata_set
</UL>

<P><STRONG><a name="[5e]"></a>app_error_fault_handler</STRONG> (Thumb, 18 bytes, Stack size 0 bytes, app_error_weak.o(i.app_error_fault_handler))
<BR><BR>[Called By]<UL><LI><a href="#[5d]">&gt;&gt;</a>&nbsp;&nbsp;&nbsp;app_error_handler_bare
<LI><a href="#[2e]">&gt;&gt;</a>&nbsp;&nbsp;&nbsp;softdevice_fault_handler
</UL>

<P><STRONG><a name="[5d]"></a>app_error_handler_bare</STRONG> (Thumb, 20 bytes, Stack size 16 bytes, app_error.o(i.app_error_handler_bare))
<BR><BR>[Stack]<UL><LI>Max Depth = 16<LI>Call Chain = app_error_handler_bare
</UL>
<BR>[Calls]<UL><LI><a href="#[5e]">&gt;&gt;</a>&nbsp;&nbsp;&nbsp;app_error_fault_handler
</UL>
<BR>[Called By]<UL><LI><a href="#[28]">&gt;&gt;</a>&nbsp;&nbsp;&nbsp;uart_event_handle
<LI><a href="#[2d]">&gt;&gt;</a>&nbsp;&nbsp;&nbsp;conn_params_error_handler
<LI><a href="#[4a]">&gt;&gt;</a>&nbsp;&nbsp;&nbsp;intern_softdevice_events_execute
</UL>

<P><STRONG><a name="[5f]"></a>app_fifo_get</STRONG> (Thumb, 22 bytes, Stack size 8 bytes, app_fifo.o(i.app_fifo_get))
<BR><BR>[Stack]<UL><LI>Max Depth = 8<LI>Call Chain = app_fifo_get
</UL>
<BR>[Calls]<UL><LI><a href="#[60]">&gt;&gt;</a>&nbsp;&nbsp;&nbsp;fifo_get
</UL>
<BR>[Called By]<UL><LI><a href="#[74]">&gt;&gt;</a>&nbsp;&nbsp;&nbsp;app_uart_put
<LI><a href="#[6d]">&gt;&gt;</a>&nbsp;&nbsp;&nbsp;app_uart_get
<LI><a href="#[23]">&gt;&gt;</a>&nbsp;&nbsp;&nbsp;uart_event_handler
</UL>

<P><STRONG><a name="[70]"></a>app_fifo_init</STRONG> (Thumb, 36 bytes, Stack size 0 bytes, app_fifo.o(i.app_fifo_init))
<BR><BR>[Called By]<UL><LI><a href="#[6f]">&gt;&gt;</a>&nbsp;&nbsp;&nbsp;app_uart_init
</UL>

<P><STRONG><a name="[61]"></a>app_fifo_put</STRONG> (Thumb, 26 bytes, Stack size 8 bytes, app_fifo.o(i.app_fifo_put))
<BR><BR>[Stack]<UL><LI>Max Depth = 8<LI>Call Chain = app_fifo_put
</UL>
<BR>[Calls]<UL><LI><a href="#[62]">&gt;&gt;</a>&nbsp;&nbsp;&nbsp;fifo_put
</UL>
<BR>[Called By]<UL><LI><a href="#[74]">&gt;&gt;</a>&nbsp;&nbsp;&nbsp;app_uart_put
<LI><a href="#[23]">&gt;&gt;</a>&nbsp;&nbsp;&nbsp;uart_event_handler
</UL>

<P><STRONG><a name="[8e]"></a>app_timer_create</STRONG> (Thumb, 40 bytes, Stack size 0 bytes, app_timer.o(i.app_timer_create))
<BR><BR>[Called By]<UL><LI><a href="#[8c]">&gt;&gt;</a>&nbsp;&nbsp;&nbsp;ble_conn_params_init
<LI><a href="#[1f]">&gt;&gt;</a>&nbsp;&nbsp;&nbsp;main
<LI><a href="#[7b]">&gt;&gt;</a>&nbsp;&nbsp;&nbsp;low_power_pwm_init
</UL>

<P><STRONG><a name="[63]"></a>app_timer_init</STRONG> (Thumb, 98 bytes, Stack size 40 bytes, app_timer.o(i.app_timer_init))
<BR><BR>[Stack]<UL><LI>Max Depth = 56<LI>Call Chain = app_timer_init &rArr; rtc1_stop
</UL>
<BR>[Calls]<UL><LI><a href="#[64]">&gt;&gt;</a>&nbsp;&nbsp;&nbsp;rtc1_stop
<LI><a href="#[65]">&gt;&gt;</a>&nbsp;&nbsp;&nbsp;NVIC_SetPriority
</UL>
<BR>[Called By]<UL><LI><a href="#[1f]">&gt;&gt;</a>&nbsp;&nbsp;&nbsp;main
</UL>

<P><STRONG><a name="[66]"></a>app_timer_start</STRONG> (Thumb, 128 bytes, Stack size 32 bytes, app_timer.o(i.app_timer_start))
<BR><BR>[Stack]<UL><LI>Max Depth = 44<LI>Call Chain = app_timer_start &rArr; app_util_critical_region_enter
</UL>
<BR>[Calls]<UL><LI><a href="#[69]">&gt;&gt;</a>&nbsp;&nbsp;&nbsp;app_util_critical_region_exit
<LI><a href="#[67]">&gt;&gt;</a>&nbsp;&nbsp;&nbsp;app_util_critical_region_enter
<LI><a href="#[68]">&gt;&gt;</a>&nbsp;&nbsp;&nbsp;user_op_alloc
<LI><a href="#[6a]">&gt;&gt;</a>&nbsp;&nbsp;&nbsp;timer_list_handler_sched
</UL>
<BR>[Called By]<UL><LI><a href="#[a1]">&gt;&gt;</a>&nbsp;&nbsp;&nbsp;bsp_led_indication
<LI><a href="#[2f]">&gt;&gt;</a>&nbsp;&nbsp;&nbsp;bsp_button_event_handler
<LI><a href="#[1f]">&gt;&gt;</a>&nbsp;&nbsp;&nbsp;main
<LI><a href="#[91]">&gt;&gt;</a>&nbsp;&nbsp;&nbsp;conn_params_negotiation
<LI><a href="#[26]">&gt;&gt;</a>&nbsp;&nbsp;&nbsp;pwm_timeout_handler
</UL>

<P><STRONG><a name="[6b]"></a>app_timer_stop</STRONG> (Thumb, 36 bytes, Stack size 8 bytes, app_timer.o(i.app_timer_stop))
<BR><BR>[Stack]<UL><LI>Max Depth = 44<LI>Call Chain = app_timer_stop &rArr; timer_stop_op_schedule &rArr; app_util_critical_region_enter
</UL>
<BR>[Calls]<UL><LI><a href="#[6c]">&gt;&gt;</a>&nbsp;&nbsp;&nbsp;timer_stop_op_schedule
</UL>
<BR>[Called By]<UL><LI><a href="#[a1]">&gt;&gt;</a>&nbsp;&nbsp;&nbsp;bsp_led_indication
<LI><a href="#[2f]">&gt;&gt;</a>&nbsp;&nbsp;&nbsp;bsp_button_event_handler
<LI><a href="#[8f]">&gt;&gt;</a>&nbsp;&nbsp;&nbsp;ble_conn_params_on_ble_evt
<LI><a href="#[7f]">&gt;&gt;</a>&nbsp;&nbsp;&nbsp;low_power_pwm_stop
</UL>

<P><STRONG><a name="[6d]"></a>app_uart_get</STRONG> (Thumb, 38 bytes, Stack size 16 bytes, app_uart_fifo.o(i.app_uart_get))
<BR><BR>[Stack]<UL><LI>Max Depth = 76<LI>Call Chain = app_uart_get &rArr; nrf_drv_uart_rx &rArr; nrf_drv_uart_rx_for_uart &rArr; rx_byte
</UL>
<BR>[Calls]<UL><LI><a href="#[5f]">&gt;&gt;</a>&nbsp;&nbsp;&nbsp;app_fifo_get
<LI><a href="#[6e]">&gt;&gt;</a>&nbsp;&nbsp;&nbsp;nrf_drv_uart_rx
</UL>
<BR>[Called By]<UL><LI><a href="#[28]">&gt;&gt;</a>&nbsp;&nbsp;&nbsp;uart_event_handle
</UL>

<P><STRONG><a name="[6f]"></a>app_uart_init</STRONG> (Thumb, 160 bytes, Stack size 56 bytes, app_uart_fifo.o(i.app_uart_init))
<BR><BR>[Stack]<UL><LI>Max Depth = 136<LI>Call Chain = app_uart_init &rArr; nrf_drv_uart_init &rArr; apply_config &rArr; nrf_gpio_cfg_output &rArr; nrf_gpio_cfg
</UL>
<BR>[Calls]<UL><LI><a href="#[70]">&gt;&gt;</a>&nbsp;&nbsp;&nbsp;app_fifo_init
<LI><a href="#[73]">&gt;&gt;</a>&nbsp;&nbsp;&nbsp;nrf_drv_uart_rx_enable
<LI><a href="#[6e]">&gt;&gt;</a>&nbsp;&nbsp;&nbsp;nrf_drv_uart_rx
<LI><a href="#[72]">&gt;&gt;</a>&nbsp;&nbsp;&nbsp;nrf_drv_uart_init
<LI><a href="#[71]">&gt;&gt;</a>&nbsp;&nbsp;&nbsp;__aeabi_memcpy4
</UL>
<BR>[Called By]<UL><LI><a href="#[1f]">&gt;&gt;</a>&nbsp;&nbsp;&nbsp;main
</UL>

<P><STRONG><a name="[74]"></a>app_uart_put</STRONG> (Thumb, 56 bytes, Stack size 8 bytes, app_uart_fifo.o(i.app_uart_put))
<BR><BR>[Stack]<UL><LI>Max Depth = 48<LI>Call Chain = app_uart_put &rArr; nrf_drv_uart_tx &rArr; nrf_drv_uart_tx_for_uart
</UL>
<BR>[Calls]<UL><LI><a href="#[61]">&gt;&gt;</a>&nbsp;&nbsp;&nbsp;app_fifo_put
<LI><a href="#[5f]">&gt;&gt;</a>&nbsp;&nbsp;&nbsp;app_fifo_get
<LI><a href="#[75]">&gt;&gt;</a>&nbsp;&nbsp;&nbsp;nrf_drv_uart_tx_in_progress
<LI><a href="#[76]">&gt;&gt;</a>&nbsp;&nbsp;&nbsp;nrf_drv_uart_tx
</UL>
<BR>[Called By]<UL><LI><a href="#[2a]">&gt;&gt;</a>&nbsp;&nbsp;&nbsp;nus_data_handler
<LI><a href="#[22]">&gt;&gt;</a>&nbsp;&nbsp;&nbsp;fputc
</UL>

<P><STRONG><a name="[67]"></a>app_util_critical_region_enter</STRONG> (Thumb, 48 bytes, Stack size 12 bytes, app_util_platform.o(i.app_util_critical_region_enter))
<BR><BR>[Stack]<UL><LI>Max Depth = 12<LI>Call Chain = app_util_critical_region_enter
</UL>
<BR>[Called By]<UL><LI><a href="#[66]">&gt;&gt;</a>&nbsp;&nbsp;&nbsp;app_timer_start
<LI><a href="#[cb]">&gt;&gt;</a>&nbsp;&nbsp;&nbsp;nrf_drv_clock_on_sd_enable
<LI><a href="#[6c]">&gt;&gt;</a>&nbsp;&nbsp;&nbsp;timer_stop_op_schedule
</UL>

<P><STRONG><a name="[69]"></a>app_util_critical_region_exit</STRONG> (Thumb, 36 bytes, Stack size 0 bytes, app_util_platform.o(i.app_util_critical_region_exit))
<BR><BR>[Called By]<UL><LI><a href="#[66]">&gt;&gt;</a>&nbsp;&nbsp;&nbsp;app_timer_start
<LI><a href="#[cb]">&gt;&gt;</a>&nbsp;&nbsp;&nbsp;nrf_drv_clock_on_sd_enable
<LI><a href="#[6c]">&gt;&gt;</a>&nbsp;&nbsp;&nbsp;timer_stop_op_schedule
</UL>

<P><STRONG><a name="[7a]"></a>beep_gpio_init</STRONG> (Thumb, 68 bytes, Stack size 24 bytes, lock_gpio.o(i.beep_gpio_init))
<BR><BR>[Stack]<UL><LI>Max Depth = 100<LI>Call Chain = beep_gpio_init &rArr; low_power_pwm_start &rArr; pwm_timeout_handler &rArr; app_timer_start &rArr; app_util_critical_region_enter
</UL>
<BR>[Calls]<UL><LI><a href="#[7e]">&gt;&gt;</a>&nbsp;&nbsp;&nbsp;nrf_delay_ms
<LI><a href="#[7f]">&gt;&gt;</a>&nbsp;&nbsp;&nbsp;low_power_pwm_stop
<LI><a href="#[7d]">&gt;&gt;</a>&nbsp;&nbsp;&nbsp;low_power_pwm_start
<LI><a href="#[7b]">&gt;&gt;</a>&nbsp;&nbsp;&nbsp;low_power_pwm_init
<LI><a href="#[7c]">&gt;&gt;</a>&nbsp;&nbsp;&nbsp;low_power_pwm_duty_set
</UL>
<BR>[Called By]<UL><LI><a href="#[c1]">&gt;&gt;</a>&nbsp;&nbsp;&nbsp;qk_lock_init
</UL>

<P><STRONG><a name="[80]"></a>beep_test</STRONG> (Thumb, 26 bytes, Stack size 8 bytes, lock_gpio.o(i.beep_test))
<BR><BR>[Stack]<UL><LI>Max Depth = 84<LI>Call Chain = beep_test &rArr; low_power_pwm_start &rArr; pwm_timeout_handler &rArr; app_timer_start &rArr; app_util_critical_region_enter
</UL>
<BR>[Calls]<UL><LI><a href="#[7e]">&gt;&gt;</a>&nbsp;&nbsp;&nbsp;nrf_delay_ms
<LI><a href="#[7f]">&gt;&gt;</a>&nbsp;&nbsp;&nbsp;low_power_pwm_stop
<LI><a href="#[7d]">&gt;&gt;</a>&nbsp;&nbsp;&nbsp;low_power_pwm_start
</UL>
<BR>[Called By]<UL><LI><a href="#[1f]">&gt;&gt;</a>&nbsp;&nbsp;&nbsp;main
<LI><a href="#[d8]">&gt;&gt;</a>&nbsp;&nbsp;&nbsp;write_data_card
<LI><a href="#[d7]">&gt;&gt;</a>&nbsp;&nbsp;&nbsp;read_data_card
</UL>

<P><STRONG><a name="[81]"></a>ble_advdata_set</STRONG> (Thumb, 104 bytes, Stack size 96 bytes, ble_advdata.o(i.ble_advdata_set))
<BR><BR>[Stack]<UL><LI>Max Depth = 240<LI>Call Chain = ble_advdata_set &rArr; adv_data_encode &rArr; uuid_list_encode &rArr; uuid_list_sized_encode
</UL>
<BR>[Calls]<UL><LI><a href="#[53]">&gt;&gt;</a>&nbsp;&nbsp;&nbsp;adv_data_encode
</UL>
<BR>[Called By]<UL><LI><a href="#[8b]">&gt;&gt;</a>&nbsp;&nbsp;&nbsp;set_adv_mode_slow
<LI><a href="#[8a]">&gt;&gt;</a>&nbsp;&nbsp;&nbsp;set_adv_mode_fast
<LI><a href="#[82]">&gt;&gt;</a>&nbsp;&nbsp;&nbsp;ble_advertising_init
</UL>

<P><STRONG><a name="[82]"></a>ble_advertising_init</STRONG> (Thumb, 340 bytes, Stack size 40 bytes, ble_advertising.o(i.ble_advertising_init))
<BR><BR>[Stack]<UL><LI>Max Depth = 280<LI>Call Chain = ble_advertising_init &rArr; ble_advdata_set &rArr; adv_data_encode &rArr; uuid_list_encode &rArr; uuid_list_sized_encode
</UL>
<BR>[Calls]<UL><LI><a href="#[81]">&gt;&gt;</a>&nbsp;&nbsp;&nbsp;ble_advdata_set
<LI><a href="#[83]">&gt;&gt;</a>&nbsp;&nbsp;&nbsp;__aeabi_memclr4
<LI><a href="#[71]">&gt;&gt;</a>&nbsp;&nbsp;&nbsp;__aeabi_memcpy4
</UL>
<BR>[Called By]<UL><LI><a href="#[1f]">&gt;&gt;</a>&nbsp;&nbsp;&nbsp;main
</UL>

<P><STRONG><a name="[84]"></a>ble_advertising_on_ble_evt</STRONG> (Thumb, 82 bytes, Stack size 8 bytes, ble_advertising.o(i.ble_advertising_on_ble_evt))
<BR><BR>[Stack]<UL><LI>Max Depth = 320<LI>Call Chain = ble_advertising_on_ble_evt &rArr; ble_advertising_start &rArr; set_adv_mode_slow &rArr; ble_advdata_set &rArr; adv_data_encode &rArr; uuid_list_encode &rArr; uuid_list_sized_encode
</UL>
<BR>[Calls]<UL><LI><a href="#[86]">&gt;&gt;</a>&nbsp;&nbsp;&nbsp;ble_advertising_start
<LI><a href="#[85]">&gt;&gt;</a>&nbsp;&nbsp;&nbsp;__aeabi_uidivmod
</UL>
<BR>[Called By]<UL><LI><a href="#[29]">&gt;&gt;</a>&nbsp;&nbsp;&nbsp;ble_evt_dispatch
</UL>

<P><STRONG><a name="[86]"></a>ble_advertising_start</STRONG> (Thumb, 256 bytes, Stack size 56 bytes, ble_advertising.o(i.ble_advertising_start))
<BR><BR>[Stack]<UL><LI>Max Depth = 312<LI>Call Chain = ble_advertising_start &rArr; set_adv_mode_slow &rArr; ble_advdata_set &rArr; adv_data_encode &rArr; uuid_list_encode &rArr; uuid_list_sized_encode
</UL>
<BR>[Calls]<UL><LI><a href="#[8b]">&gt;&gt;</a>&nbsp;&nbsp;&nbsp;set_adv_mode_slow
<LI><a href="#[8a]">&gt;&gt;</a>&nbsp;&nbsp;&nbsp;set_adv_mode_fast
<LI><a href="#[88]">&gt;&gt;</a>&nbsp;&nbsp;&nbsp;adv_mode_next_avail_get
<LI><a href="#[89]">&gt;&gt;</a>&nbsp;&nbsp;&nbsp;__ARM_common_switch8
<LI><a href="#[87]">&gt;&gt;</a>&nbsp;&nbsp;&nbsp;fs_queued_op_count_get
<LI><a href="#[83]">&gt;&gt;</a>&nbsp;&nbsp;&nbsp;__aeabi_memclr4
</UL>
<BR>[Called By]<UL><LI><a href="#[84]">&gt;&gt;</a>&nbsp;&nbsp;&nbsp;ble_advertising_on_ble_evt
<LI><a href="#[1f]">&gt;&gt;</a>&nbsp;&nbsp;&nbsp;main
</UL>

<P><STRONG><a name="[8c]"></a>ble_conn_params_init</STRONG> (Thumb, 68 bytes, Stack size 16 bytes, ble_conn_params.o(i.ble_conn_params_init))
<BR><BR>[Stack]<UL><LI>Max Depth = 16<LI>Call Chain = ble_conn_params_init
</UL>
<BR>[Calls]<UL><LI><a href="#[8e]">&gt;&gt;</a>&nbsp;&nbsp;&nbsp;app_timer_create
<LI><a href="#[71]">&gt;&gt;</a>&nbsp;&nbsp;&nbsp;__aeabi_memcpy4
<LI><a href="#[8d]">&gt;&gt;</a>&nbsp;&nbsp;&nbsp;__aeabi_memcpy
</UL>
<BR>[Called By]<UL><LI><a href="#[1f]">&gt;&gt;</a>&nbsp;&nbsp;&nbsp;main
</UL>

<P><STRONG><a name="[8f]"></a>ble_conn_params_on_ble_evt</STRONG> (Thumb, 130 bytes, Stack size 24 bytes, ble_conn_params.o(i.ble_conn_params_on_ble_evt))
<BR><BR>[Stack]<UL><LI>Max Depth = 92<LI>Call Chain = ble_conn_params_on_ble_evt &rArr; conn_params_negotiation &rArr; app_timer_start &rArr; app_util_critical_region_enter
</UL>
<BR>[Calls]<UL><LI><a href="#[6b]">&gt;&gt;</a>&nbsp;&nbsp;&nbsp;app_timer_stop
<LI><a href="#[90]">&gt;&gt;</a>&nbsp;&nbsp;&nbsp;ble_srv_is_notification_enabled
<LI><a href="#[91]">&gt;&gt;</a>&nbsp;&nbsp;&nbsp;conn_params_negotiation
<LI><a href="#[8d]">&gt;&gt;</a>&nbsp;&nbsp;&nbsp;__aeabi_memcpy
</UL>
<BR>[Called By]<UL><LI><a href="#[29]">&gt;&gt;</a>&nbsp;&nbsp;&nbsp;ble_evt_dispatch
</UL>

<P><STRONG><a name="[95]"></a>ble_nus_init</STRONG> (Thumb, 98 bytes, Stack size 32 bytes, ble_nus.o(i.ble_nus_init))
<BR><BR>[Stack]<UL><LI>Max Depth = 112<LI>Call Chain = ble_nus_init &rArr; rx_char_add
</UL>
<BR>[Calls]<UL><LI><a href="#[97]">&gt;&gt;</a>&nbsp;&nbsp;&nbsp;tx_char_add
<LI><a href="#[96]">&gt;&gt;</a>&nbsp;&nbsp;&nbsp;rx_char_add
</UL>
<BR>[Called By]<UL><LI><a href="#[1f]">&gt;&gt;</a>&nbsp;&nbsp;&nbsp;main
</UL>

<P><STRONG><a name="[92]"></a>ble_nus_on_ble_evt</STRONG> (Thumb, 92 bytes, Stack size 8 bytes, ble_nus.o(i.ble_nus_on_ble_evt))
<BR><BR>[Stack]<UL><LI>Max Depth = 8<LI>Call Chain = ble_nus_on_ble_evt
</UL>
<BR>[Calls]<UL><LI><a href="#[90]">&gt;&gt;</a>&nbsp;&nbsp;&nbsp;ble_srv_is_notification_enabled
</UL>
<BR>[Called By]<UL><LI><a href="#[29]">&gt;&gt;</a>&nbsp;&nbsp;&nbsp;ble_evt_dispatch
</UL>

<P><STRONG><a name="[de]"></a>ble_nus_string_send</STRONG> (Thumb, 78 bytes, Stack size 32 bytes, ble_nus.o(i.ble_nus_string_send))
<BR><BR>[Stack]<UL><LI>Max Depth = 32<LI>Call Chain = ble_nus_string_send
</UL>
<BR>[Called By]<UL><LI><a href="#[d8]">&gt;&gt;</a>&nbsp;&nbsp;&nbsp;write_data_card
<LI><a href="#[d9]">&gt;&gt;</a>&nbsp;&nbsp;&nbsp;test_uid
<LI><a href="#[d7]">&gt;&gt;</a>&nbsp;&nbsp;&nbsp;read_data_card
</UL>

<P><STRONG><a name="[90]"></a>ble_srv_is_notification_enabled</STRONG> (Thumb, 14 bytes, Stack size 0 bytes, ble_srv_common.o(i.ble_srv_is_notification_enabled))
<BR><BR>[Called By]<UL><LI><a href="#[92]">&gt;&gt;</a>&nbsp;&nbsp;&nbsp;ble_nus_on_ble_evt
<LI><a href="#[8f]">&gt;&gt;</a>&nbsp;&nbsp;&nbsp;ble_conn_params_on_ble_evt
</UL>

<P><STRONG><a name="[a4]"></a>bsp_board_button_idx_to_pin</STRONG> (Thumb, 6 bytes, Stack size 0 bytes, boards.o(i.bsp_board_button_idx_to_pin))
<BR><BR>[Called By]<UL><LI><a href="#[9e]">&gt;&gt;</a>&nbsp;&nbsp;&nbsp;bsp_wakeup_button_enable
</UL>

<P><STRONG><a name="[a3]"></a>bsp_board_led_invert</STRONG> (Thumb, 24 bytes, Stack size 0 bytes, boards.o(i.bsp_board_led_invert))
<BR><BR>[Called By]<UL><LI><a href="#[a1]">&gt;&gt;</a>&nbsp;&nbsp;&nbsp;bsp_led_indication
</UL>

<P><STRONG><a name="[98]"></a>bsp_board_led_off</STRONG> (Thumb, 14 bytes, Stack size 8 bytes, boards.o(i.bsp_board_led_off))
<BR><BR>[Stack]<UL><LI>Max Depth = 8<LI>Call Chain = bsp_board_led_off
</UL>
<BR>[Calls]<UL><LI><a href="#[99]">&gt;&gt;</a>&nbsp;&nbsp;&nbsp;nrf_gpio_pin_write
</UL>
<BR>[Called By]<UL><LI><a href="#[a1]">&gt;&gt;</a>&nbsp;&nbsp;&nbsp;bsp_led_indication
<LI><a href="#[9b]">&gt;&gt;</a>&nbsp;&nbsp;&nbsp;bsp_board_leds_off
</UL>

<P><STRONG><a name="[9a]"></a>bsp_board_led_on</STRONG> (Thumb, 14 bytes, Stack size 8 bytes, boards.o(i.bsp_board_led_on))
<BR><BR>[Stack]<UL><LI>Max Depth = 8<LI>Call Chain = bsp_board_led_on
</UL>
<BR>[Calls]<UL><LI><a href="#[99]">&gt;&gt;</a>&nbsp;&nbsp;&nbsp;nrf_gpio_pin_write
</UL>
<BR>[Called By]<UL><LI><a href="#[a1]">&gt;&gt;</a>&nbsp;&nbsp;&nbsp;bsp_led_indication
<LI><a href="#[9c]">&gt;&gt;</a>&nbsp;&nbsp;&nbsp;bsp_board_leds_on
</UL>

<P><STRONG><a name="[a2]"></a>bsp_board_led_state_get</STRONG> (Thumb, 24 bytes, Stack size 0 bytes, boards.o(i.bsp_board_led_state_get))
<BR><BR>[Called By]<UL><LI><a href="#[a1]">&gt;&gt;</a>&nbsp;&nbsp;&nbsp;bsp_led_indication
</UL>

<P><STRONG><a name="[9b]"></a>bsp_board_leds_off</STRONG> (Thumb, 18 bytes, Stack size 8 bytes, boards.o(i.bsp_board_leds_off))
<BR><BR>[Stack]<UL><LI>Max Depth = 16<LI>Call Chain = bsp_board_leds_off &rArr; bsp_board_led_off
</UL>
<BR>[Calls]<UL><LI><a href="#[98]">&gt;&gt;</a>&nbsp;&nbsp;&nbsp;bsp_board_led_off
</UL>
<BR>[Called By]<UL><LI><a href="#[a1]">&gt;&gt;</a>&nbsp;&nbsp;&nbsp;bsp_led_indication
</UL>

<P><STRONG><a name="[9c]"></a>bsp_board_leds_on</STRONG> (Thumb, 18 bytes, Stack size 8 bytes, boards.o(i.bsp_board_leds_on))
<BR><BR>[Stack]<UL><LI>Max Depth = 16<LI>Call Chain = bsp_board_leds_on &rArr; bsp_board_led_on
</UL>
<BR>[Calls]<UL><LI><a href="#[9a]">&gt;&gt;</a>&nbsp;&nbsp;&nbsp;bsp_board_led_on
</UL>
<BR>[Called By]<UL><LI><a href="#[a1]">&gt;&gt;</a>&nbsp;&nbsp;&nbsp;bsp_led_indication
</UL>

<P><STRONG><a name="[9f]"></a>bsp_board_pin_to_button_idx</STRONG> (Thumb, 30 bytes, Stack size 8 bytes, boards.o(i.bsp_board_pin_to_button_idx))
<BR><BR>[Stack]<UL><LI>Max Depth = 8<LI>Call Chain = bsp_board_pin_to_button_idx
</UL>
<BR>[Called By]<UL><LI><a href="#[2f]">&gt;&gt;</a>&nbsp;&nbsp;&nbsp;bsp_button_event_handler
</UL>

<P><STRONG><a name="[94]"></a>bsp_btn_ble_on_ble_evt</STRONG> (Thumb, 114 bytes, Stack size 8 bytes, bsp_btn_ble.o(i.bsp_btn_ble_on_ble_evt))
<BR><BR>[Stack]<UL><LI>Max Depth = 32<LI>Call Chain = bsp_btn_ble_on_ble_evt &rArr; advertising_buttons_configure &rArr; bsp_event_to_button_action_assign
</UL>
<BR>[Calls]<UL><LI><a href="#[5b]">&gt;&gt;</a>&nbsp;&nbsp;&nbsp;advertising_buttons_configure
<LI><a href="#[5c]">&gt;&gt;</a>&nbsp;&nbsp;&nbsp;bsp_event_to_button_action_assign
</UL>
<BR>[Called By]<UL><LI><a href="#[29]">&gt;&gt;</a>&nbsp;&nbsp;&nbsp;ble_evt_dispatch
</UL>

<P><STRONG><a name="[9d]"></a>bsp_btn_ble_sleep_mode_prepare</STRONG> (Thumb, 34 bytes, Stack size 8 bytes, bsp_btn_ble.o(i.bsp_btn_ble_sleep_mode_prepare))
<BR><BR>[Stack]<UL><LI>Max Depth = 16<LI>Call Chain = bsp_btn_ble_sleep_mode_prepare &rArr; bsp_wakeup_button_enable
</UL>
<BR>[Calls]<UL><LI><a href="#[9e]">&gt;&gt;</a>&nbsp;&nbsp;&nbsp;bsp_wakeup_button_enable
</UL>
<BR>[Called By]<UL><LI><a href="#[d6]">&gt;&gt;</a>&nbsp;&nbsp;&nbsp;sleep_mode_enter
</UL>

<P><STRONG><a name="[5c]"></a>bsp_event_to_button_action_assign</STRONG> (Thumb, 66 bytes, Stack size 16 bytes, bsp.o(i.bsp_event_to_button_action_assign))
<BR><BR>[Stack]<UL><LI>Max Depth = 16<LI>Call Chain = bsp_event_to_button_action_assign
</UL>
<BR>[Called By]<UL><LI><a href="#[5b]">&gt;&gt;</a>&nbsp;&nbsp;&nbsp;advertising_buttons_configure
<LI><a href="#[94]">&gt;&gt;</a>&nbsp;&nbsp;&nbsp;bsp_btn_ble_on_ble_evt
</UL>

<P><STRONG><a name="[a0]"></a>bsp_indication_set</STRONG> (Thumb, 22 bytes, Stack size 8 bytes, bsp.o(i.bsp_indication_set))
<BR><BR>[Stack]<UL><LI>Max Depth = 76<LI>Call Chain = bsp_indication_set &rArr; bsp_led_indication &rArr; app_timer_stop &rArr; timer_stop_op_schedule &rArr; app_util_critical_region_enter
</UL>
<BR>[Calls]<UL><LI><a href="#[a1]">&gt;&gt;</a>&nbsp;&nbsp;&nbsp;bsp_led_indication
</UL>
<BR>[Called By]<UL><LI><a href="#[d6]">&gt;&gt;</a>&nbsp;&nbsp;&nbsp;sleep_mode_enter
<LI><a href="#[93]">&gt;&gt;</a>&nbsp;&nbsp;&nbsp;on_ble_evt
<LI><a href="#[2b]">&gt;&gt;</a>&nbsp;&nbsp;&nbsp;on_adv_evt
</UL>

<P><STRONG><a name="[9e]"></a>bsp_wakeup_button_enable</STRONG> (Thumb, 16 bytes, Stack size 8 bytes, bsp.o(i.bsp_wakeup_button_enable))
<BR><BR>[Stack]<UL><LI>Max Depth = 8<LI>Call Chain = bsp_wakeup_button_enable
</UL>
<BR>[Calls]<UL><LI><a href="#[a5]">&gt;&gt;</a>&nbsp;&nbsp;&nbsp;nrf_gpio_cfg_sense_set
<LI><a href="#[a4]">&gt;&gt;</a>&nbsp;&nbsp;&nbsp;bsp_board_button_idx_to_pin
</UL>
<BR>[Called By]<UL><LI><a href="#[9d]">&gt;&gt;</a>&nbsp;&nbsp;&nbsp;bsp_btn_ble_sleep_mode_prepare
</UL>

<P><STRONG><a name="[a9]"></a>device_pn532_init</STRONG> (Thumb, 80 bytes, Stack size 8 bytes, pn532_apply.o(i.device_pn532_init))
<BR><BR>[Stack]<UL><LI>Max Depth = 324<LI>Call Chain = device_pn532_init &rArr; getFirmwareVersion &rArr; sendCommandCheckAck &rArr; readackframe &rArr; wirereaddata &rArr; i2c_device_read_buffer &rArr; nrf_drv_twi_rx &rArr; nrf_drv_twi_xfer &rArr; twi_xfer &rArr; twi_tx_start_transfer &rArr; twi_transfer &rArr; twi_send_byte
</UL>
<BR>[Calls]<UL><LI><a href="#[ab]">&gt;&gt;</a>&nbsp;&nbsp;&nbsp;pn532_gpio_init
<LI><a href="#[aa]">&gt;&gt;</a>&nbsp;&nbsp;&nbsp;init_pnc523_i2c
<LI><a href="#[ad]">&gt;&gt;</a>&nbsp;&nbsp;&nbsp;getFirmwareVersion
<LI><a href="#[ac]">&gt;&gt;</a>&nbsp;&nbsp;&nbsp;nrf_delay_ms
<LI><a href="#[ae]">&gt;&gt;</a>&nbsp;&nbsp;&nbsp;__2printf
</UL>
<BR>[Called By]<UL><LI><a href="#[1f]">&gt;&gt;</a>&nbsp;&nbsp;&nbsp;main
</UL>

<P><STRONG><a name="[22]"></a>fputc</STRONG> (Thumb, 14 bytes, Stack size 8 bytes, retarget.o(i.fputc))
<BR><BR>[Stack]<UL><LI>Max Depth = 56<LI>Call Chain = fputc &rArr; app_uart_put &rArr; nrf_drv_uart_tx &rArr; nrf_drv_uart_tx_for_uart
</UL>
<BR>[Calls]<UL><LI><a href="#[74]">&gt;&gt;</a>&nbsp;&nbsp;&nbsp;app_uart_put
</UL>
<BR>[Address Reference Count : 1]<UL><LI> printf8.o(i.__0printf$8)
</UL>
<P><STRONG><a name="[87]"></a>fs_queued_op_count_get</STRONG> (Thumb, 18 bytes, Stack size 0 bytes, fstorage.o(i.fs_queued_op_count_get))
<BR><BR>[Called By]<UL><LI><a href="#[86]">&gt;&gt;</a>&nbsp;&nbsp;&nbsp;ble_advertising_start
</UL>

<P><STRONG><a name="[ad]"></a>getFirmwareVersion</STRONG> (Thumb, 78 bytes, Stack size 8 bytes, pn532_i2c.o(i.getFirmwareVersion))
<BR><BR>[Stack]<UL><LI>Max Depth = 316<LI>Call Chain = getFirmwareVersion &rArr; sendCommandCheckAck &rArr; readackframe &rArr; wirereaddata &rArr; i2c_device_read_buffer &rArr; nrf_drv_twi_rx &rArr; nrf_drv_twi_xfer &rArr; twi_xfer &rArr; twi_tx_start_transfer &rArr; twi_transfer &rArr; twi_send_byte
</UL>
<BR>[Calls]<UL><LI><a href="#[3d]">&gt;&gt;</a>&nbsp;&nbsp;&nbsp;wirereaddata
<LI><a href="#[3b]">&gt;&gt;</a>&nbsp;&nbsp;&nbsp;sendCommandCheckAck
<LI><a href="#[3c]">&gt;&gt;</a>&nbsp;&nbsp;&nbsp;nrf_delay_ms
<LI><a href="#[af]">&gt;&gt;</a>&nbsp;&nbsp;&nbsp;strncmp
</UL>
<BR>[Called By]<UL><LI><a href="#[a9]">&gt;&gt;</a>&nbsp;&nbsp;&nbsp;device_pn532_init
</UL>

<P><STRONG><a name="[b0]"></a>i2c_device_read_buffer</STRONG> (Thumb, 16 bytes, Stack size 8 bytes, pn532_i2c.o(i.i2c_device_read_buffer))
<BR><BR>[Stack]<UL><LI>Max Depth = 196<LI>Call Chain = i2c_device_read_buffer &rArr; nrf_drv_twi_rx &rArr; nrf_drv_twi_xfer &rArr; twi_xfer &rArr; twi_tx_start_transfer &rArr; twi_transfer &rArr; twi_send_byte
</UL>
<BR>[Calls]<UL><LI><a href="#[b1]">&gt;&gt;</a>&nbsp;&nbsp;&nbsp;nrf_drv_twi_rx
</UL>
<BR>[Called By]<UL><LI><a href="#[3d]">&gt;&gt;</a>&nbsp;&nbsp;&nbsp;wirereaddata
</UL>

<P><STRONG><a name="[b2]"></a>i2c_write_buffer</STRONG> (Thumb, 20 bytes, Stack size 8 bytes, pn532_i2c.o(i.i2c_write_buffer))
<BR><BR>[Stack]<UL><LI>Max Depth = 196<LI>Call Chain = i2c_write_buffer &rArr; nrf_drv_twi_tx &rArr; nrf_drv_twi_xfer &rArr; twi_xfer &rArr; twi_tx_start_transfer &rArr; twi_transfer &rArr; twi_send_byte
</UL>
<BR>[Calls]<UL><LI><a href="#[b3]">&gt;&gt;</a>&nbsp;&nbsp;&nbsp;nrf_drv_twi_tx
</UL>
<BR>[Called By]<UL><LI><a href="#[e2]">&gt;&gt;</a>&nbsp;&nbsp;&nbsp;wiresendcommand
</UL>

<P><STRONG><a name="[aa]"></a>init_pnc523_i2c</STRONG> (Thumb, 42 bytes, Stack size 24 bytes, pn532_i2c.o(i.init_pnc523_i2c))
<BR><BR>[Stack]<UL><LI>Max Depth = 72<LI>Call Chain = init_pnc523_i2c &rArr; nrf_drv_twi_init &rArr; twi_clear_bus
</UL>
<BR>[Calls]<UL><LI><a href="#[b4]">&gt;&gt;</a>&nbsp;&nbsp;&nbsp;nrf_drv_twi_init
<LI><a href="#[b5]">&gt;&gt;</a>&nbsp;&nbsp;&nbsp;nrf_drv_twi_enable
</UL>
<BR>[Called By]<UL><LI><a href="#[a9]">&gt;&gt;</a>&nbsp;&nbsp;&nbsp;device_pn532_init
</UL>

<P><STRONG><a name="[4a]"></a>intern_softdevice_events_execute</STRONG> (Thumb, 122 bytes, Stack size 24 bytes, softdevice_handler.o(i.intern_softdevice_events_execute))
<BR><BR>[Stack]<UL><LI>Max Depth = 48<LI>Call Chain = intern_softdevice_events_execute &rArr; nrf_drv_clock_on_soc_event &rArr; clock_clk_started_notify
</UL>
<BR>[Calls]<UL><LI><a href="#[5d]">&gt;&gt;</a>&nbsp;&nbsp;&nbsp;app_error_handler_bare
<LI><a href="#[b6]">&gt;&gt;</a>&nbsp;&nbsp;&nbsp;nrf_drv_clock_on_soc_event
</UL>
<BR>[Called By]<UL><LI><a href="#[1b]">&gt;&gt;</a>&nbsp;&nbsp;&nbsp;SWI2_IRQHandler
</UL>

<P><STRONG><a name="[7c]"></a>low_power_pwm_duty_set</STRONG> (Thumb, 16 bytes, Stack size 0 bytes, low_power_pwm.o(i.low_power_pwm_duty_set))
<BR><BR>[Called By]<UL><LI><a href="#[7a]">&gt;&gt;</a>&nbsp;&nbsp;&nbsp;beep_gpio_init
</UL>

<P><STRONG><a name="[7b]"></a>low_power_pwm_init</STRONG> (Thumb, 92 bytes, Stack size 16 bytes, low_power_pwm.o(i.low_power_pwm_init))
<BR><BR>[Stack]<UL><LI>Max Depth = 24<LI>Call Chain = low_power_pwm_init &rArr; led_off
</UL>
<BR>[Calls]<UL><LI><a href="#[8e]">&gt;&gt;</a>&nbsp;&nbsp;&nbsp;app_timer_create
<LI><a href="#[bc]">&gt;&gt;</a>&nbsp;&nbsp;&nbsp;led_off
</UL>
<BR>[Called By]<UL><LI><a href="#[7a]">&gt;&gt;</a>&nbsp;&nbsp;&nbsp;beep_gpio_init
</UL>

<P><STRONG><a name="[7d]"></a>low_power_pwm_start</STRONG> (Thumb, 38 bytes, Stack size 16 bytes, low_power_pwm.o(i.low_power_pwm_start))
<BR><BR>[Stack]<UL><LI>Max Depth = 76<LI>Call Chain = low_power_pwm_start &rArr; pwm_timeout_handler &rArr; app_timer_start &rArr; app_util_critical_region_enter
</UL>
<BR>[Calls]<UL><LI><a href="#[26]">&gt;&gt;</a>&nbsp;&nbsp;&nbsp;pwm_timeout_handler
<LI><a href="#[bc]">&gt;&gt;</a>&nbsp;&nbsp;&nbsp;led_off
</UL>
<BR>[Called By]<UL><LI><a href="#[80]">&gt;&gt;</a>&nbsp;&nbsp;&nbsp;beep_test
<LI><a href="#[7a]">&gt;&gt;</a>&nbsp;&nbsp;&nbsp;beep_gpio_init
</UL>

<P><STRONG><a name="[7f]"></a>low_power_pwm_stop</STRONG> (Thumb, 36 bytes, Stack size 16 bytes, low_power_pwm.o(i.low_power_pwm_stop))
<BR><BR>[Stack]<UL><LI>Max Depth = 60<LI>Call Chain = low_power_pwm_stop &rArr; app_timer_stop &rArr; timer_stop_op_schedule &rArr; app_util_critical_region_enter
</UL>
<BR>[Calls]<UL><LI><a href="#[6b]">&gt;&gt;</a>&nbsp;&nbsp;&nbsp;app_timer_stop
<LI><a href="#[bc]">&gt;&gt;</a>&nbsp;&nbsp;&nbsp;led_off
</UL>
<BR>[Called By]<UL><LI><a href="#[80]">&gt;&gt;</a>&nbsp;&nbsp;&nbsp;beep_test
<LI><a href="#[7a]">&gt;&gt;</a>&nbsp;&nbsp;&nbsp;beep_gpio_init
</UL>

<P><STRONG><a name="[1f]"></a>main</STRONG> (Thumb, 346 bytes, Stack size 160 bytes, main.o(i.main))
<BR><BR>[Stack]<UL><LI>Max Depth = 580<LI>Call Chain = main &rArr; pn532_appliction &rArr; write_data_card &rArr; readPassiveTargetID &rArr; sendCommandCheckAck &rArr; readackframe &rArr; wirereaddata &rArr; i2c_device_read_buffer &rArr; nrf_drv_twi_rx &rArr; nrf_drv_twi_xfer &rArr; twi_xfer &rArr; twi_tx_start_transfer &rArr; twi_transfer &rArr; twi_send_byte
</UL>
<BR>[Calls]<UL><LI><a href="#[bd]">&gt;&gt;</a>&nbsp;&nbsp;&nbsp;softdevice_handler_init
<LI><a href="#[be]">&gt;&gt;</a>&nbsp;&nbsp;&nbsp;softdevice_enable_get_default_config
<LI><a href="#[bf]">&gt;&gt;</a>&nbsp;&nbsp;&nbsp;softdevice_enable
<LI><a href="#[c0]">&gt;&gt;</a>&nbsp;&nbsp;&nbsp;softdevice_ble_evt_handler_set
<LI><a href="#[c1]">&gt;&gt;</a>&nbsp;&nbsp;&nbsp;qk_lock_init
<LI><a href="#[c2]">&gt;&gt;</a>&nbsp;&nbsp;&nbsp;pn532_appliction
<LI><a href="#[3a]">&gt;&gt;</a>&nbsp;&nbsp;&nbsp;my_memset
<LI><a href="#[a9]">&gt;&gt;</a>&nbsp;&nbsp;&nbsp;device_pn532_init
<LI><a href="#[95]">&gt;&gt;</a>&nbsp;&nbsp;&nbsp;ble_nus_init
<LI><a href="#[8c]">&gt;&gt;</a>&nbsp;&nbsp;&nbsp;ble_conn_params_init
<LI><a href="#[86]">&gt;&gt;</a>&nbsp;&nbsp;&nbsp;ble_advertising_start
<LI><a href="#[82]">&gt;&gt;</a>&nbsp;&nbsp;&nbsp;ble_advertising_init
<LI><a href="#[80]">&gt;&gt;</a>&nbsp;&nbsp;&nbsp;beep_test
<LI><a href="#[6f]">&gt;&gt;</a>&nbsp;&nbsp;&nbsp;app_uart_init
<LI><a href="#[66]">&gt;&gt;</a>&nbsp;&nbsp;&nbsp;app_timer_start
<LI><a href="#[63]">&gt;&gt;</a>&nbsp;&nbsp;&nbsp;app_timer_init
<LI><a href="#[8e]">&gt;&gt;</a>&nbsp;&nbsp;&nbsp;app_timer_create
<LI><a href="#[83]">&gt;&gt;</a>&nbsp;&nbsp;&nbsp;__aeabi_memclr4
<LI><a href="#[71]">&gt;&gt;</a>&nbsp;&nbsp;&nbsp;__aeabi_memcpy4
</UL>
<BR>[Address Reference Count : 1]<UL><LI> entry9a.o(.ARM.Collect$$$$0000000B)
</UL>
<P><STRONG><a name="[c3]"></a>mifareclassic_AuthenticateBlock</STRONG> (Thumb, 152 bytes, Stack size 24 bytes, pn532_i2c.o(i.mifareclassic_AuthenticateBlock))
<BR><BR>[Stack]<UL><LI>Max Depth = 332<LI>Call Chain = mifareclassic_AuthenticateBlock &rArr; sendCommandCheckAck &rArr; readackframe &rArr; wirereaddata &rArr; i2c_device_read_buffer &rArr; nrf_drv_twi_rx &rArr; nrf_drv_twi_xfer &rArr; twi_xfer &rArr; twi_tx_start_transfer &rArr; twi_transfer &rArr; twi_send_byte
</UL>
<BR>[Calls]<UL><LI><a href="#[3d]">&gt;&gt;</a>&nbsp;&nbsp;&nbsp;wirereaddata
<LI><a href="#[3b]">&gt;&gt;</a>&nbsp;&nbsp;&nbsp;sendCommandCheckAck
<LI><a href="#[3c]">&gt;&gt;</a>&nbsp;&nbsp;&nbsp;nrf_delay_ms
</UL>
<BR>[Called By]<UL><LI><a href="#[d8]">&gt;&gt;</a>&nbsp;&nbsp;&nbsp;write_data_card
</UL>

<P><STRONG><a name="[c4]"></a>mifareclassic_ReadDataBlock</STRONG> (Thumb, 76 bytes, Stack size 16 bytes, pn532_i2c.o(i.mifareclassic_ReadDataBlock))
<BR><BR>[Stack]<UL><LI>Max Depth = 324<LI>Call Chain = mifareclassic_ReadDataBlock &rArr; sendCommandCheckAck &rArr; readackframe &rArr; wirereaddata &rArr; i2c_device_read_buffer &rArr; nrf_drv_twi_rx &rArr; nrf_drv_twi_xfer &rArr; twi_xfer &rArr; twi_tx_start_transfer &rArr; twi_transfer &rArr; twi_send_byte
</UL>
<BR>[Calls]<UL><LI><a href="#[3d]">&gt;&gt;</a>&nbsp;&nbsp;&nbsp;wirereaddata
<LI><a href="#[3b]">&gt;&gt;</a>&nbsp;&nbsp;&nbsp;sendCommandCheckAck
<LI><a href="#[3c]">&gt;&gt;</a>&nbsp;&nbsp;&nbsp;nrf_delay_ms
<LI><a href="#[8d]">&gt;&gt;</a>&nbsp;&nbsp;&nbsp;__aeabi_memcpy
</UL>
<BR>[Called By]<UL><LI><a href="#[d8]">&gt;&gt;</a>&nbsp;&nbsp;&nbsp;write_data_card
</UL>

<P><STRONG><a name="[c5]"></a>mifareclassic_WriteDataBlock</STRONG> (Thumb, 60 bytes, Stack size 8 bytes, pn532_i2c.o(i.mifareclassic_WriteDataBlock))
<BR><BR>[Stack]<UL><LI>Max Depth = 316<LI>Call Chain = mifareclassic_WriteDataBlock &rArr; sendCommandCheckAck &rArr; readackframe &rArr; wirereaddata &rArr; i2c_device_read_buffer &rArr; nrf_drv_twi_rx &rArr; nrf_drv_twi_xfer &rArr; twi_xfer &rArr; twi_tx_start_transfer &rArr; twi_transfer &rArr; twi_send_byte
</UL>
<BR>[Calls]<UL><LI><a href="#[3d]">&gt;&gt;</a>&nbsp;&nbsp;&nbsp;wirereaddata
<LI><a href="#[3b]">&gt;&gt;</a>&nbsp;&nbsp;&nbsp;sendCommandCheckAck
<LI><a href="#[3c]">&gt;&gt;</a>&nbsp;&nbsp;&nbsp;nrf_delay_ms
<LI><a href="#[8d]">&gt;&gt;</a>&nbsp;&nbsp;&nbsp;__aeabi_memcpy
</UL>
<BR>[Called By]<UL><LI><a href="#[d8]">&gt;&gt;</a>&nbsp;&nbsp;&nbsp;write_data_card
</UL>

<P><STRONG><a name="[c6]"></a>mifareultralight_ReadPage</STRONG> (Thumb, 82 bytes, Stack size 16 bytes, pn532_i2c.o(i.mifareultralight_ReadPage))
<BR><BR>[Stack]<UL><LI>Max Depth = 324<LI>Call Chain = mifareultralight_ReadPage &rArr; sendCommandCheckAck &rArr; readackframe &rArr; wirereaddata &rArr; i2c_device_read_buffer &rArr; nrf_drv_twi_rx &rArr; nrf_drv_twi_xfer &rArr; twi_xfer &rArr; twi_tx_start_transfer &rArr; twi_transfer &rArr; twi_send_byte
</UL>
<BR>[Calls]<UL><LI><a href="#[3d]">&gt;&gt;</a>&nbsp;&nbsp;&nbsp;wirereaddata
<LI><a href="#[3b]">&gt;&gt;</a>&nbsp;&nbsp;&nbsp;sendCommandCheckAck
<LI><a href="#[c7]">&gt;&gt;</a>&nbsp;&nbsp;&nbsp;nrf_delay_us
<LI><a href="#[8d]">&gt;&gt;</a>&nbsp;&nbsp;&nbsp;__aeabi_memcpy
</UL>
<BR>[Called By]<UL><LI><a href="#[d8]">&gt;&gt;</a>&nbsp;&nbsp;&nbsp;write_data_card
<LI><a href="#[d7]">&gt;&gt;</a>&nbsp;&nbsp;&nbsp;read_data_card
</UL>

<P><STRONG><a name="[3a]"></a>my_memset</STRONG> (Thumb, 16 bytes, Stack size 8 bytes, pn532_i2c.o(i.my_memset))
<BR><BR>[Stack]<UL><LI>Max Depth = 8<LI>Call Chain = my_memset
</UL>
<BR>[Called By]<UL><LI><a href="#[1f]">&gt;&gt;</a>&nbsp;&nbsp;&nbsp;main
<LI><a href="#[dd]">&gt;&gt;</a>&nbsp;&nbsp;&nbsp;readTypeBuid
<LI><a href="#[4b]">&gt;&gt;</a>&nbsp;&nbsp;&nbsp;SetParameters
<LI><a href="#[39]">&gt;&gt;</a>&nbsp;&nbsp;&nbsp;CategoryBConfig
<LI><a href="#[d8]">&gt;&gt;</a>&nbsp;&nbsp;&nbsp;write_data_card
<LI><a href="#[d7]">&gt;&gt;</a>&nbsp;&nbsp;&nbsp;read_data_card
</UL>

<P><STRONG><a name="[c8]"></a>nrf_drv_clock_init</STRONG> (Thumb, 60 bytes, Stack size 16 bytes, nrf_drv_clock.o(i.nrf_drv_clock_init))
<BR><BR>[Stack]<UL><LI>Max Depth = 24<LI>Call Chain = nrf_drv_clock_init &rArr; nrf_drv_common_irq_enable
</UL>
<BR>[Calls]<UL><LI><a href="#[ca]">&gt;&gt;</a>&nbsp;&nbsp;&nbsp;softdevice_handler_is_enabled
<LI><a href="#[c9]">&gt;&gt;</a>&nbsp;&nbsp;&nbsp;nrf_drv_common_irq_enable
</UL>
<BR>[Called By]<UL><LI><a href="#[cb]">&gt;&gt;</a>&nbsp;&nbsp;&nbsp;nrf_drv_clock_on_sd_enable
</UL>

<P><STRONG><a name="[cb]"></a>nrf_drv_clock_on_sd_enable</STRONG> (Thumb, 46 bytes, Stack size 16 bytes, nrf_drv_clock.o(i.nrf_drv_clock_on_sd_enable))
<BR><BR>[Stack]<UL><LI>Max Depth = 40<LI>Call Chain = nrf_drv_clock_on_sd_enable &rArr; nrf_drv_clock_init &rArr; nrf_drv_common_irq_enable
</UL>
<BR>[Calls]<UL><LI><a href="#[69]">&gt;&gt;</a>&nbsp;&nbsp;&nbsp;app_util_critical_region_exit
<LI><a href="#[67]">&gt;&gt;</a>&nbsp;&nbsp;&nbsp;app_util_critical_region_enter
<LI><a href="#[c8]">&gt;&gt;</a>&nbsp;&nbsp;&nbsp;nrf_drv_clock_init
</UL>
<BR>[Called By]<UL><LI><a href="#[bd]">&gt;&gt;</a>&nbsp;&nbsp;&nbsp;softdevice_handler_init
</UL>

<P><STRONG><a name="[b6]"></a>nrf_drv_clock_on_soc_event</STRONG> (Thumb, 12 bytes, Stack size 8 bytes, nrf_drv_clock.o(i.nrf_drv_clock_on_soc_event))
<BR><BR>[Stack]<UL><LI>Max Depth = 24<LI>Call Chain = nrf_drv_clock_on_soc_event &rArr; clock_clk_started_notify
</UL>
<BR>[Calls]<UL><LI><a href="#[45]">&gt;&gt;</a>&nbsp;&nbsp;&nbsp;clock_clk_started_notify
</UL>
<BR>[Called By]<UL><LI><a href="#[4a]">&gt;&gt;</a>&nbsp;&nbsp;&nbsp;intern_softdevice_events_execute
</UL>

<P><STRONG><a name="[c9]"></a>nrf_drv_common_irq_enable</STRONG> (Thumb, 78 bytes, Stack size 8 bytes, nrf_drv_common.o(i.nrf_drv_common_irq_enable))
<BR><BR>[Stack]<UL><LI>Max Depth = 8<LI>Call Chain = nrf_drv_common_irq_enable
</UL>
<BR>[Called By]<UL><LI><a href="#[c8]">&gt;&gt;</a>&nbsp;&nbsp;&nbsp;nrf_drv_clock_init
<LI><a href="#[b4]">&gt;&gt;</a>&nbsp;&nbsp;&nbsp;nrf_drv_twi_init
<LI><a href="#[72]">&gt;&gt;</a>&nbsp;&nbsp;&nbsp;nrf_drv_uart_init
</UL>

<P><STRONG><a name="[b5]"></a>nrf_drv_twi_enable</STRONG> (Thumb, 28 bytes, Stack size 0 bytes, nrf_drv_twi.o(i.nrf_drv_twi_enable))
<BR><BR>[Called By]<UL><LI><a href="#[aa]">&gt;&gt;</a>&nbsp;&nbsp;&nbsp;init_pnc523_i2c
</UL>

<P><STRONG><a name="[b4]"></a>nrf_drv_twi_init</STRONG> (Thumb, 124 bytes, Stack size 24 bytes, nrf_drv_twi.o(i.nrf_drv_twi_init))
<BR><BR>[Stack]<UL><LI>Max Depth = 48<LI>Call Chain = nrf_drv_twi_init &rArr; twi_clear_bus
</UL>
<BR>[Calls]<UL><LI><a href="#[c9]">&gt;&gt;</a>&nbsp;&nbsp;&nbsp;nrf_drv_common_irq_enable
<LI><a href="#[cc]">&gt;&gt;</a>&nbsp;&nbsp;&nbsp;twi_clear_bus
</UL>
<BR>[Called By]<UL><LI><a href="#[aa]">&gt;&gt;</a>&nbsp;&nbsp;&nbsp;init_pnc523_i2c
</UL>

<P><STRONG><a name="[b1]"></a>nrf_drv_twi_rx</STRONG> (Thumb, 30 bytes, Stack size 24 bytes, nrf_drv_twi.o(i.nrf_drv_twi_rx))
<BR><BR>[Stack]<UL><LI>Max Depth = 188<LI>Call Chain = nrf_drv_twi_rx &rArr; nrf_drv_twi_xfer &rArr; twi_xfer &rArr; twi_tx_start_transfer &rArr; twi_transfer &rArr; twi_send_byte
</UL>
<BR>[Calls]<UL><LI><a href="#[cd]">&gt;&gt;</a>&nbsp;&nbsp;&nbsp;nrf_drv_twi_xfer
</UL>
<BR>[Called By]<UL><LI><a href="#[b0]">&gt;&gt;</a>&nbsp;&nbsp;&nbsp;i2c_device_read_buffer
</UL>

<P><STRONG><a name="[b3]"></a>nrf_drv_twi_tx</STRONG> (Thumb, 36 bytes, Stack size 24 bytes, nrf_drv_twi.o(i.nrf_drv_twi_tx))
<BR><BR>[Stack]<UL><LI>Max Depth = 188<LI>Call Chain = nrf_drv_twi_tx &rArr; nrf_drv_twi_xfer &rArr; twi_xfer &rArr; twi_tx_start_transfer &rArr; twi_transfer &rArr; twi_send_byte
</UL>
<BR>[Calls]<UL><LI><a href="#[cd]">&gt;&gt;</a>&nbsp;&nbsp;&nbsp;nrf_drv_twi_xfer
</UL>
<BR>[Called By]<UL><LI><a href="#[b2]">&gt;&gt;</a>&nbsp;&nbsp;&nbsp;i2c_write_buffer
</UL>

<P><STRONG><a name="[cd]"></a>nrf_drv_twi_xfer</STRONG> (Thumb, 36 bytes, Stack size 16 bytes, nrf_drv_twi.o(i.nrf_drv_twi_xfer))
<BR><BR>[Stack]<UL><LI>Max Depth = 164<LI>Call Chain = nrf_drv_twi_xfer &rArr; twi_xfer &rArr; twi_tx_start_transfer &rArr; twi_transfer &rArr; twi_send_byte
</UL>
<BR>[Calls]<UL><LI><a href="#[ce]">&gt;&gt;</a>&nbsp;&nbsp;&nbsp;twi_xfer
</UL>
<BR>[Called By]<UL><LI><a href="#[b3]">&gt;&gt;</a>&nbsp;&nbsp;&nbsp;nrf_drv_twi_tx
<LI><a href="#[b1]">&gt;&gt;</a>&nbsp;&nbsp;&nbsp;nrf_drv_twi_rx
</UL>

<P><STRONG><a name="[72]"></a>nrf_drv_uart_init</STRONG> (Thumb, 118 bytes, Stack size 24 bytes, nrf_drv_uart.o(i.nrf_drv_uart_init))
<BR><BR>[Stack]<UL><LI>Max Depth = 80<LI>Call Chain = nrf_drv_uart_init &rArr; apply_config &rArr; nrf_gpio_cfg_output &rArr; nrf_gpio_cfg
</UL>
<BR>[Calls]<UL><LI><a href="#[77]">&gt;&gt;</a>&nbsp;&nbsp;&nbsp;apply_config
<LI><a href="#[c9]">&gt;&gt;</a>&nbsp;&nbsp;&nbsp;nrf_drv_common_irq_enable
</UL>
<BR>[Called By]<UL><LI><a href="#[6f]">&gt;&gt;</a>&nbsp;&nbsp;&nbsp;app_uart_init
</UL>

<P><STRONG><a name="[6e]"></a>nrf_drv_uart_rx</STRONG> (Thumb, 86 bytes, Stack size 24 bytes, nrf_drv_uart.o(i.nrf_drv_uart_rx))
<BR><BR>[Stack]<UL><LI>Max Depth = 60<LI>Call Chain = nrf_drv_uart_rx &rArr; nrf_drv_uart_rx_for_uart &rArr; rx_byte
</UL>
<BR>[Calls]<UL><LI><a href="#[cf]">&gt;&gt;</a>&nbsp;&nbsp;&nbsp;nrf_drv_uart_rx_for_uart
</UL>
<BR>[Called By]<UL><LI><a href="#[6f]">&gt;&gt;</a>&nbsp;&nbsp;&nbsp;app_uart_init
<LI><a href="#[6d]">&gt;&gt;</a>&nbsp;&nbsp;&nbsp;app_uart_get
<LI><a href="#[23]">&gt;&gt;</a>&nbsp;&nbsp;&nbsp;uart_event_handler
</UL>

<P><STRONG><a name="[73]"></a>nrf_drv_uart_rx_enable</STRONG> (Thumb, 40 bytes, Stack size 16 bytes, nrf_drv_uart.o(i.nrf_drv_uart_rx_enable))
<BR><BR>[Stack]<UL><LI>Max Depth = 16<LI>Call Chain = nrf_drv_uart_rx_enable
</UL>
<BR>[Calls]<UL><LI><a href="#[d0]">&gt;&gt;</a>&nbsp;&nbsp;&nbsp;rx_enable
</UL>
<BR>[Called By]<UL><LI><a href="#[6f]">&gt;&gt;</a>&nbsp;&nbsp;&nbsp;app_uart_init
</UL>

<P><STRONG><a name="[76]"></a>nrf_drv_uart_tx</STRONG> (Thumb, 46 bytes, Stack size 16 bytes, nrf_drv_uart.o(i.nrf_drv_uart_tx))
<BR><BR>[Stack]<UL><LI>Max Depth = 40<LI>Call Chain = nrf_drv_uart_tx &rArr; nrf_drv_uart_tx_for_uart
</UL>
<BR>[Calls]<UL><LI><a href="#[d3]">&gt;&gt;</a>&nbsp;&nbsp;&nbsp;nrf_drv_uart_tx_for_uart
<LI><a href="#[75]">&gt;&gt;</a>&nbsp;&nbsp;&nbsp;nrf_drv_uart_tx_in_progress
</UL>
<BR>[Called By]<UL><LI><a href="#[74]">&gt;&gt;</a>&nbsp;&nbsp;&nbsp;app_uart_put
<LI><a href="#[23]">&gt;&gt;</a>&nbsp;&nbsp;&nbsp;uart_event_handler
</UL>

<P><STRONG><a name="[75]"></a>nrf_drv_uart_tx_in_progress</STRONG> (Thumb, 20 bytes, Stack size 0 bytes, nrf_drv_uart.o(i.nrf_drv_uart_tx_in_progress))
<BR><BR>[Called By]<UL><LI><a href="#[74]">&gt;&gt;</a>&nbsp;&nbsp;&nbsp;app_uart_put
<LI><a href="#[76]">&gt;&gt;</a>&nbsp;&nbsp;&nbsp;nrf_drv_uart_tx
</UL>

<P><STRONG><a name="[c2]"></a>pn532_appliction</STRONG> (Thumb, 60 bytes, Stack size 8 bytes, pn532_apply.o(i.pn532_appliction))
<BR><BR>[Stack]<UL><LI>Max Depth = 420<LI>Call Chain = pn532_appliction &rArr; write_data_card &rArr; readPassiveTargetID &rArr; sendCommandCheckAck &rArr; readackframe &rArr; wirereaddata &rArr; i2c_device_read_buffer &rArr; nrf_drv_twi_rx &rArr; nrf_drv_twi_xfer &rArr; twi_xfer &rArr; twi_tx_start_transfer &rArr; twi_transfer &rArr; twi_send_byte
</UL>
<BR>[Calls]<UL><LI><a href="#[47]">&gt;&gt;</a>&nbsp;&nbsp;&nbsp;SAMConfig
<LI><a href="#[d8]">&gt;&gt;</a>&nbsp;&nbsp;&nbsp;write_data_card
<LI><a href="#[d9]">&gt;&gt;</a>&nbsp;&nbsp;&nbsp;test_uid
<LI><a href="#[d7]">&gt;&gt;</a>&nbsp;&nbsp;&nbsp;read_data_card
<LI><a href="#[ae]">&gt;&gt;</a>&nbsp;&nbsp;&nbsp;__2printf
</UL>
<BR>[Called By]<UL><LI><a href="#[28]">&gt;&gt;</a>&nbsp;&nbsp;&nbsp;uart_event_handle
<LI><a href="#[1f]">&gt;&gt;</a>&nbsp;&nbsp;&nbsp;main
</UL>

<P><STRONG><a name="[ab]"></a>pn532_gpio_init</STRONG> (Thumb, 8 bytes, Stack size 0 bytes, pn532_i2c.o(i.pn532_gpio_init))
<BR><BR>[Called By]<UL><LI><a href="#[a9]">&gt;&gt;</a>&nbsp;&nbsp;&nbsp;device_pn532_init
</UL>

<P><STRONG><a name="[27]"></a>pn532_timeout_handler</STRONG> (Thumb, 2 bytes, Stack size 0 bytes, pn532_apply.o(i.pn532_timeout_handler))
<BR>[Address Reference Count : 1]<UL><LI> main.o(i.main)
</UL>
<P><STRONG><a name="[c1]"></a>qk_lock_init</STRONG> (Thumb, 8 bytes, Stack size 8 bytes, lock_gpio.o(i.qk_lock_init))
<BR><BR>[Stack]<UL><LI>Max Depth = 108<LI>Call Chain = qk_lock_init &rArr; beep_gpio_init &rArr; low_power_pwm_start &rArr; pwm_timeout_handler &rArr; app_timer_start &rArr; app_util_critical_region_enter
</UL>
<BR>[Calls]<UL><LI><a href="#[7a]">&gt;&gt;</a>&nbsp;&nbsp;&nbsp;beep_gpio_init
</UL>
<BR>[Called By]<UL><LI><a href="#[1f]">&gt;&gt;</a>&nbsp;&nbsp;&nbsp;main
</UL>

<P><STRONG><a name="[db]"></a>readPassiveTargetID</STRONG> (Thumb, 122 bytes, Stack size 40 bytes, pn532_i2c.o(i.readPassiveTargetID))
<BR><BR>[Stack]<UL><LI>Max Depth = 348<LI>Call Chain = readPassiveTargetID &rArr; sendCommandCheckAck &rArr; readackframe &rArr; wirereaddata &rArr; i2c_device_read_buffer &rArr; nrf_drv_twi_rx &rArr; nrf_drv_twi_xfer &rArr; twi_xfer &rArr; twi_tx_start_transfer &rArr; twi_transfer &rArr; twi_send_byte
</UL>
<BR>[Calls]<UL><LI><a href="#[dc]">&gt;&gt;</a>&nbsp;&nbsp;&nbsp;wirereadstatus
<LI><a href="#[3d]">&gt;&gt;</a>&nbsp;&nbsp;&nbsp;wirereaddata
<LI><a href="#[3b]">&gt;&gt;</a>&nbsp;&nbsp;&nbsp;sendCommandCheckAck
<LI><a href="#[c7]">&gt;&gt;</a>&nbsp;&nbsp;&nbsp;nrf_delay_us
<LI><a href="#[3c]">&gt;&gt;</a>&nbsp;&nbsp;&nbsp;nrf_delay_ms
</UL>
<BR>[Called By]<UL><LI><a href="#[d8]">&gt;&gt;</a>&nbsp;&nbsp;&nbsp;write_data_card
<LI><a href="#[d7]">&gt;&gt;</a>&nbsp;&nbsp;&nbsp;read_data_card
</UL>

<P><STRONG><a name="[dd]"></a>readTypeBuid</STRONG> (Thumb, 218 bytes, Stack size 64 bytes, pn532_i2c.o(i.readTypeBuid))
<BR><BR>[Stack]<UL><LI>Max Depth = 372<LI>Call Chain = readTypeBuid &rArr; sendCommandCheckAck &rArr; readackframe &rArr; wirereaddata &rArr; i2c_device_read_buffer &rArr; nrf_drv_twi_rx &rArr; nrf_drv_twi_xfer &rArr; twi_xfer &rArr; twi_tx_start_transfer &rArr; twi_transfer &rArr; twi_send_byte
</UL>
<BR>[Calls]<UL><LI><a href="#[3a]">&gt;&gt;</a>&nbsp;&nbsp;&nbsp;my_memset
<LI><a href="#[3d]">&gt;&gt;</a>&nbsp;&nbsp;&nbsp;wirereaddata
<LI><a href="#[3b]">&gt;&gt;</a>&nbsp;&nbsp;&nbsp;sendCommandCheckAck
<LI><a href="#[3c]">&gt;&gt;</a>&nbsp;&nbsp;&nbsp;nrf_delay_ms
</UL>
<BR>[Called By]<UL><LI><a href="#[d9]">&gt;&gt;</a>&nbsp;&nbsp;&nbsp;test_uid
</UL>

<P><STRONG><a name="[d7]"></a>read_data_card</STRONG> (Thumb, 84 bytes, Stack size 40 bytes, pn532_apply.o(i.read_data_card))
<BR><BR>[Stack]<UL><LI>Max Depth = 388<LI>Call Chain = read_data_card &rArr; readPassiveTargetID &rArr; sendCommandCheckAck &rArr; readackframe &rArr; wirereaddata &rArr; i2c_device_read_buffer &rArr; nrf_drv_twi_rx &rArr; nrf_drv_twi_xfer &rArr; twi_xfer &rArr; twi_tx_start_transfer &rArr; twi_transfer &rArr; twi_send_byte
</UL>
<BR>[Calls]<UL><LI><a href="#[3a]">&gt;&gt;</a>&nbsp;&nbsp;&nbsp;my_memset
<LI><a href="#[80]">&gt;&gt;</a>&nbsp;&nbsp;&nbsp;beep_test
<LI><a href="#[de]">&gt;&gt;</a>&nbsp;&nbsp;&nbsp;ble_nus_string_send
<LI><a href="#[db]">&gt;&gt;</a>&nbsp;&nbsp;&nbsp;readPassiveTargetID
<LI><a href="#[c6]">&gt;&gt;</a>&nbsp;&nbsp;&nbsp;mifareultralight_ReadPage
<LI><a href="#[ac]">&gt;&gt;</a>&nbsp;&nbsp;&nbsp;nrf_delay_ms
</UL>
<BR>[Called By]<UL><LI><a href="#[c2]">&gt;&gt;</a>&nbsp;&nbsp;&nbsp;pn532_appliction
</UL>

<P><STRONG><a name="[df]"></a>readackframe</STRONG> (Thumb, 32 bytes, Stack size 16 bytes, pn532_i2c.o(i.readackframe))
<BR><BR>[Stack]<UL><LI>Max Depth = 292<LI>Call Chain = readackframe &rArr; wirereaddata &rArr; i2c_device_read_buffer &rArr; nrf_drv_twi_rx &rArr; nrf_drv_twi_xfer &rArr; twi_xfer &rArr; twi_tx_start_transfer &rArr; twi_transfer &rArr; twi_send_byte
</UL>
<BR>[Calls]<UL><LI><a href="#[3d]">&gt;&gt;</a>&nbsp;&nbsp;&nbsp;wirereaddata
<LI><a href="#[af]">&gt;&gt;</a>&nbsp;&nbsp;&nbsp;strncmp
</UL>
<BR>[Called By]<UL><LI><a href="#[3b]">&gt;&gt;</a>&nbsp;&nbsp;&nbsp;sendCommandCheckAck
</UL>

<P><STRONG><a name="[3b]"></a>sendCommandCheckAck</STRONG> (Thumb, 54 bytes, Stack size 16 bytes, pn532_i2c.o(i.sendCommandCheckAck))
<BR><BR>[Stack]<UL><LI>Max Depth = 308<LI>Call Chain = sendCommandCheckAck &rArr; readackframe &rArr; wirereaddata &rArr; i2c_device_read_buffer &rArr; nrf_drv_twi_rx &rArr; nrf_drv_twi_xfer &rArr; twi_xfer &rArr; twi_tx_start_transfer &rArr; twi_transfer &rArr; twi_send_byte
</UL>
<BR>[Calls]<UL><LI><a href="#[e2]">&gt;&gt;</a>&nbsp;&nbsp;&nbsp;wiresendcommand
<LI><a href="#[dc]">&gt;&gt;</a>&nbsp;&nbsp;&nbsp;wirereadstatus
<LI><a href="#[df]">&gt;&gt;</a>&nbsp;&nbsp;&nbsp;readackframe
<LI><a href="#[c7]">&gt;&gt;</a>&nbsp;&nbsp;&nbsp;nrf_delay_us
</UL>
<BR>[Called By]<UL><LI><a href="#[dd]">&gt;&gt;</a>&nbsp;&nbsp;&nbsp;readTypeBuid
<LI><a href="#[db]">&gt;&gt;</a>&nbsp;&nbsp;&nbsp;readPassiveTargetID
<LI><a href="#[c6]">&gt;&gt;</a>&nbsp;&nbsp;&nbsp;mifareultralight_ReadPage
<LI><a href="#[c5]">&gt;&gt;</a>&nbsp;&nbsp;&nbsp;mifareclassic_WriteDataBlock
<LI><a href="#[c4]">&gt;&gt;</a>&nbsp;&nbsp;&nbsp;mifareclassic_ReadDataBlock
<LI><a href="#[c3]">&gt;&gt;</a>&nbsp;&nbsp;&nbsp;mifareclassic_AuthenticateBlock
<LI><a href="#[ad]">&gt;&gt;</a>&nbsp;&nbsp;&nbsp;getFirmwareVersion
<LI><a href="#[4c]">&gt;&gt;</a>&nbsp;&nbsp;&nbsp;SetRFConfiguration
<LI><a href="#[4b]">&gt;&gt;</a>&nbsp;&nbsp;&nbsp;SetParameters
<LI><a href="#[47]">&gt;&gt;</a>&nbsp;&nbsp;&nbsp;SAMConfig
<LI><a href="#[39]">&gt;&gt;</a>&nbsp;&nbsp;&nbsp;CategoryBConfig
</UL>

<P><STRONG><a name="[c0]"></a>softdevice_ble_evt_handler_set</STRONG> (Thumb, 16 bytes, Stack size 0 bytes, softdevice_handler.o(i.softdevice_ble_evt_handler_set))
<BR><BR>[Called By]<UL><LI><a href="#[1f]">&gt;&gt;</a>&nbsp;&nbsp;&nbsp;main
</UL>

<P><STRONG><a name="[bf]"></a>softdevice_enable</STRONG> (Thumb, 14 bytes, Stack size 16 bytes, softdevice_handler.o(i.softdevice_enable))
<BR><BR>[Stack]<UL><LI>Max Depth = 16<LI>Call Chain = softdevice_enable
</UL>
<BR>[Called By]<UL><LI><a href="#[1f]">&gt;&gt;</a>&nbsp;&nbsp;&nbsp;main
</UL>

<P><STRONG><a name="[be]"></a>softdevice_enable_get_default_config</STRONG> (Thumb, 40 bytes, Stack size 16 bytes, softdevice_handler.o(i.softdevice_enable_get_default_config))
<BR><BR>[Stack]<UL><LI>Max Depth = 16<LI>Call Chain = softdevice_enable_get_default_config
</UL>
<BR>[Calls]<UL><LI><a href="#[83]">&gt;&gt;</a>&nbsp;&nbsp;&nbsp;__aeabi_memclr4
</UL>
<BR>[Called By]<UL><LI><a href="#[1f]">&gt;&gt;</a>&nbsp;&nbsp;&nbsp;main
</UL>

<P><STRONG><a name="[2e]"></a>softdevice_fault_handler</STRONG> (Thumb, 8 bytes, Stack size 8 bytes, softdevice_handler.o(i.softdevice_fault_handler))
<BR><BR>[Stack]<UL><LI>Max Depth = 8<LI>Call Chain = softdevice_fault_handler
</UL>
<BR>[Calls]<UL><LI><a href="#[5e]">&gt;&gt;</a>&nbsp;&nbsp;&nbsp;app_error_fault_handler
</UL>
<BR>[Address Reference Count : 1]<UL><LI> softdevice_handler.o(i.softdevice_handler_init)
</UL>
<P><STRONG><a name="[bd]"></a>softdevice_handler_init</STRONG> (Thumb, 74 bytes, Stack size 24 bytes, softdevice_handler.o(i.softdevice_handler_init))
<BR><BR>[Stack]<UL><LI>Max Depth = 64<LI>Call Chain = softdevice_handler_init &rArr; nrf_drv_clock_on_sd_enable &rArr; nrf_drv_clock_init &rArr; nrf_drv_common_irq_enable
</UL>
<BR>[Calls]<UL><LI><a href="#[cb]">&gt;&gt;</a>&nbsp;&nbsp;&nbsp;nrf_drv_clock_on_sd_enable
<LI><a href="#[e0]">&gt;&gt;</a>&nbsp;&nbsp;&nbsp;sd_nvic_EnableIRQ
</UL>
<BR>[Called By]<UL><LI><a href="#[1f]">&gt;&gt;</a>&nbsp;&nbsp;&nbsp;main
</UL>

<P><STRONG><a name="[ca]"></a>softdevice_handler_is_enabled</STRONG> (Thumb, 6 bytes, Stack size 0 bytes, softdevice_handler.o(i.softdevice_handler_is_enabled))
<BR><BR>[Called By]<UL><LI><a href="#[c8]">&gt;&gt;</a>&nbsp;&nbsp;&nbsp;nrf_drv_clock_init
</UL>

<P><STRONG><a name="[d9]"></a>test_uid</STRONG> (Thumb, 64 bytes, Stack size 32 bytes, pn532_apply.o(i.test_uid))
<BR><BR>[Stack]<UL><LI>Max Depth = 404<LI>Call Chain = test_uid &rArr; readTypeBuid &rArr; sendCommandCheckAck &rArr; readackframe &rArr; wirereaddata &rArr; i2c_device_read_buffer &rArr; nrf_drv_twi_rx &rArr; nrf_drv_twi_xfer &rArr; twi_xfer &rArr; twi_tx_start_transfer &rArr; twi_transfer &rArr; twi_send_byte
</UL>
<BR>[Calls]<UL><LI><a href="#[de]">&gt;&gt;</a>&nbsp;&nbsp;&nbsp;ble_nus_string_send
<LI><a href="#[dd]">&gt;&gt;</a>&nbsp;&nbsp;&nbsp;readTypeBuid
<LI><a href="#[4c]">&gt;&gt;</a>&nbsp;&nbsp;&nbsp;SetRFConfiguration
<LI><a href="#[4b]">&gt;&gt;</a>&nbsp;&nbsp;&nbsp;SetParameters
<LI><a href="#[39]">&gt;&gt;</a>&nbsp;&nbsp;&nbsp;CategoryBConfig
</UL>
<BR>[Called By]<UL><LI><a href="#[c2]">&gt;&gt;</a>&nbsp;&nbsp;&nbsp;pn532_appliction
</UL>

<P><STRONG><a name="[28]"></a>uart_event_handle</STRONG> (Thumb, 70 bytes, Stack size 16 bytes, main.o(i.uart_event_handle))
<BR><BR>[Stack]<UL><LI>Max Depth = 436<LI>Call Chain = uart_event_handle &rArr; pn532_appliction &rArr; write_data_card &rArr; readPassiveTargetID &rArr; sendCommandCheckAck &rArr; readackframe &rArr; wirereaddata &rArr; i2c_device_read_buffer &rArr; nrf_drv_twi_rx &rArr; nrf_drv_twi_xfer &rArr; twi_xfer &rArr; twi_tx_start_transfer &rArr; twi_transfer &rArr; twi_send_byte
</UL>
<BR>[Calls]<UL><LI><a href="#[c2]">&gt;&gt;</a>&nbsp;&nbsp;&nbsp;pn532_appliction
<LI><a href="#[6d]">&gt;&gt;</a>&nbsp;&nbsp;&nbsp;app_uart_get
<LI><a href="#[5d]">&gt;&gt;</a>&nbsp;&nbsp;&nbsp;app_error_handler_bare
</UL>
<BR>[Address Reference Count : 1]<UL><LI> main.o(i.main)
</UL>
<P><STRONG><a name="[3d]"></a>wirereaddata</STRONG> (Thumb, 54 bytes, Stack size 80 bytes, pn532_i2c.o(i.wirereaddata))
<BR><BR>[Stack]<UL><LI>Max Depth = 276<LI>Call Chain = wirereaddata &rArr; i2c_device_read_buffer &rArr; nrf_drv_twi_rx &rArr; nrf_drv_twi_xfer &rArr; twi_xfer &rArr; twi_tx_start_transfer &rArr; twi_transfer &rArr; twi_send_byte
</UL>
<BR>[Calls]<UL><LI><a href="#[b0]">&gt;&gt;</a>&nbsp;&nbsp;&nbsp;i2c_device_read_buffer
<LI><a href="#[83]">&gt;&gt;</a>&nbsp;&nbsp;&nbsp;__aeabi_memclr4
</UL>
<BR>[Called By]<UL><LI><a href="#[df]">&gt;&gt;</a>&nbsp;&nbsp;&nbsp;readackframe
<LI><a href="#[dd]">&gt;&gt;</a>&nbsp;&nbsp;&nbsp;readTypeBuid
<LI><a href="#[db]">&gt;&gt;</a>&nbsp;&nbsp;&nbsp;readPassiveTargetID
<LI><a href="#[c6]">&gt;&gt;</a>&nbsp;&nbsp;&nbsp;mifareultralight_ReadPage
<LI><a href="#[c5]">&gt;&gt;</a>&nbsp;&nbsp;&nbsp;mifareclassic_WriteDataBlock
<LI><a href="#[c4]">&gt;&gt;</a>&nbsp;&nbsp;&nbsp;mifareclassic_ReadDataBlock
<LI><a href="#[c3]">&gt;&gt;</a>&nbsp;&nbsp;&nbsp;mifareclassic_AuthenticateBlock
<LI><a href="#[ad]">&gt;&gt;</a>&nbsp;&nbsp;&nbsp;getFirmwareVersion
<LI><a href="#[4c]">&gt;&gt;</a>&nbsp;&nbsp;&nbsp;SetRFConfiguration
<LI><a href="#[4b]">&gt;&gt;</a>&nbsp;&nbsp;&nbsp;SetParameters
<LI><a href="#[47]">&gt;&gt;</a>&nbsp;&nbsp;&nbsp;SAMConfig
<LI><a href="#[39]">&gt;&gt;</a>&nbsp;&nbsp;&nbsp;CategoryBConfig
</UL>

<P><STRONG><a name="[dc]"></a>wirereadstatus</STRONG> (Thumb, 20 bytes, Stack size 0 bytes, pn532_i2c.o(i.wirereadstatus))
[...]
</UL>
<BR>[Calls]<UL><LI><a href="#[d5]">&gt;&gt;</a>&nbsp;&nbsp;&nbsp;nrf_gpio_cfg
</UL>
<BR>[Called By]<UL><LI><a href="#[77]">&gt;&gt;</a>&nbsp;&nbsp;&nbsp;apply_config
</UL>

<P><STRONG><a name="[78]"></a>nrf_gpio_cfg_output</STRONG> (Thumb, 20 bytes, Stack size 16 bytes, nrf_drv_uart.o(i.nrf_gpio_cfg_output))
<BR><BR>[Stack]<UL><LI>Max Depth = 32<LI>Call Chain = nrf_gpio_cfg_output &rArr; nrf_gpio_cfg
</UL>
<BR>[Calls]<UL><LI><a href="#[d5]">&gt;&gt;</a>&nbsp;&nbsp;&nbsp;nrf_gpio_cfg
</UL>
<BR>[Called By]<UL><LI><a href="#[77]">&gt;&gt;</a>&nbsp;&nbsp;&nbsp;apply_config
</UL>

<P><STRONG><a name="[d1]"></a>nrf_uart_event_check</STRONG> (Thumb, 10 bytes, Stack size 0 bytes, nrf_drv_uart.o(i.nrf_uart_event_check))
<BR><BR>[Called By]<UL><LI><a href="#[4e]">&gt;&gt;</a>&nbsp;&nbsp;&nbsp;uart_irq_handler
<LI><a href="#[d3]">&gt;&gt;</a>&nbsp;&nbsp;&nbsp;nrf_drv_uart_tx_for_uart
<LI><a href="#[cf]">&gt;&gt;</a>&nbsp;&nbsp;&nbsp;nrf_drv_uart_rx_for_uart
</UL>

<P><STRONG><a name="[eb]"></a>nrf_uart_int_enable_check</STRONG> (Thumb, 16 bytes, Stack size 0 bytes, nrf_drv_uart.o(i.nrf_uart_int_enable_check))
<BR><BR>[Called By]<UL><LI><a href="#[4e]">&gt;&gt;</a>&nbsp;&nbsp;&nbsp;uart_irq_handler
</UL>

<P><STRONG><a name="[d2]"></a>rx_byte</STRONG> (Thumb, 38 bytes, Stack size 12 bytes, nrf_drv_uart.o(i.rx_byte))
<BR><BR>[Stack]<UL><LI>Max Depth = 12<LI>Call Chain = rx_byte
</UL>
<BR>[Called By]<UL><LI><a href="#[4e]">&gt;&gt;</a>&nbsp;&nbsp;&nbsp;uart_irq_handler
<LI><a href="#[cf]">&gt;&gt;</a>&nbsp;&nbsp;&nbsp;nrf_drv_uart_rx_for_uart
</UL>

<P><STRONG><a name="[ec]"></a>rx_done_event</STRONG> (Thumb, 20 bytes, Stack size 24 bytes, nrf_drv_uart.o(i.rx_done_event))
<BR><BR>[Stack]<UL><LI>Max Depth = 24<LI>Call Chain = rx_done_event
</UL>
<BR>[Called By]<UL><LI><a href="#[4e]">&gt;&gt;</a>&nbsp;&nbsp;&nbsp;uart_irq_handler
</UL>

<P><STRONG><a name="[d0]"></a>rx_enable</STRONG> (Thumb, 26 bytes, Stack size 0 bytes, nrf_drv_uart.o(i.rx_enable))
<BR><BR>[Called By]<UL><LI><a href="#[cf]">&gt;&gt;</a>&nbsp;&nbsp;&nbsp;nrf_drv_uart_rx_for_uart
<LI><a href="#[73]">&gt;&gt;</a>&nbsp;&nbsp;&nbsp;nrf_drv_uart_rx_enable
</UL>

<P><STRONG><a name="[d4]"></a>tx_byte</STRONG> (Thumb, 30 bytes, Stack size 0 bytes, nrf_drv_uart.o(i.tx_byte))
<BR><BR>[Called By]<UL><LI><a href="#[4e]">&gt;&gt;</a>&nbsp;&nbsp;&nbsp;uart_irq_handler
<LI><a href="#[d3]">&gt;&gt;</a>&nbsp;&nbsp;&nbsp;nrf_drv_uart_tx_for_uart
</UL>

<P><STRONG><a name="[ed]"></a>tx_done_event</STRONG> (Thumb, 24 bytes, Stack size 24 bytes, nrf_drv_uart.o(i.tx_done_event))
<BR><BR>[Stack]<UL><LI>Max Depth = 24<LI>Call Chain = tx_done_event
</UL>
<BR>[Called By]<UL><LI><a href="#[4e]">&gt;&gt;</a>&nbsp;&nbsp;&nbsp;uart_irq_handler
</UL>

<P><STRONG><a name="[4e]"></a>uart_irq_handler</STRONG> (Thumb, 296 bytes, Stack size 40 bytes, nrf_drv_uart.o(i.uart_irq_handler))
<BR><BR>[Stack]<UL><LI>Max Depth = 64<LI>Call Chain = uart_irq_handler &rArr; tx_done_event
</UL>
<BR>[Calls]<UL><LI><a href="#[ed]">&gt;&gt;</a>&nbsp;&nbsp;&nbsp;tx_done_event
<LI><a href="#[d4]">&gt;&gt;</a>&nbsp;&nbsp;&nbsp;tx_byte
<LI><a href="#[ec]">&gt;&gt;</a>&nbsp;&nbsp;&nbsp;rx_done_event
<LI><a href="#[d2]">&gt;&gt;</a>&nbsp;&nbsp;&nbsp;rx_byte
<LI><a href="#[eb]">&gt;&gt;</a>&nbsp;&nbsp;&nbsp;nrf_uart_int_enable_check
<LI><a href="#[d1]">&gt;&gt;</a>&nbsp;&nbsp;&nbsp;nrf_uart_event_check
</UL>
<BR>[Called By]<UL><LI><a href="#[8]">&gt;&gt;</a>&nbsp;&nbsp;&nbsp;UART0_IRQHandler
</UL>

<P><STRONG><a name="[48]"></a>irq_handler_twi</STRONG> (Thumb, 172 bytes, Stack size 32 bytes, nrf_drv_twi.o(i.irq_handler_twi))
<BR><BR>[Stack]<UL><LI>Max Depth = 156<LI>Call Chain = irq_handler_twi &rArr; twi_tx_start_transfer &rArr; twi_transfer &rArr; twi_send_byte
</UL>
<BR>[Calls]<UL><LI><a href="#[b9]">&gt;&gt;</a>&nbsp;&nbsp;&nbsp;twi_tx_start_transfer
<LI><a href="#[b7]">&gt;&gt;</a>&nbsp;&nbsp;&nbsp;twi_transfer
<LI><a href="#[b8]">&gt;&gt;</a>&nbsp;&nbsp;&nbsp;twi_rx_start_transfer
</UL>
<BR>[Called By]<UL><LI><a href="#[a]">&gt;&gt;</a>&nbsp;&nbsp;&nbsp;SPI1_TWI1_IRQHandler
</UL>

<P><STRONG><a name="[e7]"></a>nrf_delay_us</STRONG> (Thumb, 38 bytes, Stack size 0 bytes, nrf_drv_twi.o(i.nrf_delay_us))
<BR><BR>[Called By]<UL><LI><a href="#[cc]">&gt;&gt;</a>&nbsp;&nbsp;&nbsp;twi_clear_bus
</UL>

<P><STRONG><a name="[e6]"></a>nrf_gpio_pin_set</STRONG> (Thumb, 10 bytes, Stack size 0 bytes, nrf_drv_twi.o(i.nrf_gpio_pin_set))
<BR><BR>[Called By]<UL><LI><a href="#[cc]">&gt;&gt;</a>&nbsp;&nbsp;&nbsp;twi_clear_bus
</UL>

<P><STRONG><a name="[e9]"></a>nrf_twi_event_check</STRONG> (Thumb, 10 bytes, Stack size 0 bytes, nrf_drv_twi.o(i.nrf_twi_event_check))
<BR><BR>[Called By]<UL><LI><a href="#[b7]">&gt;&gt;</a>&nbsp;&nbsp;&nbsp;twi_transfer
</UL>

<P><STRONG><a name="[cc]"></a>twi_clear_bus</STRONG> (Thumb, 138 bytes, Stack size 24 bytes, nrf_drv_twi.o(i.twi_clear_bus))
<BR><BR>[Stack]<UL><LI>Max Depth = 24<LI>Call Chain = twi_clear_bus
</UL>
<BR>[Calls]<UL><LI><a href="#[e6]">&gt;&gt;</a>&nbsp;&nbsp;&nbsp;nrf_gpio_pin_set
<LI><a href="#[e7]">&gt;&gt;</a>&nbsp;&nbsp;&nbsp;nrf_delay_us
</UL>
<BR>[Called By]<UL><LI><a href="#[b4]">&gt;&gt;</a>&nbsp;&nbsp;&nbsp;nrf_drv_twi_init
</UL>

<P><STRONG><a name="[e8]"></a>twi_process_error</STRONG> (Thumb, 28 bytes, Stack size 0 bytes, nrf_drv_twi.o(i.twi_process_error))
<BR><BR>[Called By]<UL><LI><a href="#[b9]">&gt;&gt;</a>&nbsp;&nbsp;&nbsp;twi_tx_start_transfer
<LI><a href="#[b8]">&gt;&gt;</a>&nbsp;&nbsp;&nbsp;twi_rx_start_transfer
</UL>

<P><STRONG><a name="[b8]"></a>twi_rx_start_transfer</STRONG> (Thumb, 154 bytes, Stack size 56 bytes, nrf_drv_twi.o(i.twi_rx_start_transfer))
<BR><BR>[Stack]<UL><LI>Max Depth = 116<LI>Call Chain = twi_rx_start_transfer &rArr; twi_transfer &rArr; twi_send_byte
</UL>
<BR>[Calls]<UL><LI><a href="#[b7]">&gt;&gt;</a>&nbsp;&nbsp;&nbsp;twi_transfer
<LI><a href="#[e8]">&gt;&gt;</a>&nbsp;&nbsp;&nbsp;twi_process_error
</UL>
<BR>[Called By]<UL><LI><a href="#[ce]">&gt;&gt;</a>&nbsp;&nbsp;&nbsp;twi_xfer
<LI><a href="#[48]">&gt;&gt;</a>&nbsp;&nbsp;&nbsp;irq_handler_twi
</UL>

<P><STRONG><a name="[ea]"></a>twi_send_byte</STRONG> (Thumb, 46 bytes, Stack size 12 bytes, nrf_drv_twi.o(i.twi_send_byte))
<BR><BR>[Stack]<UL><LI>Max Depth = 12<LI>Call Chain = twi_send_byte
</UL>
<BR>[Called By]<UL><LI><a href="#[b9]">&gt;&gt;</a>&nbsp;&nbsp;&nbsp;twi_tx_start_transfer
<LI><a href="#[b7]">&gt;&gt;</a>&nbsp;&nbsp;&nbsp;twi_transfer
</UL>

<P><STRONG><a name="[b7]"></a>twi_transfer</STRONG> (Thumb, 264 bytes, Stack size 48 bytes, nrf_drv_twi.o(i.twi_transfer))
<BR><BR>[Stack]<UL><LI>Max Depth = 60<LI>Call Chain = twi_transfer &rArr; twi_send_byte
</UL>
<BR>[Calls]<UL><LI><a href="#[ea]">&gt;&gt;</a>&nbsp;&nbsp;&nbsp;twi_send_byte
<LI><a href="#[e9]">&gt;&gt;</a>&nbsp;&nbsp;&nbsp;nrf_twi_event_check
</UL>
<BR>[Called By]<UL><LI><a href="#[b9]">&gt;&gt;</a>&nbsp;&nbsp;&nbsp;twi_tx_start_transfer
<LI><a href="#[b8]">&gt;&gt;</a>&nbsp;&nbsp;&nbsp;twi_rx_start_transfer
<LI><a href="#[48]">&gt;&gt;</a>&nbsp;&nbsp;&nbsp;irq_handler_twi
</UL>

<P><STRONG><a name="[b9]"></a>twi_tx_start_transfer</STRONG> (Thumb, 152 bytes, Stack size 64 bytes, nrf_drv_twi.o(i.twi_tx_start_transfer))
<BR><BR>[Stack]<UL><LI>Max Depth = 124<LI>Call Chain = twi_tx_start_transfer &rArr; twi_transfer &rArr; twi_send_byte
</UL>
<BR>[Calls]<UL><LI><a href="#[b7]">&gt;&gt;</a>&nbsp;&nbsp;&nbsp;twi_transfer
<LI><a href="#[ea]">&gt;&gt;</a>&nbsp;&nbsp;&nbsp;twi_send_byte
<LI><a href="#[e8]">&gt;&gt;</a>&nbsp;&nbsp;&nbsp;twi_process_error
</UL>
<BR>[Called By]<UL><LI><a href="#[ce]">&gt;&gt;</a>&nbsp;&nbsp;&nbsp;twi_xfer
<LI><a href="#[48]">&gt;&gt;</a>&nbsp;&nbsp;&nbsp;irq_handler_twi
</UL>

<P><STRONG><a name="[ce]"></a>twi_xfer</STRONG> (Thumb, 140 bytes, Stack size 24 bytes, nrf_drv_twi.o(i.twi_xfer))
<BR><BR>[Stack]<UL><LI>Max Depth = 148<LI>Call Chain = twi_xfer &rArr; twi_tx_start_transfer &rArr; twi_transfer &rArr; twi_send_byte
</UL>
<BR>[Calls]<UL><LI><a href="#[b9]">&gt;&gt;</a>&nbsp;&nbsp;&nbsp;twi_tx_start_transfer
<LI><a href="#[b8]">&gt;&gt;</a>&nbsp;&nbsp;&nbsp;twi_rx_start_transfer
</UL>
<BR>[Called By]<UL><LI><a href="#[cd]">&gt;&gt;</a>&nbsp;&nbsp;&nbsp;nrf_drv_twi_xfer
</UL>

<P><STRONG><a name="[60]"></a>fifo_get</STRONG> (Thumb, 20 bytes, Stack size 0 bytes, app_fifo.o(i.fifo_get))
<BR><BR>[Called By]<UL><LI><a href="#[5f]">&gt;&gt;</a>&nbsp;&nbsp;&nbsp;app_fifo_get
</UL>

<P><STRONG><a name="[62]"></a>fifo_put</STRONG> (Thumb, 18 bytes, Stack size 0 bytes, app_fifo.o(i.fifo_put))
<BR><BR>[Called By]<UL><LI><a href="#[61]">&gt;&gt;</a>&nbsp;&nbsp;&nbsp;app_fifo_put
</UL>

<P><STRONG><a name="[65]"></a>NVIC_SetPriority</STRONG> (Thumb, 60 bytes, Stack size 0 bytes, app_timer.o(i.NVIC_SetPriority))
<BR><BR>[Called By]<UL><LI><a href="#[63]">&gt;&gt;</a>&nbsp;&nbsp;&nbsp;app_timer_init
</UL>

<P><STRONG><a name="[a6]"></a>compare_reg_update</STRONG> (Thumb, 142 bytes, Stack size 24 bytes, app_timer.o(i.compare_reg_update))
<BR><BR>[Stack]<UL><LI>Max Depth = 40<LI>Call Chain = compare_reg_update &rArr; rtc1_stop
</UL>
<BR>[Calls]<UL><LI><a href="#[64]">&gt;&gt;</a>&nbsp;&nbsp;&nbsp;rtc1_stop
<LI><a href="#[a7]">&gt;&gt;</a>&nbsp;&nbsp;&nbsp;nrf_delay_us
</UL>
<BR>[Called By]<UL><LI><a href="#[49]">&gt;&gt;</a>&nbsp;&nbsp;&nbsp;timer_list_handler
</UL>

<P><STRONG><a name="[e4]"></a>elapsed_ticks_acquire</STRONG> (Thumb, 58 bytes, Stack size 8 bytes, app_timer.o(i.elapsed_ticks_acquire))
<BR><BR>[Stack]<UL><LI>Max Depth = 8<LI>Call Chain = elapsed_ticks_acquire
</UL>
<BR>[Called By]<UL><LI><a href="#[49]">&gt;&gt;</a>&nbsp;&nbsp;&nbsp;timer_list_handler
</UL>

<P><STRONG><a name="[e5]"></a>list_deletions_handler</STRONG> (Thumb, 162 bytes, Stack size 20 bytes, app_timer.o(i.list_deletions_handler))
<BR><BR>[Stack]<UL><LI>Max Depth = 20<LI>Call Chain = list_deletions_handler
</UL>
<BR>[Called By]<UL><LI><a href="#[49]">&gt;&gt;</a>&nbsp;&nbsp;&nbsp;timer_list_handler
</UL>

<P><STRONG><a name="[ba]"></a>list_insertions_handler</STRONG> (Thumb, 178 bytes, Stack size 24 bytes, app_timer.o(i.list_insertions_handler))
<BR><BR>[Stack]<UL><LI>Max Depth = 32<LI>Call Chain = list_insertions_handler &rArr; timer_list_insert
</UL>
<BR>[Calls]<UL><LI><a href="#[bb]">&gt;&gt;</a>&nbsp;&nbsp;&nbsp;timer_list_insert
</UL>
<BR>[Called By]<UL><LI><a href="#[49]">&gt;&gt;</a>&nbsp;&nbsp;&nbsp;timer_list_handler
</UL>

<P><STRONG><a name="[a7]"></a>nrf_delay_us</STRONG> (Thumb, 38 bytes, Stack size 0 bytes, app_timer.o(i.nrf_delay_us))
<BR><BR>[Called By]<UL><LI><a href="#[64]">&gt;&gt;</a>&nbsp;&nbsp;&nbsp;rtc1_stop
<LI><a href="#[a6]">&gt;&gt;</a>&nbsp;&nbsp;&nbsp;compare_reg_update
</UL>

<P><STRONG><a name="[64]"></a>rtc1_stop</STRONG> (Thumb, 50 bytes, Stack size 16 bytes, app_timer.o(i.rtc1_stop))
<BR><BR>[Stack]<UL><LI>Max Depth = 16<LI>Call Chain = rtc1_stop
</UL>
<BR>[Calls]<UL><LI><a href="#[a7]">&gt;&gt;</a>&nbsp;&nbsp;&nbsp;nrf_delay_us
</UL>
<BR>[Called By]<UL><LI><a href="#[63]">&gt;&gt;</a>&nbsp;&nbsp;&nbsp;app_timer_init
<LI><a href="#[a6]">&gt;&gt;</a>&nbsp;&nbsp;&nbsp;compare_reg_update
</UL>

<P><STRONG><a name="[49]"></a>timer_list_handler</STRONG> (Thumb, 128 bytes, Stack size 32 bytes, app_timer.o(i.timer_list_handler))
<BR><BR>[Stack]<UL><LI>Max Depth = 72<LI>Call Chain = timer_list_handler &rArr; compare_reg_update &rArr; rtc1_stop
</UL>
<BR>[Calls]<UL><LI><a href="#[ba]">&gt;&gt;</a>&nbsp;&nbsp;&nbsp;list_insertions_handler
<LI><a href="#[e5]">&gt;&gt;</a>&nbsp;&nbsp;&nbsp;list_deletions_handler
<LI><a href="#[e4]">&gt;&gt;</a>&nbsp;&nbsp;&nbsp;elapsed_ticks_acquire
<LI><a href="#[a6]">&gt;&gt;</a>&nbsp;&nbsp;&nbsp;compare_reg_update
</UL>
<BR>[Called By]<UL><LI><a href="#[19]">&gt;&gt;</a>&nbsp;&nbsp;&nbsp;SWI0_IRQHandler
</UL>

<P><STRONG><a name="[6a]"></a>timer_list_handler_sched</STRONG> (Thumb, 10 bytes, Stack size 0 bytes, app_timer.o(i.timer_list_handler_sched))
<BR><BR>[Called By]<UL><LI><a href="#[66]">&gt;&gt;</a>&nbsp;&nbsp;&nbsp;app_timer_start
<LI><a href="#[46]">&gt;&gt;</a>&nbsp;&nbsp;&nbsp;timer_timeouts_check
<LI><a href="#[6c]">&gt;&gt;</a>&nbsp;&nbsp;&nbsp;timer_stop_op_schedule
</UL>

<P><STRONG><a name="[bb]"></a>timer_list_insert</STRONG> (Thumb, 60 bytes, Stack size 8 bytes, app_timer.o(i.timer_list_insert))
<BR><BR>[Stack]<UL><LI>Max Depth = 8<LI>Call Chain = timer_list_insert
</UL>
<BR>[Called By]<UL><LI><a href="#[ba]">&gt;&gt;</a>&nbsp;&nbsp;&nbsp;list_insertions_handler
</UL>

<P><STRONG><a name="[6c]"></a>timer_stop_op_schedule</STRONG> (Thumb, 68 bytes, Stack size 24 bytes, app_timer.o(i.timer_stop_op_schedule))
<BR><BR>[Stack]<UL><LI>Max Depth = 36<LI>Call Chain = timer_stop_op_schedule &rArr; app_util_critical_region_enter
</UL>
<BR>[Calls]<UL><LI><a href="#[69]">&gt;&gt;</a>&nbsp;&nbsp;&nbsp;app_util_critical_region_exit
<LI><a href="#[67]">&gt;&gt;</a>&nbsp;&nbsp;&nbsp;app_util_critical_region_enter
<LI><a href="#[68]">&gt;&gt;</a>&nbsp;&nbsp;&nbsp;user_op_alloc
<LI><a href="#[6a]">&gt;&gt;</a>&nbsp;&nbsp;&nbsp;timer_list_handler_sched
</UL>
<BR>[Called By]<UL><LI><a href="#[6b]">&gt;&gt;</a>&nbsp;&nbsp;&nbsp;app_timer_stop
</UL>

<P><STRONG><a name="[46]"></a>timer_timeouts_check</STRONG> (Thumb, 110 bytes, Stack size 24 bytes, app_timer.o(i.timer_timeouts_check))
<BR><BR>[Stack]<UL><LI>Max Depth = 24<LI>Call Chain = timer_timeouts_check
</UL>
<BR>[Calls]<UL><LI><a href="#[6a]">&gt;&gt;</a>&nbsp;&nbsp;&nbsp;timer_list_handler_sched
</UL>
<BR>[Called By]<UL><LI><a href="#[16]">&gt;&gt;</a>&nbsp;&nbsp;&nbsp;RTC1_IRQHandler
</UL>

<P><STRONG><a name="[68]"></a>user_op_alloc</STRONG> (Thumb, 40 bytes, Stack size 8 bytes, app_timer.o(i.user_op_alloc))
<BR><BR>[Stack]<UL><LI>Max Depth = 8<LI>Call Chain = user_op_alloc
</UL>
<BR>[Called By]<UL><LI><a href="#[66]">&gt;&gt;</a>&nbsp;&nbsp;&nbsp;app_timer_start
<LI><a href="#[6c]">&gt;&gt;</a>&nbsp;&nbsp;&nbsp;timer_stop_op_schedule
</UL>

<P><STRONG><a name="[23]"></a>uart_event_handler</STRONG> (Thumb, 158 bytes, Stack size 24 bytes, app_uart_fifo.o(i.uart_event_handler))
<BR><BR>[Stack]<UL><LI>Max Depth = 84<LI>Call Chain = uart_event_handler &rArr; nrf_drv_uart_rx &rArr; nrf_drv_uart_rx_for_uart &rArr; rx_byte
</UL>
<BR>[Calls]<UL><LI><a href="#[61]">&gt;&gt;</a>&nbsp;&nbsp;&nbsp;app_fifo_put
<LI><a href="#[5f]">&gt;&gt;</a>&nbsp;&nbsp;&nbsp;app_fifo_get
<LI><a href="#[76]">&gt;&gt;</a>&nbsp;&nbsp;&nbsp;nrf_drv_uart_tx
<LI><a href="#[6e]">&gt;&gt;</a>&nbsp;&nbsp;&nbsp;nrf_drv_uart_rx
</UL>
<BR>[Address Reference Count : 1]<UL><LI> app_uart_fifo.o(i.app_uart_init)
</UL>
<P><STRONG><a name="[bc]"></a>led_off</STRONG> (Thumb, 30 bytes, Stack size 8 bytes, low_power_pwm.o(i.led_off))
<BR><BR>[Stack]<UL><LI>Max Depth = 8<LI>Call Chain = led_off
</UL>
<BR>[Called By]<UL><LI><a href="#[7f]">&gt;&gt;</a>&nbsp;&nbsp;&nbsp;low_power_pwm_stop
<LI><a href="#[7d]">&gt;&gt;</a>&nbsp;&nbsp;&nbsp;low_power_pwm_start
<LI><a href="#[7b]">&gt;&gt;</a>&nbsp;&nbsp;&nbsp;low_power_pwm_init
<LI><a href="#[26]">&gt;&gt;</a>&nbsp;&nbsp;&nbsp;pwm_timeout_handler
</UL>

<P><STRONG><a name="[da]"></a>led_on</STRONG> (Thumb, 30 bytes, Stack size 8 bytes, low_power_pwm.o(i.led_on))
<BR><BR>[Stack]<UL><LI>Max Depth = 8<LI>Call Chain = led_on
</UL>
<BR>[Called By]<UL><LI><a href="#[26]">&gt;&gt;</a>&nbsp;&nbsp;&nbsp;pwm_timeout_handler
</UL>

<P><STRONG><a name="[26]"></a>pwm_timeout_handler</STRONG> (Thumb, 120 bytes, Stack size 16 bytes, low_power_pwm.o(i.pwm_timeout_handler))
<BR><BR>[Stack]<UL><LI>Max Depth = 60<LI>Call Chain = pwm_timeout_handler &rArr; app_timer_start &rArr; app_util_critical_region_enter
</UL>
<BR>[Calls]<UL><LI><a href="#[66]">&gt;&gt;</a>&nbsp;&nbsp;&nbsp;app_timer_start
<LI><a href="#[da]">&gt;&gt;</a>&nbsp;&nbsp;&nbsp;led_on
<LI><a href="#[bc]">&gt;&gt;</a>&nbsp;&nbsp;&nbsp;led_off
</UL>
<BR>[Called By]<UL><LI><a href="#[7d]">&gt;&gt;</a>&nbsp;&nbsp;&nbsp;low_power_pwm_start
</UL>
<BR>[Address Reference Count : 1]<UL><LI> low_power_pwm.o(i.low_power_pwm_init)
</UL>
<P><STRONG><a name="[e1]"></a>__sd_nvic_app_accessible_irq</STRONG> (Thumb, 22 bytes, Stack size 0 bytes, softdevice_handler.o(i.__sd_nvic_app_accessible_irq))
<BR><BR>[Called By]<UL><LI><a href="#[e0]">&gt;&gt;</a>&nbsp;&nbsp;&nbsp;sd_nvic_EnableIRQ
</UL>

<P><STRONG><a name="[e0]"></a>sd_nvic_EnableIRQ</STRONG> (Thumb, 112 bytes, Stack size 8 bytes, softdevice_handler.o(i.sd_nvic_EnableIRQ))
<BR><BR>[Stack]<UL><LI>Max Depth = 8<LI>Call Chain = sd_nvic_EnableIRQ
</UL>
<BR>[Calls]<UL><LI><a href="#[e1]">&gt;&gt;</a>&nbsp;&nbsp;&nbsp;__sd_nvic_app_accessible_irq
</UL>
<BR>[Called By]<UL><LI><a href="#[bd]">&gt;&gt;</a>&nbsp;&nbsp;&nbsp;softdevice_handler_init
</UL>

<P><STRONG><a name="[ac]"></a>nrf_delay_ms</STRONG> (Thumb, 42 bytes, Stack size 0 bytes, pn532_apply.o(i.nrf_delay_ms))
<BR><BR>[Called By]<UL><LI><a href="#[a9]">&gt;&gt;</a>&nbsp;&nbsp;&nbsp;device_pn532_init
<LI><a href="#[d8]">&gt;&gt;</a>&nbsp;&nbsp;&nbsp;write_data_card
<LI><a href="#[d7]">&gt;&gt;</a>&nbsp;&nbsp;&nbsp;read_data_card
</UL>

<P><STRONG><a name="[3c]"></a>nrf_delay_ms</STRONG> (Thumb, 14 bytes, Stack size 8 bytes, pn532_i2c.o(i.nrf_delay_ms))
<BR><BR>[Stack]<UL><LI>Max Depth = 8<LI>Call Chain = nrf_delay_ms
</UL>
<BR>[Calls]<UL><LI><a href="#[c7]">&gt;&gt;</a>&nbsp;&nbsp;&nbsp;nrf_delay_us
</UL>
<BR>[Called By]<UL><LI><a href="#[dd]">&gt;&gt;</a>&nbsp;&nbsp;&nbsp;readTypeBuid
<LI><a href="#[db]">&gt;&gt;</a>&nbsp;&nbsp;&nbsp;readPassiveTargetID
<LI><a href="#[c5]">&gt;&gt;</a>&nbsp;&nbsp;&nbsp;mifareclassic_WriteDataBlock
<LI><a href="#[c4]">&gt;&gt;</a>&nbsp;&nbsp;&nbsp;mifareclassic_ReadDataBlock
<LI><a href="#[c3]">&gt;&gt;</a>&nbsp;&nbsp;&nbsp;mifareclassic_AuthenticateBlock
<LI><a href="#[ad]">&gt;&gt;</a>&nbsp;&nbsp;&nbsp;getFirmwareVersion
<LI><a href="#[4c]">&gt;&gt;</a>&nbsp;&nbsp;&nbsp;SetRFConfiguration
<LI><a href="#[4b]">&gt;&gt;</a>&nbsp;&nbsp;&nbsp;SetParameters
<LI><a href="#[39]">&gt;&gt;</a>&nbsp;&nbsp;&nbsp;CategoryBConfig
</UL>

<P><STRONG><a name="[c7]"></a>nrf_delay_us</STRONG> (Thumb, 38 bytes, Stack size 0 bytes, pn532_i2c.o(i.nrf_delay_us))
<BR><BR>[Called By]<UL><LI><a href="#[3b]">&gt;&gt;</a>&nbsp;&nbsp;&nbsp;sendCommandCheckAck
<LI><a href="#[3c]">&gt;&gt;</a>&nbsp;&nbsp;&nbsp;nrf_delay_ms
<LI><a href="#[db]">&gt;&gt;</a>&nbsp;&nbsp;&nbsp;readPassiveTargetID
<LI><a href="#[c6]">&gt;&gt;</a>&nbsp;&nbsp;&nbsp;mifareultralight_ReadPage
</UL>

<P><STRONG><a name="[7e]"></a>nrf_delay_ms</STRONG> (Thumb, 42 bytes, Stack size 0 bytes, lock_gpio.o(i.nrf_delay_ms))
<BR><BR>[Called By]<UL><LI><a href="#[80]">&gt;&gt;</a>&nbsp;&nbsp;&nbsp;beep_test
<LI><a href="#[7a]">&gt;&gt;</a>&nbsp;&nbsp;&nbsp;beep_gpio_init
</UL>

<P><STRONG><a name="[24]"></a>pwm_handler</STRONG> (Thumb, 2 bytes, Stack size 0 bytes, lock_gpio.o(i.pwm_handler))
<BR>[Address Reference Count : 1]<UL><LI> lock_gpio.o(i.beep_gpio_init)
</UL>
<P><STRONG><a name="[4d]"></a>is_manual_peripheral_setup_needed</STRONG> (Thumb, 66 bytes, Stack size 0 bytes, system_nrf51.o(i.is_manual_peripheral_setup_needed))
<BR><BR>[Called By]<UL><LI><a href="#[20]">&gt;&gt;</a>&nbsp;&nbsp;&nbsp;SystemInit
</UL>

<P><STRONG><a name="[50]"></a>_printf_core</STRONG> (Thumb, 1020 bytes, Stack size 104 bytes, printf8.o(i._printf_core), UNUSED)
<BR><BR>[Calls]<UL><LI><a href="#[51]">&gt;&gt;</a>&nbsp;&nbsp;&nbsp;_printf_pre_padding
<LI><a href="#[52]">&gt;&gt;</a>&nbsp;&nbsp;&nbsp;_printf_post_padding
<LI><a href="#[35]">&gt;&gt;</a>&nbsp;&nbsp;&nbsp;__aeabi_uldivmod
</UL>
<BR>[Called By]<UL><LI><a href="#[4f]">&gt;&gt;</a>&nbsp;&nbsp;&nbsp;__0printf$8
</UL>

<P><STRONG><a name="[52]"></a>_printf_post_padding</STRONG> (Thumb, 32 bytes, Stack size 24 bytes, printf8.o(i._printf_post_padding), UNUSED)
<BR><BR>[Called By]<UL><LI><a href="#[50]">&gt;&gt;</a>&nbsp;&nbsp;&nbsp;_printf_core
</UL>

<P><STRONG><a name="[51]"></a>_printf_pre_padding</STRONG> (Thumb, 44 bytes, Stack size 40 bytes, printf8.o(i._printf_pre_padding), UNUSED)
<BR><BR>[Called By]<UL><LI><a href="#[50]">&gt;&gt;</a>&nbsp;&nbsp;&nbsp;_printf_core
</UL>
<P>
<H3>
Undefined Global Symbols
</H3><HR></body></html>
