Component: ARM Compiler 5.05 update 1 (build 106) Tool: armlink [4d0efa]

==============================================================================

Section Cross References

    main.o(i.assert_nrf_callback) refers to app_error.o(i.app_error_handler) for app_error_handler
    main.o(i.ble_evt_dispatch) refers to ble_conn_params.o(i.ble_conn_params_on_ble_evt) for ble_conn_params_on_ble_evt
    main.o(i.ble_evt_dispatch) refers to ble_nus.o(i.ble_nus_on_ble_evt) for ble_nus_on_ble_evt
    main.o(i.ble_evt_dispatch) refers to main.o(i.on_ble_evt) for on_ble_evt
    main.o(i.ble_evt_dispatch) refers to ble_advertising.o(i.ble_advertising_on_ble_evt) for ble_advertising_on_ble_evt
    main.o(i.ble_evt_dispatch) refers to bsp_btn_ble.o(i.bsp_btn_ble_on_ble_evt) for bsp_btn_ble_on_ble_evt
    main.o(i.ble_evt_dispatch) refers to main.o(.bss) for .bss
    main.o(i.bsp_event_handler) refers to main.o(i.sleep_mode_enter) for sleep_mode_enter
    main.o(i.bsp_event_handler) refers to ble_advertising.o(i.ble_advertising_restart_without_whitelist) for ble_advertising_restart_without_whitelist
    main.o(i.bsp_event_handler) refers to main.o(.data) for .data
    main.o(i.conn_params_error_handler) refers to app_error.o(i.app_error_handler_bare) for app_error_handler_bare
    main.o(i.main) refers to app_timer.o(i.app_timer_init) for app_timer_init
    main.o(i.main) refers to app_timer.o(i.app_timer_create) for app_timer_create
    main.o(i.main) refers to app_timer.o(i.app_timer_start) for app_timer_start
    main.o(i.main) refers to memcpya.o(.text) for __aeabi_memcpy4
    main.o(i.main) refers to app_uart_fifo.o(i.app_uart_init) for app_uart_init
    main.o(i.main) refers to softdevice_handler.o(i.softdevice_handler_init) for softdevice_handler_init
    main.o(i.main) refers to softdevice_handler.o(i.softdevice_enable_get_default_config) for softdevice_enable_get_default_config
    main.o(i.main) refers to softdevice_handler.o(i.softdevice_enable) for softdevice_enable
    main.o(i.main) refers to softdevice_handler.o(i.softdevice_ble_evt_handler_set) for softdevice_ble_evt_handler_set
    main.o(i.main) refers to ble_nus.o(i.ble_nus_init) for ble_nus_init
    main.o(i.main) refers to memseta.o(.text) for __aeabi_memclr4
    main.o(i.main) refers to ble_advertising.o(i.ble_advertising_init) for ble_advertising_init
    main.o(i.main) refers to ble_conn_params.o(i.ble_conn_params_init) for ble_conn_params_init
    main.o(i.main) refers to lock_gpio.o(i.qk_lock_init) for qk_lock_init
    main.o(i.main) refers to pn532_apply.o(i.device_pn532_init) for device_pn532_init
    main.o(i.main) refers to ble_advertising.o(i.ble_advertising_start) for ble_advertising_start
    main.o(i.main) refers to lock_gpio.o(i.beep_test) for beep_test
    main.o(i.main) refers to pn532_apply.o(i.pn532_appliction) for pn532_appliction
    main.o(i.main) refers to pn532_i2c.o(i.my_memset) for my_memset
    main.o(i.main) refers to main.o(.bss) for .bss
    main.o(i.main) refers to pn532_apply.o(i.pn532_timeout_handler) for pn532_timeout_handler
    main.o(i.main) refers to main.o(.constdata) for .constdata
    main.o(i.main) refers to main.o(i.uart_event_handle) for uart_event_handle
    main.o(i.main) refers to main.o(i.ble_evt_dispatch) for ble_evt_dispatch
    main.o(i.main) refers to main.o(i.nus_data_handler) for nus_data_handler
    main.o(i.main) refers to main.o(.data) for .data
    main.o(i.main) refers to main.o(i.on_adv_evt) for on_adv_evt
    main.o(i.main) refers to main.o(i.on_conn_params_evt) for on_conn_params_evt
    main.o(i.main) refers to main.o(i.conn_params_error_handler) for conn_params_error_handler
    main.o(i.nus_data_handler) refers to app_uart_fifo.o(i.app_uart_put) for app_uart_put
    main.o(i.nus_data_handler) refers to main.o(.bss) for .bss
    main.o(i.on_adv_evt) refers to bsp.o(i.bsp_indication_set) for bsp_indication_set
    main.o(i.on_adv_evt) refers to main.o(i.sleep_mode_enter) for sleep_mode_enter
    main.o(i.on_ble_evt) refers to bsp.o(i.bsp_indication_set) for bsp_indication_set
    main.o(i.on_ble_evt) refers to memcpya.o(.text) for __aeabi_memcpy
    main.o(i.on_ble_evt) refers to main.o(.data) for .data
    main.o(i.on_conn_params_evt) refers to main.o(.data) for .data
    main.o(i.sleep_mode_enter) refers to bsp.o(i.bsp_indication_set) for bsp_indication_set
    main.o(i.sleep_mode_enter) refers to bsp_btn_ble.o(i.bsp_btn_ble_sleep_mode_prepare) for bsp_btn_ble_sleep_mode_prepare
    main.o(i.uart_event_handle) refers to app_error.o(i.app_error_handler_bare) for app_error_handler_bare
    main.o(i.uart_event_handle) refers to app_uart_fifo.o(i.app_uart_get) for app_uart_get
    main.o(i.uart_event_handle) refers to pn532_apply.o(i.pn532_appliction) for pn532_appliction
    main.o(i.uart_event_handle) refers to main.o(.bss) for .bss
    main.o(i.uart_event_handle) refers to main.o(.data) for .data
    main.o(.constdata) refers to main.o(.bss) for m_sec_req_timer_id_data
[...]
    i.bsp_board_led_state_get                0x0001c908   Section        0  boards.o(i.bsp_board_led_state_get)
    i.bsp_board_leds_off                     0x0001c928   Section        0  boards.o(i.bsp_board_leds_off)
    i.bsp_board_leds_on                      0x0001c93a   Section        0  boards.o(i.bsp_board_leds_on)
    i.bsp_board_pin_to_button_idx            0x0001c94c   Section        0  boards.o(i.bsp_board_pin_to_button_idx)
    i.bsp_btn_ble_on_ble_evt                 0x0001c970   Section        0  bsp_btn_ble.o(i.bsp_btn_ble_on_ble_evt)
    i.bsp_btn_ble_sleep_mode_prepare         0x0001c9e8   Section        0  bsp_btn_ble.o(i.bsp_btn_ble_sleep_mode_prepare)
    i.bsp_button_event_handler               0x0001ca0c   Section        0  bsp.o(i.bsp_button_event_handler)
    bsp_button_event_handler                 0x0001ca0d   Thumb Code   134  bsp.o(i.bsp_button_event_handler)
    i.bsp_event_to_button_action_assign      0x0001caa0   Section        0  bsp.o(i.bsp_event_to_button_action_assign)
    i.bsp_indication_set                     0x0001cae8   Section        0  bsp.o(i.bsp_indication_set)
    i.bsp_led_indication                     0x0001cb04   Section        0  bsp.o(i.bsp_led_indication)
    bsp_led_indication                       0x0001cb05   Thumb Code   376  bsp.o(i.bsp_led_indication)
    i.bsp_wakeup_button_enable               0x0001cc84   Section        0  bsp.o(i.bsp_wakeup_button_enable)
    i.channel_port_get                       0x0001cc94   Section        0  nrf_drv_gpiote.o(i.channel_port_get)
    channel_port_get                         0x0001cc95   Thumb Code    10  nrf_drv_gpiote.o(i.channel_port_get)
    i.clock_clk_started_notify               0x0001cca4   Section        0  nrf_drv_clock.o(i.clock_clk_started_notify)
    clock_clk_started_notify                 0x0001cca5   Thumb Code    34  nrf_drv_clock.o(i.clock_clk_started_notify)
    i.compare_reg_update                     0x0001cccc   Section        0  app_timer.o(i.compare_reg_update)
    compare_reg_update                       0x0001cccd   Thumb Code   142  app_timer.o(i.compare_reg_update)
    i.conn_int_encode                        0x0001cd74   Section        0  ble_advdata.o(i.conn_int_encode)
    conn_int_encode                          0x0001cd75   Thumb Code   130  ble_advdata.o(i.conn_int_encode)
    i.conn_params_error_handler              0x0001cdfc   Section        0  main.o(i.conn_params_error_handler)
    conn_params_error_handler                0x0001cdfd   Thumb Code     8  main.o(i.conn_params_error_handler)
    i.conn_params_negotiation                0x0001ce04   Section        0  ble_conn_params.o(i.conn_params_negotiation)
    conn_params_negotiation                  0x0001ce05   Thumb Code    92  ble_conn_params.o(i.conn_params_negotiation)
    i.device_pn532_init                      0x0001ce6c   Section        0  pn532_apply.o(i.device_pn532_init)
    i.elapsed_ticks_acquire                  0x0001cf68   Section        0  app_timer.o(i.elapsed_ticks_acquire)
    elapsed_ticks_acquire                    0x0001cf69   Thumb Code    58  app_timer.o(i.elapsed_ticks_acquire)
    i.fifo_get                               0x0001cfa8   Section        0  app_fifo.o(i.fifo_get)
    fifo_get                                 0x0001cfa9   Thumb Code    20  app_fifo.o(i.fifo_get)
    i.fifo_put                               0x0001cfbc   Section        0  app_fifo.o(i.fifo_put)
    fifo_put                                 0x0001cfbd   Thumb Code    18  app_fifo.o(i.fifo_put)
    i.fputc                                  0x0001cfce   Section        0  retarget.o(i.fputc)
    i.fs_queued_op_count_get                 0x0001cfdc   Section        0  fstorage.o(i.fs_queued_op_count_get)
    i.getFirmwareVersion                     0x0001cff4   Section        0  pn532_i2c.o(i.getFirmwareVersion)
    i.i2c_device_read_buffer                 0x0001d04c   Section        0  pn532_i2c.o(i.i2c_device_read_buffer)
    i.i2c_write_buffer                       0x0001d060   Section        0  pn532_i2c.o(i.i2c_write_buffer)
    i.init_pnc523_i2c                        0x0001d078   Section        0  pn532_i2c.o(i.init_pnc523_i2c)
    i.intern_softdevice_events_execute       0x0001d0ac   Section        0  softdevice_handler.o(i.intern_softdevice_events_execute)
    i.irq_handler_twi                        0x0001d12c   Section        0  nrf_drv_twi.o(i.irq_handler_twi)
    irq_handler_twi                          0x0001d12d   Thumb Code   172  nrf_drv_twi.o(i.irq_handler_twi)
    i.is_conn_params_ok                      0x0001d1d8   Section        0  ble_conn_params.o(i.is_conn_params_ok)
    is_conn_params_ok                        0x0001d1d9   Thumb Code    24  ble_conn_params.o(i.is_conn_params_ok)
    i.is_manual_peripheral_setup_needed      0x0001d1f4   Section        0  system_nrf51.o(i.is_manual_peripheral_setup_needed)
    is_manual_peripheral_setup_needed        0x0001d1f5   Thumb Code    66  system_nrf51.o(i.is_manual_peripheral_setup_needed)
    i.led_off                                0x0001d23c   Section        0  low_power_pwm.o(i.led_off)
    led_off                                  0x0001d23d   Thumb Code    30  low_power_pwm.o(i.led_off)
    i.led_on                                 0x0001d25a   Section        0  low_power_pwm.o(i.led_on)
    led_on                                   0x0001d25b   Thumb Code    30  low_power_pwm.o(i.led_on)
    i.list_deletions_handler                 0x0001d278   Section        0  app_timer.o(i.list_deletions_handler)
    list_deletions_handler                   0x0001d279   Thumb Code   162  app_timer.o(i.list_deletions_handler)
    i.list_insertions_handler                0x0001d324   Section        0  app_timer.o(i.list_insertions_handler)
    list_insertions_handler                  0x0001d325   Thumb Code   178  app_timer.o(i.list_insertions_handler)
    i.low_power_pwm_duty_set                 0x0001d3e0   Section        0  low_power_pwm.o(i.low_power_pwm_duty_set)
    i.low_power_pwm_init                     0x0001d3f0   Section        0  low_power_pwm.o(i.low_power_pwm_init)
    i.low_power_pwm_start                    0x0001d450   Section        0  low_power_pwm.o(i.low_power_pwm_start)
    i.low_power_pwm_stop                     0x0001d476   Section        0  low_power_pwm.o(i.low_power_pwm_stop)
    i.main                                   0x0001d49c   Section        0  main.o(i.main)
    i.manuf_specific_data_encode             0x0001d630   Section        0  ble_advdata.o(i.manuf_specific_data_encode)
    manuf_specific_data_encode               0x0001d631   Thumb Code   104  ble_advdata.o(i.manuf_specific_data_encode)
    i.mifareclassic_AuthenticateBlock        0x0001d698   Section        0  pn532_i2c.o(i.mifareclassic_AuthenticateBlock)
    i.mifareclassic_ReadDataBlock            0x0001d738   Section        0  pn532_i2c.o(i.mifareclassic_ReadDataBlock)
    i.mifareclassic_WriteDataBlock           0x0001d788   Section        0  pn532_i2c.o(i.mifareclassic_WriteDataBlock)
    i.mifareultralight_ReadPage              0x0001d7c8   Section        0  pn532_i2c.o(i.mifareultralight_ReadPage)
    i.my_memset                              0x0001d820   Section        0  pn532_i2c.o(i.my_memset)
    i.name_encode                            0x0001d830   Section        0  ble_advdata.o(i.name_encode)
    name_encode                              0x0001d831   Thumb Code   158  ble_advdata.o(i.name_encode)
    i.nrf_bitmask_bit_is_set                 0x0001d8ce   Section        0  nrf_drv_gpiote.o(i.nrf_bitmask_bit_is_set)
    nrf_bitmask_bit_is_set                   0x0001d8cf   Thumb Code    16  nrf_drv_gpiote.o(i.nrf_bitmask_bit_is_set)
    i.nrf_clock_event_check                  0x0001d8de   Section        0  nrf_drv_clock.o(i.nrf_clock_event_check)
    nrf_clock_event_check                    0x0001d8df   Thumb Code    16  nrf_drv_clock.o(i.nrf_clock_event_check)
    i.nrf_delay_ms                           0x0001d8f0   Section        0  pn532_apply.o(i.nrf_delay_ms)
    nrf_delay_ms                             0x0001d8f1   Thumb Code    42  pn532_apply.o(i.nrf_delay_ms)
    i.nrf_delay_ms                           0x0001d924   Section        0  pn532_i2c.o(i.nrf_delay_ms)
    nrf_delay_ms                             0x0001d925   Thumb Code    14  pn532_i2c.o(i.nrf_delay_ms)
    i.nrf_delay_ms                           0x0001d934   Section        0  lock_gpio.o(i.nrf_delay_ms)
    nrf_delay_ms                             0x0001d935   Thumb Code    42  lock_gpio.o(i.nrf_delay_ms)
    i.nrf_delay_us                           0x0001d968   Section        0  nrf_drv_twi.o(i.nrf_delay_us)
    nrf_delay_us                             0x0001d969   Thumb Code    38  nrf_drv_twi.o(i.nrf_delay_us)
    i.nrf_delay_us                           0x0001d998   Section        0  app_timer.o(i.nrf_delay_us)
    nrf_delay_us                             0x0001d999   Thumb Code    38  app_timer.o(i.nrf_delay_us)
    i.nrf_delay_us                           0x0001d9c8   Section        0  pn532_i2c.o(i.nrf_delay_us)
    nrf_delay_us                             0x0001d9c9   Thumb Code    38  pn532_i2c.o(i.nrf_delay_us)
    i.nrf_drv_clock_init                     0x0001d9f8   Section        0  nrf_drv_clock.o(i.nrf_drv_clock_init)
    i.nrf_drv_clock_on_sd_enable             0x0001da40   Section        0  nrf_drv_clock.o(i.nrf_drv_clock_on_sd_enable)
    i.nrf_drv_clock_on_soc_event             0x0001da74   Section        0  nrf_drv_clock.o(i.nrf_drv_clock_on_soc_event)
    i.nrf_drv_common_irq_enable              0x0001da80   Section        0  nrf_drv_common.o(i.nrf_drv_common_irq_enable)
    i.nrf_drv_twi_enable                     0x0001dae0   Section        0  nrf_drv_twi.o(i.nrf_drv_twi_enable)
    i.nrf_drv_twi_init                       0x0001db00   Section        0  nrf_drv_twi.o(i.nrf_drv_twi_init)
    i.nrf_drv_twi_rx                         0x0001db88   Section        0  nrf_drv_twi.o(i.nrf_drv_twi_rx)
    i.nrf_drv_twi_tx                         0x0001dbac   Section        0  nrf_drv_twi.o(i.nrf_drv_twi_tx)
    i.nrf_drv_twi_xfer                       0x0001dbd0   Section        0  nrf_drv_twi.o(i.nrf_drv_twi_xfer)
    i.nrf_drv_uart_init                      0x0001dbf8   Section        0  nrf_drv_uart.o(i.nrf_drv_uart_init)
    i.nrf_drv_uart_rx                        0x0001dc78   Section        0  nrf_drv_uart.o(i.nrf_drv_uart_rx)
    i.nrf_drv_uart_rx_enable                 0x0001dcd4   Section        0  nrf_drv_uart.o(i.nrf_drv_uart_rx_enable)
    i.nrf_drv_uart_rx_for_uart               0x0001dd00   Section        0  nrf_drv_uart.o(i.nrf_drv_uart_rx_for_uart)
    nrf_drv_uart_rx_for_uart                 0x0001dd01   Thumb Code   164  nrf_drv_uart.o(i.nrf_drv_uart_rx_for_uart)
    i.nrf_drv_uart_tx                        0x0001dda8   Section        0  nrf_drv_uart.o(i.nrf_drv_uart_tx)
    i.nrf_drv_uart_tx_for_uart               0x0001dddc   Section        0  nrf_drv_uart.o(i.nrf_drv_uart_tx_for_uart)
    nrf_drv_uart_tx_for_uart                 0x0001dddd   Thumb Code   134  nrf_drv_uart.o(i.nrf_drv_uart_tx_for_uart)
    i.nrf_drv_uart_tx_in_progress            0x0001de68   Section        0  nrf_drv_uart.o(i.nrf_drv_uart_tx_in_progress)
    i.nrf_gpio_cfg                           0x0001de80   Section        0  nrf_drv_uart.o(i.nrf_gpio_cfg)
    nrf_gpio_cfg                             0x0001de81   Thumb Code    40  nrf_drv_uart.o(i.nrf_gpio_cfg)
    i.nrf_gpio_cfg_input                     0x0001dea8   Section        0  nrf_drv_uart.o(i.nrf_gpio_cfg_input)
    nrf_gpio_cfg_input                       0x0001dea9   Thumb Code    18  nrf_drv_uart.o(i.nrf_gpio_cfg_input)
    i.nrf_gpio_cfg_output                    0x0001deba   Section        0  nrf_drv_uart.o(i.nrf_gpio_cfg_output)
    nrf_gpio_cfg_output                      0x0001debb   Thumb Code    20  nrf_drv_uart.o(i.nrf_gpio_cfg_output)
    i.nrf_gpio_cfg_sense_set                 0x0001dece   Section        0  bsp.o(i.nrf_gpio_cfg_sense_set)
    nrf_gpio_cfg_sense_set                   0x0001decf   Thumb Code    34  bsp.o(i.nrf_gpio_cfg_sense_set)
    i.nrf_gpio_cfg_sense_set                 0x0001def0   Section        0  nrf_drv_gpiote.o(i.nrf_gpio_cfg_sense_set)
    nrf_gpio_cfg_sense_set                   0x0001def1   Thumb Code    34  nrf_drv_gpiote.o(i.nrf_gpio_cfg_sense_set)
    i.nrf_gpio_pin_set                       0x0001df14   Section        0  nrf_drv_twi.o(i.nrf_gpio_pin_set)
    nrf_gpio_pin_set                         0x0001df15   Thumb Code    10  nrf_drv_twi.o(i.nrf_gpio_pin_set)
    i.nrf_gpio_pin_write                     0x0001df24   Section        0  boards.o(i.nrf_gpio_pin_write)
    nrf_gpio_pin_write                       0x0001df25   Thumb Code    18  boards.o(i.nrf_gpio_pin_write)
    i.nrf_gpio_ports_read                    0x0001df3c   Section        0  nrf_drv_gpiote.o(i.nrf_gpio_ports_read)
    nrf_gpio_ports_read                      0x0001df3d   Thumb Code    36  nrf_drv_gpiote.o(i.nrf_gpio_ports_read)
    i.nrf_gpiote_event_clear                 0x0001df64   Section        0  nrf_drv_gpiote.o(i.nrf_gpiote_event_clear)
    nrf_gpiote_event_clear                   0x0001df65   Thumb Code    10  nrf_drv_gpiote.o(i.nrf_gpiote_event_clear)
    i.nrf_gpiote_event_is_set                0x0001df74   Section        0  nrf_drv_gpiote.o(i.nrf_gpiote_event_is_set)
    nrf_gpiote_event_is_set                  0x0001df75   Thumb Code    14  nrf_drv_gpiote.o(i.nrf_gpiote_event_is_set)
    i.nrf_twi_event_check                    0x0001df88   Section        0  nrf_drv_twi.o(i.nrf_twi_event_check)
    nrf_twi_event_check                      0x0001df89   Thumb Code    10  nrf_drv_twi.o(i.nrf_twi_event_check)
    i.nrf_uart_event_check                   0x0001df92   Section        0  nrf_drv_uart.o(i.nrf_uart_event_check)
    nrf_uart_event_check                     0x0001df93   Thumb Code    10  nrf_drv_uart.o(i.nrf_uart_event_check)
    i.nrf_uart_int_enable_check              0x0001df9c   Section        0  nrf_drv_uart.o(i.nrf_uart_int_enable_check)
    nrf_uart_int_enable_check                0x0001df9d   Thumb Code    16  nrf_drv_uart.o(i.nrf_uart_int_enable_check)
    i.nus_data_handler                       0x0001dfac   Section        0  main.o(i.nus_data_handler)
    nus_data_handler                         0x0001dfad   Thumb Code    54  main.o(i.nus_data_handler)
    i.on_adv_evt                             0x0001dfe8   Section        0  main.o(i.on_adv_evt)
    on_adv_evt                               0x0001dfe9   Thumb Code    24  main.o(i.on_adv_evt)
    i.on_ble_evt                             0x0001e000   Section        0  main.o(i.on_ble_evt)
    on_ble_evt                               0x0001e001   Thumb Code   174  main.o(i.on_ble_evt)
    i.on_conn_params_evt                     0x0001e0b4   Section        0  main.o(i.on_conn_params_evt)
    on_conn_params_evt                       0x0001e0b5   Thumb Code    16  main.o(i.on_conn_params_evt)
    i.pn532_appliction                       0x0001e0c8   Section        0  pn532_apply.o(i.pn532_appliction)
    i.pn532_gpio_init                        0x0001e110   Section        0  pn532_i2c.o(i.pn532_gpio_init)
    i.pn532_timeout_handler                  0x0001e11c   Section        0  pn532_apply.o(i.pn532_timeout_handler)
    i.pwm_handler                            0x0001e11e   Section        0  lock_gpio.o(i.pwm_handler)
    pwm_handler                              0x0001e11f   Thumb Code     2  lock_gpio.o(i.pwm_handler)
    i.pwm_timeout_handler                    0x0001e120   Section        0  low_power_pwm.o(i.pwm_timeout_handler)
    pwm_timeout_handler                      0x0001e121   Thumb Code   120  low_power_pwm.o(i.pwm_timeout_handler)
    i.qk_lock_init                           0x0001e198   Section        0  lock_gpio.o(i.qk_lock_init)
    i.readPassiveTargetID                    0x0001e1a0   Section        0  pn532_i2c.o(i.readPassiveTargetID)
    i.readTypeBuid                           0x0001e220   Section        0  pn532_i2c.o(i.readTypeBuid)
    i.read_data_card                         0x0001e31c   Section        0  pn532_apply.o(i.read_data_card)
    i.readackframe                           0x0001e378   Section        0  pn532_i2c.o(i.readackframe)
    i.rtc1_stop                              0x0001e39c   Section        0  app_timer.o(i.rtc1_stop)
    rtc1_stop                                0x0001e39d   Thumb Code    50  app_timer.o(i.rtc1_stop)
    i.rx_byte                                0x0001e3e0   Section        0  nrf_drv_uart.o(i.rx_byte)
    rx_byte                                  0x0001e3e1   Thumb Code    38  nrf_drv_uart.o(i.rx_byte)
    i.rx_char_add                            0x0001e406   Section        0  ble_nus.o(i.rx_char_add)
    rx_char_add                              0x0001e407   Thumb Code   158  ble_nus.o(i.rx_char_add)
    i.rx_done_event                          0x0001e4a4   Section        0  nrf_drv_uart.o(i.rx_done_event)
    rx_done_event                            0x0001e4a5   Thumb Code    20  nrf_drv_uart.o(i.rx_done_event)
    i.rx_enable                              0x0001e4b8   Section        0  nrf_drv_uart.o(i.rx_enable)
    rx_enable                                0x0001e4b9   Thumb Code    26  nrf_drv_uart.o(i.rx_enable)
    i.sd_nvic_EnableIRQ                      0x0001e4d4   Section        0  softdevice_handler.o(i.sd_nvic_EnableIRQ)
    sd_nvic_EnableIRQ                        0x0001e4d5   Thumb Code   112  softdevice_handler.o(i.sd_nvic_EnableIRQ)
    i.sendCommandCheckAck                    0x0001e558   Section        0  pn532_i2c.o(i.sendCommandCheckAck)
    i.service_data_encode                    0x0001e58e   Section        0  ble_advdata.o(i.service_data_encode)
    service_data_encode                      0x0001e58f   Thumb Code   142  ble_advdata.o(i.service_data_encode)
    i.set_adv_mode_fast                      0x0001e61c   Section        0  ble_advertising.o(i.set_adv_mode_fast)
    set_adv_mode_fast                        0x0001e61d   Thumb Code    80  ble_advertising.o(i.set_adv_mode_fast)
    i.set_adv_mode_slow                      0x0001e674   Section        0  ble_advertising.o(i.set_adv_mode_slow)
    set_adv_mode_slow                        0x0001e675   Thumb Code    76  ble_advertising.o(i.set_adv_mode_slow)
    i.sleep_mode_enter                       0x0001e6c8   Section        0  main.o(i.sleep_mode_enter)
    sleep_mode_enter                         0x0001e6c9   Thumb Code    16  main.o(i.sleep_mode_enter)
    i.softdevice_ble_evt_handler_set         0x0001e6d8   Section        0  softdevice_handler.o(i.softdevice_ble_evt_handler_set)
    i.softdevice_enable                      0x0001e6ec   Section        0  softdevice_handler.o(i.softdevice_enable)
    i.softdevice_enable_get_default_config   0x0001e700   Section        0  softdevice_handler.o(i.softdevice_enable_get_default_config)
    i.softdevice_fault_handler               0x0001e728   Section        0  softdevice_handler.o(i.softdevice_fault_handler)
    i.softdevice_handler_init                0x0001e730   Section        0  softdevice_handler.o(i.softdevice_handler_init)
    i.softdevice_handler_is_enabled          0x0001e788   Section        0  softdevice_handler.o(i.softdevice_handler_is_enabled)
    i.test_uid                               0x0001e794   Section        0  pn532_apply.o(i.test_uid)
    i.timer_list_handler                     0x0001e7d8   Section        0  app_timer.o(i.timer_list_handler)
    timer_list_handler                       0x0001e7d9   Thumb Code   128  app_timer.o(i.timer_list_handler)
    i.timer_list_handler_sched               0x0001e85c   Section        0  app_timer.o(i.timer_list_handler_sched)
    timer_list_handler_sched                 0x0001e85d   Thumb Code    10  app_timer.o(i.timer_list_handler_sched)
    i.timer_list_insert                      0x0001e86c   Section        0  app_timer.o(i.timer_list_insert)
    timer_list_insert                        0x0001e86d   Thumb Code    60  app_timer.o(i.timer_list_insert)
    i.timer_stop_op_schedule                 0x0001e8ac   Section        0  app_timer.o(i.timer_stop_op_schedule)
    timer_stop_op_schedule                   0x0001e8ad   Thumb Code    68  app_timer.o(i.timer_stop_op_schedule)
    i.timer_timeouts_check                   0x0001e8f4   Section        0  app_timer.o(i.timer_timeouts_check)
    timer_timeouts_check                     0x0001e8f5   Thumb Code   110  app_timer.o(i.timer_timeouts_check)
    i.twi_clear_bus                          0x0001e96c   Section        0  nrf_drv_twi.o(i.twi_clear_bus)
    twi_clear_bus                            0x0001e96d   Thumb Code   138  nrf_drv_twi.o(i.twi_clear_bus)
    i.twi_process_error                      0x0001ea04   Section        0  nrf_drv_twi.o(i.twi_process_error)
    twi_process_error                        0x0001ea05   Thumb Code    28  nrf_drv_twi.o(i.twi_process_error)
    i.twi_rx_start_transfer                  0x0001ea24   Section        0  nrf_drv_twi.o(i.twi_rx_start_transfer)
    twi_rx_start_transfer                    0x0001ea25   Thumb Code   154  nrf_drv_twi.o(i.twi_rx_start_transfer)
    i.twi_send_byte                          0x0001eac4   Section        0  nrf_drv_twi.o(i.twi_send_byte)
    twi_send_byte                            0x0001eac5   Thumb Code    46  nrf_drv_twi.o(i.twi_send_byte)
    i.twi_transfer                           0x0001eaf2   Section        0  nrf_drv_twi.o(i.twi_transfer)
    twi_transfer                             0x0001eaf3   Thumb Code   264  nrf_drv_twi.o(i.twi_transfer)
    i.twi_tx_start_transfer                  0x0001ebfc   Section        0  nrf_drv_twi.o(i.twi_tx_start_transfer)
    twi_tx_start_transfer                    0x0001ebfd   Thumb Code   152  nrf_drv_twi.o(i.twi_tx_start_transfer)
    i.twi_xfer                               0x0001ec98   Section        0  nrf_drv_twi.o(i.twi_xfer)
    twi_xfer                                 0x0001ec99   Thumb Code   140  nrf_drv_twi.o(i.twi_xfer)
    i.tx_byte                                0x0001ed24   Section        0  nrf_drv_uart.o(i.tx_byte)
    tx_byte                                  0x0001ed25   Thumb Code    30  nrf_drv_uart.o(i.tx_byte)
    i.tx_char_add                            0x0001ed42   Section        0  ble_nus.o(i.tx_char_add)
    tx_char_add                              0x0001ed43   Thumb Code   128  ble_nus.o(i.tx_char_add)
    i.tx_done_event                          0x0001edc2   Section        0  nrf_drv_uart.o(i.tx_done_event)
    tx_done_event                            0x0001edc3   Thumb Code    24  nrf_drv_uart.o(i.tx_done_event)
    i.uart_event_handle                      0x0001eddc   Section        0  main.o(i.uart_event_handle)
    i.uart_event_handler                     0x0001ee2c   Section        0  app_uart_fifo.o(i.uart_event_handler)
    uart_event_handler                       0x0001ee2d   Thumb Code   158  app_uart_fifo.o(i.uart_event_handler)
    i.uart_irq_handler                       0x0001eed4   Section        0  nrf_drv_uart.o(i.uart_irq_handler)
    uart_irq_handler                         0x0001eed5   Thumb Code   296  nrf_drv_uart.o(i.uart_irq_handler)
    i.uint16_encode                          0x0001effc   Section        0  ble_advdata.o(i.uint16_encode)
    uint16_encode                            0x0001effd   Thumb Code    10  ble_advdata.o(i.uint16_encode)
    i.update_timeout_handler                 0x0001f008   Section        0  ble_conn_params.o(i.update_timeout_handler)
    update_timeout_handler                   0x0001f009   Thumb Code    86  ble_conn_params.o(i.update_timeout_handler)
    i.user_op_alloc                          0x0001f06c   Section        0  app_timer.o(i.user_op_alloc)
    user_op_alloc                            0x0001f06d   Thumb Code    40  app_timer.o(i.user_op_alloc)
    i.uuid_list_encode                       0x0001f098   Section        0  ble_advdata.o(i.uuid_list_encode)
    uuid_list_encode                         0x0001f099   Thumb Code    48  ble_advdata.o(i.uuid_list_encode)
    i.uuid_list_sized_encode                 0x0001f0c8   Section        0  ble_advdata.o(i.uuid_list_sized_encode)
    uuid_list_sized_encode                   0x0001f0c9   Thumb Code   174  ble_advdata.o(i.uuid_list_sized_encode)
    i.whitelist_has_entries                  0x0001f178   Section        0  ble_advertising.o(i.whitelist_has_entries)
    whitelist_has_entries                    0x0001f179   Thumb Code    18  ble_advertising.o(i.whitelist_has_entries)
    i.wirereaddata                           0x0001f190   Section        0  pn532_i2c.o(i.wirereaddata)
    i.wirereadstatus                         0x0001f1c8   Section        0  pn532_i2c.o(i.wirereadstatus)
    i.wiresendcommand                        0x0001f1e0   Section        0  pn532_i2c.o(i.wiresendcommand)
    i.write_data_card                        0x0001f24c   Section        0  pn532_apply.o(i.write_data_card)
    .constdata                               0x0001f3bc   Section       32  main.o(.constdata)
    m_sec_req_timer_id                       0x0001f3bc   Data           4  main.o(.constdata)
    .constdata                               0x0001f3dc   Section        8  boards.o(.constdata)
    m_board_led_list                         0x0001f3dc   Data           4  boards.o(.constdata)
    m_board_btn_list                         0x0001f3e0   Data           4  boards.o(.constdata)
    .constdata                               0x0001f3e4   Section       44  bsp.o(.constdata)
    m_leds_timer_id                          0x0001f3e4   Data           4  bsp.o(.constdata)
    m_alert_timer_id                         0x0001f3e8   Data           4  bsp.o(.constdata)
    m_button_timer_id                        0x0001f3ec   Data           4  bsp.o(.constdata)
    app_buttons                              0x0001f3f0   Data          32  bsp.o(.constdata)
    .constdata                               0x0001f410   Section        4  ble_conn_params.o(.constdata)
    m_conn_params_timer_id                   0x0001f410   Data           4  ble_conn_params.o(.constdata)
    .constdata                               0x0001f414   Section       16  ble_nus.o(.constdata)
    .constdata                               0x0001f424   Section        4  nrf_drv_gpiote.o(.constdata)
    .constdata                               0x0001f428   Section       12  nrf_drv_twi.o(.constdata)
    .constdata                               0x0001f434   Section       32  app_uart_fifo.o(.constdata)
    .constdata                               0x0001f454   Section       16  pn532_i2c.o(.constdata)
    .constdata                               0x0001f464   Section        4  lock_gpio.o(.constdata)
    lpp_timer_0                              0x0001f464   Data           4  lock_gpio.o(.constdata)
    .data                                    0x20001fe8   Section        8  main.o(.data)
    index                                    0x20001fe8   Data           1  main.o(.data)
    m_conn_handle                            0x20001fea   Data           2  main.o(.data)
    m_adv_uuids                              0x20001fec   Data           4  main.o(.data)
    .data                                    0x20001ff0   Section       20  bsp.o(.data)
    m_stable_state                           0x20001ff0   Data           1  bsp.o(.data)
    m_leds_clear                             0x20001ff1   Data           1  bsp.o(.data)
    current_long_push_pin_no                 0x20001ff2   Data           1  bsp.o(.data)
    m_app_ticks_per_100ms                    0x20001ff4   Data           4  bsp.o(.data)
    m_indication_type                        0x20001ff8   Data           4  bsp.o(.data)
    m_registered_callback                    0x20001ffc   Data           4  bsp.o(.data)
    release_event_at_push                    0x20002000   Data           4  bsp.o(.data)
    .data                                    0x20002004   Section        8  bsp_btn_ble.o(.data)
    m_error_handler                          0x20002004   Data           4  bsp_btn_ble.o(.data)
    m_num_connections                        0x20002008   Data           4  bsp_btn_ble.o(.data)
    .data                                    0x2000200c   Section       48  ble_advertising.o(.data)
    m_initialized                            0x2000200c   Data           1  ble_advertising.o(.data)
    m_advertising_start_pending              0x2000200d   Data           1  ble_advertising.o(.data)
    m_adv_evt                                0x2000200e   Data           1  ble_advertising.o(.data)
    m_adv_mode_current                       0x2000200f   Data           1  ble_advertising.o(.data)
    m_peer_addr_reply_expected               0x20002010   Data           1  ble_advertising.o(.data)
    m_whitelist_temporarily_disabled         0x20002011   Data           1  ble_advertising.o(.data)
    m_whitelist_reply_expected               0x20002012   Data           1  ble_advertising.o(.data)
    m_current_slave_link_conn_handle         0x20002014   Data           2  ble_advertising.o(.data)
    m_slave_conn_int                         0x20002016   Data           4  ble_advertising.o(.data)
    m_evt_handler                            0x2000201c   Data           4  ble_advertising.o(.data)
    m_error_handler                          0x20002020   Data           4  ble_advertising.o(.data)
    m_peer_address                           0x20002024   Data           7  ble_advertising.o(.data)
    m_whitelist                              0x2000202c   Data          16  ble_advertising.o(.data)
    .data                                    0x2000203c   Section       20  ble_conn_params.o(.data)
    m_change_param                           0x2000203c   Data           1  ble_conn_params.o(.data)
    m_update_count                           0x2000203d   Data           1  ble_conn_params.o(.data)
    m_conn_handle                            0x2000203e   Data           2  ble_conn_params.o(.data)
    m_preferred_conn_params                  0x20002040   Data           8  ble_conn_params.o(.data)
    m_current_conn_params                    0x20002048   Data           8  ble_conn_params.o(.data)
    .data                                    0x20002050   Section       32  app_timer.o(.data)
    m_ticks_elapsed_q_read_ind               0x20002050   Data           1  app_timer.o(.data)
    m_ticks_elapsed_q_write_ind              0x20002051   Data           1  app_timer.o(.data)
    m_rtc1_running                           0x20002052   Data           1  app_timer.o(.data)
    m_rtc1_reset                             0x20002053   Data           1  app_timer.o(.data)
    mp_timer_id_head                         0x20002054   Data           4  app_timer.o(.data)
    m_ticks_latest                           0x20002058   Data           4  app_timer.o(.data)
    m_evt_schedule_func                      0x2000205c   Data           4  app_timer.o(.data)
    m_op_queue                               0x20002060   Data           8  app_timer.o(.data)
    m_ticks_elapsed                          0x20002068   Data           8  app_timer.o(.data)
    .data                                    0x20002070   Section       16  app_uart_fifo.o(.data)
    tx_buffer                                0x20002070   Data           1  app_uart_fifo.o(.data)
    rx_buffer                                0x20002071   Data           1  app_uart_fifo.o(.data)
    m_rx_ovf                                 0x20002072   Data           1  app_uart_fifo.o(.data)
    m_event_handler                          0x20002074   Data           4  app_uart_fifo.o(.data)
    app_uart_inst                            0x20002078   Data           8  app_uart_fifo.o(.data)
    .data                                    0x20002080   Section       12  app_util_platform.o(.data)
    m_in_critical_region                     0x20002080   Data           4  app_util_platform.o(.data)
    .data                                    0x2000208c   Section        4  retarget.o(.data)
    .data                                    0x20002090   Section       20  softdevice_handler.o(.data)
    m_softdevice_enabled                     0x20002090   Data           1  softdevice_handler.o(.data)
    m_suspended                              0x20002091   Data           1  softdevice_handler.o(.data)
    m_ble_evt_buffer_size                    0x20002092   Data           2  softdevice_handler.o(.data)
    m_evt_schedule_func                      0x20002094   Data           4  softdevice_handler.o(.data)
    mp_ble_evt_buffer                        0x20002098   Data           4  softdevice_handler.o(.data)
    m_ble_evt_handler                        0x2000209c   Data           4  softdevice_handler.o(.data)
    m_sys_evt_handler                        0x200020a0   Data           4  softdevice_handler.o(.data)
    .data                                    0x200020a4   Section        9  pn532_apply.o(.data)
    .data                                    0x200020b0   Section       36  pn532_i2c.o(.data)
    .data                                    0x200020d4   Section        4  system_nrf51.o(.data)
    __tagsym$$used                           0x200020d4   Number         0  system_nrf51.o(.data)
    .bss                                     0x200020d8   Section       32  main.o(.bss)
    m_sec_req_timer_id_data                  0x200020d8   Data          32  main.o(.bss)
    .bss                                     0x200020f8   Section      824  main.o(.bss)
    BLE_EVT_BUFFER                           0x20002110   Data          72  main.o(.bss)
    data_array                               0x20002158   Data          20  main.o(.bss)
    rx_buf                                   0x2000216c   Data         256  main.o(.bss)
    tx_buf                                   0x2000226c   Data         256  main.o(.bss)
    APP_TIMER_BUF                            0x2000236c   Data         168  main.o(.bss)
    .bss                                     0x20002430   Section       32  bsp.o(.bss)
    m_leds_timer_id_data                     0x20002430   Data          32  bsp.o(.bss)
    .bss                                     0x20002450   Section       32  bsp.o(.bss)
    m_alert_timer_id_data                    0x20002450   Data          32  bsp.o(.bss)
    .bss                                     0x20002470   Section       12  bsp.o(.bss)
    m_events_list                            0x20002470   Data          12  bsp.o(.bss)
    .bss                                     0x2000247c   Section       32  bsp.o(.bss)
    m_button_timer_id_data                   0x2000247c   Data          32  bsp.o(.bss)
    .bss                                     0x2000249c   Section      363  ble_advertising.o(.bss)
    m_adv_modes_config                       0x2000249c   Data          32  ble_advertising.o(.bss)
    m_advdata                                0x200024bc   Data          60  ble_advertising.o(.bss)
    m_manuf_specific_data                    0x200024f8   Data          12  ble_advertising.o(.bss)
    m_manuf_data_array                       0x20002504   Data          31  ble_advertising.o(.bss)
    m_service_data                           0x20002524   Data          12  ble_advertising.o(.bss)
    m_service_data_array                     0x20002530   Data          31  ble_advertising.o(.bss)
    m_whitelist_addrs                        0x2000254f   Data          56  ble_advertising.o(.bss)
    m_whitelist_irks                         0x20002587   Data         128  ble_advertising.o(.bss)
    .bss                                     0x20002608   Section       32  ble_advertising.o(.bss)
    m_p_whitelist_addrs                      0x20002608   Data          32  ble_advertising.o(.bss)
    .bss                                     0x20002628   Section       32  ble_advertising.o(.bss)
    m_p_whitelist_irks                       0x20002628   Data          32  ble_advertising.o(.bss)
    .bss                                     0x20002648   Section       32  ble_conn_params.o(.bss)
    m_conn_params_timer_id_data              0x20002648   Data          32  ble_conn_params.o(.bss)
    .bss                                     0x20002668   Section       28  ble_conn_params.o(.bss)
    m_conn_params_config                     0x20002668   Data          28  ble_conn_params.o(.bss)
    .bss                                     0x20002684   Section       20  nrf_drv_clock.o(.bss)
    m_clock_cb                               0x20002684   Data          20  nrf_drv_clock.o(.bss)
    .bss                                     0x20002698   Section       72  nrf_drv_gpiote.o(.bss)
    m_cb                                     0x20002698   Data          72  nrf_drv_gpiote.o(.bss)
    .bss                                     0x200026e0   Section       28  nrf_drv_uart.o(.bss)
    m_cb                                     0x200026e0   Data          28  nrf_drv_uart.o(.bss)
    .bss                                     0x200026fc   Section       40  nrf_drv_twi.o(.bss)
    m_cb                                     0x200026fc   Data          40  nrf_drv_twi.o(.bss)
    .bss                                     0x20002724   Section       32  app_uart_fifo.o(.bss)
    m_rx_fifo                                0x20002724   Data          16  app_uart_fifo.o(.bss)
    m_tx_fifo                                0x20002734   Data          16  app_uart_fifo.o(.bss)
    .bss                                     0x20002744   Section      104  fstorage.o(.bss)
    m_queue                                  0x20002744   Data         104  fstorage.o(.bss)
    .bss                                     0x200027ac   Section       64  pn532_i2c.o(.bss)
    .bss                                     0x200027ec   Section       32  lock_gpio.o(.bss)
    lpp_timer_0_data                         0x200027ec   Data          32  lock_gpio.o(.bss)
    .bss                                     0x2000280c   Section       36  lock_gpio.o(.bss)
    low_power_pwm_0                          0x2000280c   Data          36  lock_gpio.o(.bss)
    STACK                                    0x20002830   Section     2048  arm_startup_nrf51.o(STACK)

    Global Symbols

    Symbol Name                              Value     Ov Type        Size  Object(Section)

    BuildAttributes$$THM_ISAv3M$S$PE$A:L22$X:L11$S22$IEEE1$IW$USESV6$~STKCKD$USESV7$~SHL$OSPACE$ROPI$EBA8$MICROLIB$REQ8$PRES8$EABIv2 0x00000000   Number         0  anon$$obj.o ABSOLUTE
    __ARM_use_no_argv                        0x00000000   Number         0  main.o ABSOLUTE
    _printf_a                                0x00000000   Number         0  stubs.o ABSOLUTE
    _printf_c                                0x00000000   Number         0  stubs.o ABSOLUTE
    _printf_charcount                        0x00000000   Number         0  stubs.o ABSOLUTE
    _printf_d                                0x00000000   Number         0  stubs.o ABSOLUTE
    _printf_e                                0x00000000   Number         0  stubs.o ABSOLUTE
    _printf_f                                0x00000000   Number         0  stubs.o ABSOLUTE
    _printf_flags                            0x00000000   Number         0  stubs.o ABSOLUTE
    _printf_fp_dec                           0x00000000   Number         0  stubs.o ABSOLUTE
    _printf_fp_hex                           0x00000000   Number         0  stubs.o ABSOLUTE
    _printf_g                                0x00000000   Number         0  stubs.o ABSOLUTE
    _printf_i                                0x00000000   Number         0  stubs.o ABSOLUTE
    _printf_int_dec                          0x00000000   Number         0  stubs.o ABSOLUTE
    _printf_l                                0x00000000   Number         0  stubs.o ABSOLUTE
    _printf_lc                               0x00000000   Number         0  stubs.o ABSOLUTE
    _printf_ll                               0x00000000   Number         0  stubs.o ABSOLUTE
    _printf_lld                              0x00000000   Number         0  stubs.o ABSOLUTE
    _printf_lli                              0x00000000   Number         0  stubs.o ABSOLUTE
    _printf_llo                              0x00000000   Number         0  stubs.o ABSOLUTE
    _printf_llu                              0x00000000   Number         0  stubs.o ABSOLUTE
    _printf_llx                              0x00000000   Number         0  stubs.o ABSOLUTE
    _printf_longlong_dec                     0x00000000   Number         0  stubs.o ABSOLUTE
    _printf_longlong_hex                     0x00000000   Number         0  stubs.o ABSOLUTE
    _printf_longlong_oct                     0x00000000   Number         0  stubs.o ABSOLUTE
    _printf_ls                               0x00000000   Number         0  stubs.o ABSOLUTE
    _printf_mbtowc                           0x00000000   Number         0  stubs.o ABSOLUTE
    _printf_n                                0x00000000   Number         0  stubs.o ABSOLUTE
    _printf_o                                0x00000000   Number         0  stubs.o ABSOLUTE
    _printf_p                                0x00000000   Number         0  stubs.o ABSOLUTE
    _printf_percent                          0x00000000   Number         0  stubs.o ABSOLUTE
    _printf_pre_padding                      0x00000000   Number         0  stubs.o ABSOLUTE
    _printf_return_value                     0x00000000   Number         0  stubs.o ABSOLUTE
    _printf_s                                0x00000000   Number         0  stubs.o ABSOLUTE
    _printf_sizespec                         0x00000000   Number         0  stubs.o ABSOLUTE
    _printf_str                              0x00000000   Number         0  stubs.o ABSOLUTE
    _printf_truncate_signed                  0x00000000   Number         0  stubs.o ABSOLUTE
    _printf_truncate_unsigned                0x00000000   Number         0  stubs.o ABSOLUTE
    _printf_u                                0x00000000   Number         0  stubs.o ABSOLUTE
    _printf_wc                               0x00000000   Number         0  stubs.o ABSOLUTE
    _printf_wctomb                           0x00000000   Number         0  stubs.o ABSOLUTE
    _printf_widthprec                        0x00000000   Number         0  stubs.o ABSOLUTE
    _printf_x                                0x00000000   Number         0  stubs.o ABSOLUTE
    __cpp_initialize__aeabi_                  - Undefined Weak Reference
    __cxa_finalize                            - Undefined Weak Reference
    __decompress                              - Undefined Weak Reference
    _clock_init                               - Undefined Weak Reference
    _microlib_exit                            - Undefined Weak Reference
    fs_data$$Base                             - Undefined Reference
    fs_data$$Limit                            - Undefined Reference
    __Vectors_Size                           0x000000c0   Number         0  arm_startup_nrf51.o ABSOLUTE
    __Vectors                                0x0001b000   Data           4  arm_startup_nrf51.o(RESET)
    __Vectors_End                            0x0001b0c0   Data           0  arm_startup_nrf51.o(RESET)
    __main                                   0x0001b0c1   Thumb Code     0  entry.o(.ARM.Collect$$$$00000000)
    _main_stk                                0x0001b0c1   Thumb Code     0  entry2.o(.ARM.Collect$$$$00000001)
    _main_scatterload                        0x0001b0c5   Thumb Code     0  entry5.o(.ARM.Collect$$$$00000004)
    __main_after_scatterload                 0x0001b0c9   Thumb Code     0  entry5.o(.ARM.Collect$$$$00000004)
    _main_clock                              0x0001b0c9   Thumb Code     0  entry7b.o(.ARM.Collect$$$$00000008)
    _main_cpp_init                           0x0001b0c9   Thumb Code     0  entry8b.o(.ARM.Collect$$$$0000000A)
    _main_init                               0x0001b0c9   Thumb Code     0  entry9a.o(.ARM.Collect$$$$0000000B)
    __rt_final_cpp                           0x0001b0d1   Thumb Code     0  entry10a.o(.ARM.Collect$$$$0000000D)
    __rt_final_exit                          0x0001b0d1   Thumb Code     0  entry11a.o(.ARM.Collect$$$$0000000F)
    Reset_Handler                            0x0001b0d5   Thumb Code    26  arm_startup_nrf51.o(.text)
    NMI_Handler                              0x0001b0ef   Thumb Code     2  arm_startup_nrf51.o(.text)
    HardFault_Handler                        0x0001b0f1   Thumb Code     2  arm_startup_nrf51.o(.text)
    SVC_Handler                              0x0001b0f3   Thumb Code     2  arm_startup_nrf51.o(.text)
    PendSV_Handler                           0x0001b0f5   Thumb Code     2  arm_startup_nrf51.o(.text)
    SysTick_Handler                          0x0001b0f7   Thumb Code     2  arm_startup_nrf51.o(.text)
    ADC_IRQHandler                           0x0001b0f9   Thumb Code     0  arm_startup_nrf51.o(.text)
    CCM_AAR_IRQHandler                       0x0001b0f9   Thumb Code     0  arm_startup_nrf51.o(.text)
    ECB_IRQHandler                           0x0001b0f9   Thumb Code     0  arm_startup_nrf51.o(.text)
    LPCOMP_IRQHandler                        0x0001b0f9   Thumb Code     0  arm_startup_nrf51.o(.text)
    QDEC_IRQHandler                          0x0001b0f9   Thumb Code     0  arm_startup_nrf51.o(.text)
    RADIO_IRQHandler                         0x0001b0f9   Thumb Code     0  arm_startup_nrf51.o(.text)
    RNG_IRQHandler                           0x0001b0f9   Thumb Code     0  arm_startup_nrf51.o(.text)
    RTC0_IRQHandler                          0x0001b0f9   Thumb Code     0  arm_startup_nrf51.o(.text)
    SPI0_TWI0_IRQHandler                     0x0001b0f9   Thumb Code     0  arm_startup_nrf51.o(.text)
    SWI1_IRQHandler                          0x0001b0f9   Thumb Code     0  arm_startup_nrf51.o(.text)
    SWI3_IRQHandler                          0x0001b0f9   Thumb Code     0  arm_startup_nrf51.o(.text)
    SWI4_IRQHandler                          0x0001b0f9   Thumb Code     0  arm_startup_nrf51.o(.text)
    SWI5_IRQHandler                          0x0001b0f9   Thumb Code     0  arm_startup_nrf51.o(.text)
    TEMP_IRQHandler                          0x0001b0f9   Thumb Code     0  arm_startup_nrf51.o(.text)
    TIMER0_IRQHandler                        0x0001b0f9   Thumb Code     0  arm_startup_nrf51.o(.text)
    TIMER1_IRQHandler                        0x0001b0f9   Thumb Code     0  arm_startup_nrf51.o(.text)
    TIMER2_IRQHandler                        0x0001b0f9   Thumb Code     0  arm_startup_nrf51.o(.text)
    WDT_IRQHandler                           0x0001b0f9   Thumb Code     0  arm_startup_nrf51.o(.text)
    __aeabi_uidiv                            0x0001b10d   Thumb Code     0  uidiv.o(.text)
    __aeabi_uidivmod                         0x0001b10d   Thumb Code    44  uidiv.o(.text)
    __aeabi_memcpy                           0x0001b139   Thumb Code    36  memcpya.o(.text)
    __aeabi_memcpy4                          0x0001b139   Thumb Code     0  memcpya.o(.text)
    __aeabi_memcpy8                          0x0001b139   Thumb Code     0  memcpya.o(.text)
    __aeabi_memset                           0x0001b15d   Thumb Code    14  memseta.o(.text)
    __aeabi_memset4                          0x0001b15d   Thumb Code     0  memseta.o(.text)
    __aeabi_memset8                          0x0001b15d   Thumb Code     0  memseta.o(.text)
    __aeabi_memclr                           0x0001b16b   Thumb Code     4  memseta.o(.text)
    __aeabi_memclr4                          0x0001b16b   Thumb Code     0  memseta.o(.text)
    __aeabi_memclr8                          0x0001b16b   Thumb Code     0  memseta.o(.text)
    _memset$wrapper                          0x0001b16f   Thumb Code    18  memseta.o(.text)
    strncmp                                  0x0001b181   Thumb Code    30  strncmp.o(.text)
    __aeabi_uldivmod                         0x0001b19f   Thumb Code    96  uldiv.o(.text)
    __scatterload                            0x0001b201   Thumb Code    28  init.o(.text)
    __scatterload_rt2                        0x0001b201   Thumb Code     0  init.o(.text)
    __aeabi_llsl                             0x0001b225   Thumb Code    32  llshl.o(.text)
    _ll_shift_l                              0x0001b225   Thumb Code     0  llshl.o(.text)
    __aeabi_llsr                             0x0001b245   Thumb Code    34  llushr.o(.text)
    _ll_ushift_r                             0x0001b245   Thumb Code     0  llushr.o(.text)
    CategoryBConfig                          0x0001b269   Thumb Code   156  pn532_i2c.o(i.CategoryBConfig)
    GPIOTE_IRQHandler                        0x0001b331   Thumb Code   364  nrf_drv_gpiote.o(i.GPIOTE_IRQHandler)
    POWER_CLOCK_IRQHandler                   0x0001b4ed   Thumb Code    70  nrf_drv_clock.o(i.POWER_CLOCK_IRQHandler)
    RTC1_IRQHandler                          0x0001b541   Thumb Code    28  app_timer.o(i.RTC1_IRQHandler)
    SAMConfig                                0x0001b561   Thumb Code    54  pn532_i2c.o(i.SAMConfig)
    SPI1_TWI1_IRQHandler                     0x0001b59d   Thumb Code    12  nrf_drv_twi.o(i.SPI1_TWI1_IRQHandler)
    SWI0_IRQHandler                          0x0001b5b1   Thumb Code     8  app_timer.o(i.SWI0_IRQHandler)
    SWI2_IRQHandler                          0x0001b5b9   Thumb Code    20  softdevice_handler.o(i.SWI2_IRQHandler)
    SetParameters                            0x0001b5d1   Thumb Code    66  pn532_i2c.o(i.SetParameters)
    SetRFConfiguration                       0x0001b619   Thumb Code   188  pn532_i2c.o(i.SetRFConfiguration)
    SystemInit                               0x0001b6d9   Thumb Code   130  system_nrf51.o(i.SystemInit)
    UART0_IRQHandler                         0x0001b779   Thumb Code    12  nrf_drv_uart.o(i.UART0_IRQHandler)
    __0printf$8                              0x0001b78d   Thumb Code    24  printf8.o(i.__0printf$8)
    __1printf$8                              0x0001b78d   Thumb Code     0  printf8.o(i.__0printf$8)
    __2printf                                0x0001b78d   Thumb Code     0  printf8.o(i.__0printf$8)
    __ARM_common_switch8                     0x0001b7ad   Thumb Code    26  bsp.o(i.__ARM_common_switch8)
    __scatterload_copy                       0x0001b7c7   Thumb Code    14  handlers.o(i.__scatterload_copy)
    __scatterload_null                       0x0001b7d5   Thumb Code     2  handlers.o(i.__scatterload_null)
    __scatterload_zeroinit                   0x0001b7d7   Thumb Code    14  handlers.o(i.__scatterload_zeroinit)
    adv_data_encode                          0x0001bc75   Thumb Code   398  ble_advdata.o(i.adv_data_encode)
    app_error_fault_handler                  0x0001bea9   Thumb Code    18  app_error_weak.o(i.app_error_fault_handler)
    app_error_handler_bare                   0x0001bec5   Thumb Code    20  app_error.o(i.app_error_handler_bare)
    app_fifo_get                             0x0001bedd   Thumb Code    22  app_fifo.o(i.app_fifo_get)
    app_fifo_init                            0x0001bef3   Thumb Code    36  app_fifo.o(i.app_fifo_init)
    app_fifo_put                             0x0001bf17   Thumb Code    26  app_fifo.o(i.app_fifo_put)
    app_timer_create                         0x0001bf31   Thumb Code    40  app_timer.o(i.app_timer_create)
    app_timer_init                           0x0001bf5d   Thumb Code    98  app_timer.o(i.app_timer_init)
    app_timer_start                          0x0001bfd1   Thumb Code   128  app_timer.o(i.app_timer_start)
    app_timer_stop                           0x0001c059   Thumb Code    36  app_timer.o(i.app_timer_stop)
    app_uart_get                             0x0001c081   Thumb Code    38  app_uart_fifo.o(i.app_uart_get)
    app_uart_init                            0x0001c0b1   Thumb Code   160  app_uart_fifo.o(i.app_uart_init)
    app_uart_put                             0x0001c161   Thumb Code    56  app_uart_fifo.o(i.app_uart_put)
    app_util_critical_region_enter           0x0001c1a1   Thumb Code    48  app_util_platform.o(i.app_util_critical_region_enter)
    app_util_critical_region_exit            0x0001c1dd   Thumb Code    36  app_util_platform.o(i.app_util_critical_region_exit)
    beep_gpio_init                           0x0001c28d   Thumb Code    68  lock_gpio.o(i.beep_gpio_init)
    beep_test                                0x0001c2dd   Thumb Code    26  lock_gpio.o(i.beep_test)
    ble_advdata_set                          0x0001c2fd   Thumb Code   104  ble_advdata.o(i.ble_advdata_set)
    ble_advertising_init                     0x0001c365   Thumb Code   340  ble_advertising.o(i.ble_advertising_init)
    ble_advertising_on_ble_evt               0x0001c4c1   Thumb Code    82  ble_advertising.o(i.ble_advertising_on_ble_evt)
    ble_advertising_start                    0x0001c519   Thumb Code   256  ble_advertising.o(i.ble_advertising_start)
    ble_conn_params_init                     0x0001c621   Thumb Code    68  ble_conn_params.o(i.ble_conn_params_init)
    ble_conn_params_on_ble_evt               0x0001c675   Thumb Code   130  ble_conn_params.o(i.ble_conn_params_on_ble_evt)
    ble_nus_init                             0x0001c78d   Thumb Code    98  ble_nus.o(i.ble_nus_init)
    ble_nus_on_ble_evt                       0x0001c7f5   Thumb Code    92  ble_nus.o(i.ble_nus_on_ble_evt)
    ble_nus_string_send                      0x0001c851   Thumb Code    78  ble_nus.o(i.ble_nus_string_send)
    ble_srv_is_notification_enabled          0x0001c8a5   Thumb Code    14  ble_srv_common.o(i.ble_srv_is_notification_enabled)
    bsp_board_button_idx_to_pin              0x0001c8b5   Thumb Code     6  boards.o(i.bsp_board_button_idx_to_pin)
    bsp_board_led_invert                     0x0001c8c1   Thumb Code    24  boards.o(i.bsp_board_led_invert)
    bsp_board_led_off                        0x0001c8e1   Thumb Code    14  boards.o(i.bsp_board_led_off)
    bsp_board_led_on                         0x0001c8f5   Thumb Code    14  boards.o(i.bsp_board_led_on)
    bsp_board_led_state_get                  0x0001c909   Thumb Code    24  boards.o(i.bsp_board_led_state_get)
    bsp_board_leds_off                       0x0001c929   Thumb Code    18  boards.o(i.bsp_board_leds_off)
    bsp_board_leds_on                        0x0001c93b   Thumb Code    18  boards.o(i.bsp_board_leds_on)
    bsp_board_pin_to_button_idx              0x0001c94d   Thumb Code    30  boards.o(i.bsp_board_pin_to_button_idx)
    bsp_btn_ble_on_ble_evt                   0x0001c971   Thumb Code   114  bsp_btn_ble.o(i.bsp_btn_ble_on_ble_evt)
    bsp_btn_ble_sleep_mode_prepare           0x0001c9e9   Thumb Code    34  bsp_btn_ble.o(i.bsp_btn_ble_sleep_mode_prepare)
    bsp_event_to_button_action_assign        0x0001caa1   Thumb Code    66  bsp.o(i.bsp_event_to_button_action_assign)
    bsp_indication_set                       0x0001cae9   Thumb Code    22  bsp.o(i.bsp_indication_set)
    bsp_wakeup_button_enable                 0x0001cc85   Thumb Code    16  bsp.o(i.bsp_wakeup_button_enable)
    device_pn532_init                        0x0001ce6d   Thumb Code    80  pn532_apply.o(i.device_pn532_init)
    fputc                                    0x0001cfcf   Thumb Code    14  retarget.o(i.fputc)
    fs_queued_op_count_get                   0x0001cfdd   Thumb Code    18  fstorage.o(i.fs_queued_op_count_get)
    getFirmwareVersion                       0x0001cff5   Thumb Code    78  pn532_i2c.o(i.getFirmwareVersion)
    i2c_device_read_buffer                   0x0001d04d   Thumb Code    16  pn532_i2c.o(i.i2c_device_read_buffer)
    i2c_write_buffer                         0x0001d061   Thumb Code    20  pn532_i2c.o(i.i2c_write_buffer)
    init_pnc523_i2c                          0x0001d079   Thumb Code    42  pn532_i2c.o(i.init_pnc523_i2c)
    intern_softdevice_events_execute         0x0001d0ad   Thumb Code   122  softdevice_handler.o(i.intern_softdevice_events_execute)
    low_power_pwm_duty_set                   0x0001d3e1   Thumb Code    16  low_power_pwm.o(i.low_power_pwm_duty_set)
    low_power_pwm_init                       0x0001d3f1   Thumb Code    92  low_power_pwm.o(i.low_power_pwm_init)
    low_power_pwm_start                      0x0001d451   Thumb Code    38  low_power_pwm.o(i.low_power_pwm_start)
    low_power_pwm_stop                       0x0001d477   Thumb Code    36  low_power_pwm.o(i.low_power_pwm_stop)
    main                                     0x0001d49d   Thumb Code   346  main.o(i.main)
    mifareclassic_AuthenticateBlock          0x0001d699   Thumb Code   152  pn532_i2c.o(i.mifareclassic_AuthenticateBlock)
    mifareclassic_ReadDataBlock              0x0001d739   Thumb Code    76  pn532_i2c.o(i.mifareclassic_ReadDataBlock)
    mifareclassic_WriteDataBlock             0x0001d789   Thumb Code    60  pn532_i2c.o(i.mifareclassic_WriteDataBlock)
    mifareultralight_ReadPage                0x0001d7c9   Thumb Code    82  pn532_i2c.o(i.mifareultralight_ReadPage)
    my_memset                                0x0001d821   Thumb Code    16  pn532_i2c.o(i.my_memset)
    nrf_drv_clock_init                       0x0001d9f9   Thumb Code    60  nrf_drv_clock.o(i.nrf_drv_clock_init)
    nrf_drv_clock_on_sd_enable               0x0001da41   Thumb Code    46  nrf_drv_clock.o(i.nrf_drv_clock_on_sd_enable)
    nrf_drv_clock_on_soc_event               0x0001da75   Thumb Code    12  nrf_drv_clock.o(i.nrf_drv_clock_on_soc_event)
    nrf_drv_common_irq_enable                0x0001da81   Thumb Code    78  nrf_drv_common.o(i.nrf_drv_common_irq_enable)
    nrf_drv_twi_enable                       0x0001dae1   Thumb Code    28  nrf_drv_twi.o(i.nrf_drv_twi_enable)
    nrf_drv_twi_init                         0x0001db01   Thumb Code   124  nrf_drv_twi.o(i.nrf_drv_twi_init)
    nrf_drv_twi_rx                           0x0001db89   Thumb Code    30  nrf_drv_twi.o(i.nrf_drv_twi_rx)
    nrf_drv_twi_tx                           0x0001dbad   Thumb Code    36  nrf_drv_twi.o(i.nrf_drv_twi_tx)
    nrf_drv_twi_xfer                         0x0001dbd1   Thumb Code    36  nrf_drv_twi.o(i.nrf_drv_twi_xfer)
    nrf_drv_uart_init                        0x0001dbf9   Thumb Code   118  nrf_drv_uart.o(i.nrf_drv_uart_init)
    nrf_drv_uart_rx                          0x0001dc79   Thumb Code    86  nrf_drv_uart.o(i.nrf_drv_uart_rx)
    nrf_drv_uart_rx_enable                   0x0001dcd5   Thumb Code    40  nrf_drv_uart.o(i.nrf_drv_uart_rx_enable)
    nrf_drv_uart_tx                          0x0001dda9   Thumb Code    46  nrf_drv_uart.o(i.nrf_drv_uart_tx)
    nrf_drv_uart_tx_in_progress              0x0001de69   Thumb Code    20  nrf_drv_uart.o(i.nrf_drv_uart_tx_in_progress)
    pn532_appliction                         0x0001e0c9   Thumb Code    60  pn532_apply.o(i.pn532_appliction)
    pn532_gpio_init                          0x0001e111   Thumb Code     8  pn532_i2c.o(i.pn532_gpio_init)
    pn532_timeout_handler                    0x0001e11d   Thumb Code     2  pn532_apply.o(i.pn532_timeout_handler)
    qk_lock_init                             0x0001e199   Thumb Code     8  lock_gpio.o(i.qk_lock_init)
    readPassiveTargetID                      0x0001e1a1   Thumb Code   122  pn532_i2c.o(i.readPassiveTargetID)
    readTypeBuid                             0x0001e221   Thumb Code   218  pn532_i2c.o(i.readTypeBuid)
    read_data_card                           0x0001e31d   Thumb Code    84  pn532_apply.o(i.read_data_card)
    readackframe                             0x0001e379   Thumb Code    32  pn532_i2c.o(i.readackframe)
    sendCommandCheckAck                      0x0001e559   Thumb Code    54  pn532_i2c.o(i.sendCommandCheckAck)
    softdevice_ble_evt_handler_set           0x0001e6d9   Thumb Code    16  softdevice_handler.o(i.softdevice_ble_evt_handler_set)
    softdevice_enable                        0x0001e6ed   Thumb Code    14  softdevice_handler.o(i.softdevice_enable)
    softdevice_enable_get_default_config     0x0001e701   Thumb Code    40  softdevice_handler.o(i.softdevice_enable_get_default_config)
    softdevice_fault_handler                 0x0001e729   Thumb Code     8  softdevice_handler.o(i.softdevice_fault_handler)
    softdevice_handler_init                  0x0001e731   Thumb Code    74  softdevice_handler.o(i.softdevice_handler_init)
    softdevice_handler_is_enabled            0x0001e789   Thumb Code     6  softdevice_handler.o(i.softdevice_handler_is_enabled)
    test_uid                                 0x0001e795   Thumb Code    64  pn532_apply.o(i.test_uid)
    uart_event_handle                        0x0001eddd   Thumb Code    70  main.o(i.uart_event_handle)
    wirereaddata                             0x0001f191   Thumb Code    54  pn532_i2c.o(i.wirereaddata)
    wirereadstatus                           0x0001f1c9   Thumb Code    20  pn532_i2c.o(i.wirereadstatus)
    wiresendcommand                          0x0001f1e1   Thumb Code   108  pn532_i2c.o(i.wiresendcommand)
    write_data_card                          0x0001f24d   Thumb Code   224  pn532_apply.o(i.write_data_card)
    Region$$Table$$Base                      0x0001f468   Number         0  anon$$obj.o(Region$$Table)
    Region$$Table$$Limit                     0x0001f488   Number         0  anon$$obj.o(Region$$Table)
    Image$$RW_IRAM1$$Base                    0x20001fe8   Number         0  anon$$obj.o ABSOLUTE
    nrf_nvic_state                           0x20002084   Data           8  app_util_platform.o(.data)
    __stdout                                 0x2000208c   Data           4  retarget.o(.data)
    success                                  0x200020a4   Data           1  pn532_apply.o(.data)
    uidLength                                0x200020a5   Data           1  pn532_apply.o(.data)
    uid                                      0x200020a6   Data           7  pn532_apply.o(.data)
    _uidLen                                  0x200020b0   Data           1  pn532_i2c.o(.data)
    inListedTag                              0x200020b1   Data           1  pn532_i2c.o(.data)
    pn532ack                                 0x200020b2   Data           6  pn532_i2c.o(.data)
    pn532response_firmwarevers               0x200020b8   Data           6  pn532_i2c.o(.data)
    _key                                     0x200020be   Data           6  pn532_i2c.o(.data)
    _uid                                     0x200020c4   Data           7  pn532_i2c.o(.data)
    gtMpuTwi                                 0x200020cc   Data           8  pn532_i2c.o(.data)
    SystemCoreClock                          0x200020d4   Data           4  system_nrf51.o(.data)
    recv_data                                0x200020f8   Data          24  main.o(.bss)
    m_nus                                    0x20002414   Data          28  main.o(.bss)
    pn532_packetbuffer                       0x200027ac   Data          64  pn532_i2c.o(.bss)
    __initial_sp                             0x20003030   Data           0  arm_startup_nrf51.o(STACK)



==============================================================================

Memory Map of the image

  Image Entry point : 0x0001b0c1

  Load Region LR_IROM1 (Base: 0x0001b000, Size: 0x00004578, Max: 0x00025000, ABSOLUTE)

    Execution Region ER_IROM1 (Base: 0x0001b000, Size: 0x00004488, Max: 0x00025000, ABSOLUTE)

    Base Addr    Size         Type   Attr      Idx    E Section Name        Object

    0x0001b000   0x000000c0   Data   RO         3311    RESET               arm_startup_nrf51.o
    0x0001b0c0   0x00000000   Code   RO         3353  * .ARM.Collect$$$$00000000  mc_p.l(entry.o)
    0x0001b0c0   0x00000004   Code   RO         3631    .ARM.Collect$$$$00000001  mc_p.l(entry2.o)
    0x0001b0c4   0x00000004   Code   RO         3634    .ARM.Collect$$$$00000004  mc_p.l(entry5.o)
    0x0001b0c8   0x00000000   Code   RO         3636    .ARM.Collect$$$$00000008  mc_p.l(entry7b.o)
    0x0001b0c8   0x00000000   Code   RO         3638    .ARM.Collect$$$$0000000A  mc_p.l(entry8b.o)
    0x0001b0c8   0x00000008   Code   RO         3639    .ARM.Collect$$$$0000000B  mc_p.l(entry9a.o)
    0x0001b0d0   0x00000000   Code   RO         3641    .ARM.Collect$$$$0000000D  mc_p.l(entry10a.o)
    0x0001b0d0   0x00000000   Code   RO         3643    .ARM.Collect$$$$0000000F  mc_p.l(entry11a.o)
    0x0001b0d0   0x00000004   Code   RO         3632    .ARM.Collect$$$$00002712  mc_p.l(entry2.o)
    0x0001b0d4   0x00000038   Code   RO         3312    .text               arm_startup_nrf51.o
    0x0001b10c   0x0000002c   Code   RO         3356    .text               mc_p.l(uidiv.o)
    0x0001b138   0x00000024   Code   RO         3358    .text               mc_p.l(memcpya.o)
    0x0001b15c   0x00000024   Code   RO         3360    .text               mc_p.l(memseta.o)
    0x0001b180   0x0000001e   Code   RO         3366    .text               mc_p.l(strncmp.o)
    0x0001b19e   0x00000060   Code   RO         3645    .text               mc_p.l(uldiv.o)
    0x0001b1fe   0x00000002   PAD
    0x0001b200   0x00000024   Code   RO         3658    .text               mc_p.l(init.o)
    0x0001b224   0x00000020   Code   RO         3660    .text               mc_p.l(llshl.o)
    0x0001b244   0x00000022   Code   RO         3662    .text               mc_p.l(llushr.o)
    0x0001b266   0x00000002   PAD
    0x0001b268   0x000000c8   Code   RO         2864    i.CategoryBConfig   pn532_i2c.o
    0x0001b330   0x00000178   Code   RO         1157    i.GPIOTE_IRQHandler  nrf_drv_gpiote.o
    0x0001b4a8   0x00000044   Code   RO         1973    i.NVIC_SetPriority  app_timer.o
    0x0001b4ec   0x00000054   Code   RO          945    i.POWER_CLOCK_IRQHandler  nrf_drv_clock.o
    0x0001b540   0x00000020   Code   RO         1974    i.RTC1_IRQHandler   app_timer.o
    0x0001b560   0x0000003c   Code   RO         2865    i.SAMConfig         pn532_i2c.o
    0x0001b59c   0x00000014   Code   RO         1549    i.SPI1_TWI1_IRQHandler  nrf_drv_twi.o
    0x0001b5b0   0x00000008   Code   RO         1975    i.SWI0_IRQHandler   app_timer.o
    0x0001b5b8   0x00000018   Code   RO         2645    i.SWI2_IRQHandler   softdevice_handler.o
    0x0001b5d0   0x00000048   Code   RO         2866    i.SetParameters     pn532_i2c.o
    0x0001b618   0x000000c0   Code   RO         2867    i.SetRFConfiguration  pn532_i2c.o
    0x0001b6d8   0x000000a0   Code   RO         3319    i.SystemInit        system_nrf51.o
    0x0001b778   0x00000014   Code   RO         1372    i.UART0_IRQHandler  nrf_drv_uart.o
    0x0001b78c   0x00000020   Code   RO         3577    i.__0printf$8       mc_p.l(printf8.o)
    0x0001b7ac   0x0000001a   Code   RO          511    i.__ARM_common_switch8  bsp.o
    0x0001b7c6   0x0000000e   Code   RO         3672    i.__scatterload_copy  mc_p.l(handlers.o)
    0x0001b7d4   0x00000002   Code   RO         3673    i.__scatterload_null  mc_p.l(handlers.o)
    0x0001b7d6   0x0000000e   Code   RO         3674    i.__scatterload_zeroinit  mc_p.l(handlers.o)
    0x0001b7e4   0x0000001c   Code   RO         2646    i.__sd_nvic_app_accessible_irq  softdevice_handler.o
    0x0001b800   0x00000428   Code   RO         3584    i._printf_core      mc_p.l(printf8.o)
    0x0001bc28   0x00000020   Code   RO         3585    i._printf_post_padding  mc_p.l(printf8.o)
    0x0001bc48   0x0000002c   Code   RO         3586    i._printf_pre_padding  mc_p.l(printf8.o)
    0x0001bc74   0x0000018e   Code   RO          604    i.adv_data_encode   ble_advdata.o
    0x0001be02   0x00000002   PAD
    0x0001be04   0x00000068   Code   RO          689    i.adv_mode_next_avail_get  ble_advertising.o
    0x0001be6c   0x0000003c   Code   RO          530    i.advertising_buttons_configure  bsp_btn_ble.o
    0x0001bea8   0x0000001c   Code   RO         1878    i.app_error_fault_handler  app_error_weak.o
    0x0001bec4   0x00000018   Code   RO         1840    i.app_error_handler_bare  app_error.o
    0x0001bedc   0x00000016   Code   RO         1905    i.app_fifo_get      app_fifo.o
    0x0001bef2   0x00000024   Code   RO         1906    i.app_fifo_init     app_fifo.o
    0x0001bf16   0x0000001a   Code   RO         1908    i.app_fifo_put      app_fifo.o
    0x0001bf30   0x0000002c   Code   RO         1978    i.app_timer_create  app_timer.o
    0x0001bf5c   0x00000074   Code   RO         1979    i.app_timer_init    app_timer.o
    0x0001bfd0   0x00000088   Code   RO         1980    i.app_timer_start   app_timer.o
    0x0001c058   0x00000028   Code   RO         1981    i.app_timer_stop    app_timer.o
    0x0001c080   0x00000030   Code   RO         2117    i.app_uart_get      app_uart_fifo.o
    0x0001c0b0   0x000000b0   Code   RO         2118    i.app_uart_init     app_uart_fifo.o
    0x0001c160   0x00000040   Code   RO         2119    i.app_uart_put      app_uart_fifo.o
    0x0001c1a0   0x0000003c   Code   RO         2174    i.app_util_critical_region_enter  app_util_platform.o
    0x0001c1dc   0x0000002c   Code   RO         2175    i.app_util_critical_region_exit  app_util_platform.o
    0x0001c208   0x00000084   Code   RO         1373    i.apply_config      nrf_drv_uart.o
    0x0001c28c   0x00000050   Code   RO         3109    i.beep_gpio_init    lock_gpio.o
    0x0001c2dc   0x00000020   Code   RO         3110    i.beep_test         lock_gpio.o
    0x0001c2fc   0x00000068   Code   RO          605    i.ble_advdata_set   ble_advdata.o
    0x0001c364   0x0000015c   Code   RO          690    i.ble_advertising_init  ble_advertising.o
    0x0001c4c0   0x00000058   Code   RO          691    i.ble_advertising_on_ble_evt  ble_advertising.o
    0x0001c518   0x00000108   Code   RO          695    i.ble_advertising_start  ble_advertising.o
    0x0001c620   0x00000054   Code   RO          783    i.ble_conn_params_init  ble_conn_params.o
    0x0001c674   0x00000090   Code   RO          784    i.ble_conn_params_on_ble_evt  ble_conn_params.o
    0x0001c704   0x0000005e   Code   RO          606    i.ble_device_addr_encode  ble_advdata.o
    0x0001c762   0x00000002   PAD
    0x0001c764   0x00000028   Code   RO            4    i.ble_evt_dispatch  main.o
    0x0001c78c   0x00000068   Code   RO          902    i.ble_nus_init      ble_nus.o
    0x0001c7f4   0x0000005c   Code   RO          903    i.ble_nus_on_ble_evt  ble_nus.o
    0x0001c850   0x00000054   Code   RO          904    i.ble_nus_string_send  ble_nus.o
    0x0001c8a4   0x0000000e   Code   RO          849    i.ble_srv_is_notification_enabled  ble_srv_common.o
    0x0001c8b2   0x00000002   PAD
    0x0001c8b4   0x0000000c   Code   RO          305    i.bsp_board_button_idx_to_pin  boards.o
    0x0001c8c0   0x00000020   Code   RO          309    i.bsp_board_led_invert  boards.o
    0x0001c8e0   0x00000014   Code   RO          310    i.bsp_board_led_off  boards.o
    0x0001c8f4   0x00000014   Code   RO          311    i.bsp_board_led_on  boards.o
    0x0001c908   0x00000020   Code   RO          312    i.bsp_board_led_state_get  boards.o
    0x0001c928   0x00000012   Code   RO          314    i.bsp_board_leds_off  boards.o
    0x0001c93a   0x00000012   Code   RO          315    i.bsp_board_leds_on  boards.o
    0x0001c94c   0x00000024   Code   RO          316    i.bsp_board_pin_to_button_idx  boards.o
    0x0001c970   0x00000078   Code   RO          532    i.bsp_btn_ble_on_ble_evt  bsp_btn_ble.o
    0x0001c9e8   0x00000022   Code   RO          533    i.bsp_btn_ble_sleep_mode_prepare  bsp_btn_ble.o
    0x0001ca0a   0x00000002   PAD
    0x0001ca0c   0x00000094   Code   RO          418    i.bsp_button_event_handler  bsp.o
    0x0001caa0   0x00000048   Code   RO          422    i.bsp_event_to_button_action_assign  bsp.o
    0x0001cae8   0x0000001c   Code   RO          423    i.bsp_indication_set  bsp.o
    0x0001cb04   0x00000180   Code   RO          425    i.bsp_led_indication  bsp.o
    0x0001cc84   0x00000010   Code   RO          427    i.bsp_wakeup_button_enable  bsp.o
    0x0001cc94   0x00000010   Code   RO         1160    i.channel_port_get  nrf_drv_gpiote.o
    0x0001cca4   0x00000028   Code   RO          946    i.clock_clk_started_notify  nrf_drv_clock.o
    0x0001cccc   0x000000a8   Code   RO         1983    i.compare_reg_update  app_timer.o
    0x0001cd74   0x00000088   Code   RO          607    i.conn_int_encode   ble_advdata.o
    0x0001cdfc   0x00000008   Code   RO            6    i.conn_params_error_handler  main.o
    0x0001ce04   0x00000068   Code   RO          786    i.conn_params_negotiation  ble_conn_params.o
    0x0001ce6c   0x000000fc   Code   RO         2779    i.device_pn532_init  pn532_apply.o
    0x0001cf68   0x00000040   Code   RO         1984    i.elapsed_ticks_acquire  app_timer.o
    0x0001cfa8   0x00000014   Code   RO         1911    i.fifo_get          app_fifo.o
    0x0001cfbc   0x00000012   Code   RO         1912    i.fifo_put          app_fifo.o
    0x0001cfce   0x0000000e   Code   RO         2363    i.fputc             retarget.o
    0x0001cfdc   0x00000018   Code   RO         2227    i.fs_queued_op_count_get  fstorage.o
    0x0001cff4   0x00000058   Code   RO         2869    i.getFirmwareVersion  pn532_i2c.o
    0x0001d04c   0x00000014   Code   RO         2870    i.i2c_device_read_buffer  pn532_i2c.o
    0x0001d060   0x00000018   Code   RO         2872    i.i2c_write_buffer  pn532_i2c.o
    0x0001d078   0x00000034   Code   RO         2876    i.init_pnc523_i2c   pn532_i2c.o
    0x0001d0ac   0x00000080   Code   RO         2647    i.intern_softdevice_events_execute  softdevice_handler.o
    0x0001d12c   0x000000ac   Code   RO         1550    i.irq_handler_twi   nrf_drv_twi.o
    0x0001d1d8   0x0000001c   Code   RO          787    i.is_conn_params_ok  ble_conn_params.o
    0x0001d1f4   0x00000048   Code   RO         3320    i.is_manual_peripheral_setup_needed  system_nrf51.o
    0x0001d23c   0x0000001e   Code   RO         2402    i.led_off           low_power_pwm.o
    0x0001d25a   0x0000001e   Code   RO         2403    i.led_on            low_power_pwm.o
    0x0001d278   0x000000ac   Code   RO         1985    i.list_deletions_handler  app_timer.o
    0x0001d324   0x000000bc   Code   RO         1986    i.list_insertions_handler  app_timer.o
    0x0001d3e0   0x00000010   Code   RO         2404    i.low_power_pwm_duty_set  low_power_pwm.o
    0x0001d3f0   0x00000060   Code   RO         2405    i.low_power_pwm_init  low_power_pwm.o
    0x0001d450   0x00000026   Code   RO         2406    i.low_power_pwm_start  low_power_pwm.o
    0x0001d476   0x00000024   Code   RO         2407    i.low_power_pwm_stop  low_power_pwm.o
    0x0001d49a   0x00000002   PAD
    0x0001d49c   0x00000194   Code   RO            7    i.main              main.o
    0x0001d630   0x00000068   Code   RO          608    i.manuf_specific_data_encode  ble_advdata.o
    0x0001d698   0x000000a0   Code   RO         2877    i.mifareclassic_AuthenticateBlock  pn532_i2c.o
    0x0001d738   0x00000050   Code   RO         2881    i.mifareclassic_ReadDataBlock  pn532_i2c.o
    0x0001d788   0x00000040   Code   RO         2882    i.mifareclassic_WriteDataBlock  pn532_i2c.o
    0x0001d7c8   0x00000058   Code   RO         2884    i.mifareultralight_ReadPage  pn532_i2c.o
    0x0001d820   0x00000010   Code   RO         2885    i.my_memset         pn532_i2c.o
    0x0001d830   0x0000009e   Code   RO          609    i.name_encode       ble_advdata.o
    0x0001d8ce   0x00000010   Code   RO         1161    i.nrf_bitmask_bit_is_set  nrf_drv_gpiote.o
    0x0001d8de   0x00000010   Code   RO          950    i.nrf_clock_event_check  nrf_drv_clock.o
    0x0001d8ee   0x00000002   PAD
    0x0001d8f0   0x00000034   Code   RO         2780    i.nrf_delay_ms      pn532_apply.o
    0x0001d924   0x0000000e   Code   RO         2886    i.nrf_delay_ms      pn532_i2c.o
    0x0001d932   0x00000002   PAD
    0x0001d934   0x00000034   Code   RO         3111    i.nrf_delay_ms      lock_gpio.o
    0x0001d968   0x00000030   Code   RO         1551    i.nrf_delay_us      nrf_drv_twi.o
    0x0001d998   0x00000030   Code   RO         1987    i.nrf_delay_us      app_timer.o
    0x0001d9c8   0x00000030   Code   RO         2887    i.nrf_delay_us      pn532_i2c.o
    0x0001d9f8   0x00000048   Code   RO          957    i.nrf_drv_clock_init  nrf_drv_clock.o
    0x0001da40   0x00000034   Code   RO          964    i.nrf_drv_clock_on_sd_enable  nrf_drv_clock.o
    0x0001da74   0x0000000c   Code   RO          965    i.nrf_drv_clock_on_soc_event  nrf_drv_clock.o
    0x0001da80   0x00000060   Code   RO         1116    i.nrf_drv_common_irq_enable  nrf_drv_common.o
    0x0001dae0   0x00000020   Code   RO         1554    i.nrf_drv_twi_enable  nrf_drv_twi.o
    0x0001db00   0x00000088   Code   RO         1555    i.nrf_drv_twi_init  nrf_drv_twi.o
    0x0001db88   0x00000024   Code   RO         1556    i.nrf_drv_twi_rx    nrf_drv_twi.o
    0x0001dbac   0x00000024   Code   RO         1559    i.nrf_drv_twi_tx    nrf_drv_twi.o
    0x0001dbd0   0x00000028   Code   RO         1561    i.nrf_drv_twi_xfer  nrf_drv_twi.o
    0x0001dbf8   0x00000080   Code   RO         1375    i.nrf_drv_uart_init  nrf_drv_uart.o
    0x0001dc78   0x0000005c   Code   RO         1376    i.nrf_drv_uart_rx   nrf_drv_uart.o
    0x0001dcd4   0x0000002c   Code   RO         1379    i.nrf_drv_uart_rx_enable  nrf_drv_uart.o
    0x0001dd00   0x000000a8   Code   RO         1380    i.nrf_drv_uart_rx_for_uart  nrf_drv_uart.o
    0x0001dda8   0x00000034   Code   RO         1381    i.nrf_drv_uart_tx   nrf_drv_uart.o
    0x0001dddc   0x0000008c   Code   RO         1383    i.nrf_drv_uart_tx_for_uart  nrf_drv_uart.o
    0x0001de68   0x00000018   Code   RO         1384    i.nrf_drv_uart_tx_in_progress  nrf_drv_uart.o
    0x0001de80   0x00000028   Code   RO         1386    i.nrf_gpio_cfg      nrf_drv_uart.o
    0x0001dea8   0x00000012   Code   RO         1388    i.nrf_gpio_cfg_input  nrf_drv_uart.o
    0x0001deba   0x00000014   Code   RO         1389    i.nrf_gpio_cfg_output  nrf_drv_uart.o
    0x0001dece   0x00000022   Code   RO          430    i.nrf_gpio_cfg_sense_set  bsp.o
    0x0001def0   0x00000022   Code   RO         1183    i.nrf_gpio_cfg_sense_set  nrf_drv_gpiote.o
    0x0001df12   0x00000002   PAD
    0x0001df14   0x00000010   Code   RO         1562    i.nrf_gpio_pin_set  nrf_drv_twi.o
    0x0001df24   0x00000018   Code   RO          319    i.nrf_gpio_pin_write  boards.o
    0x0001df3c   0x00000028   Code   RO         1184    i.nrf_gpio_ports_read  nrf_drv_gpiote.o
    0x0001df64   0x00000010   Code   RO         1185    i.nrf_gpiote_event_clear  nrf_drv_gpiote.o
    0x0001df74   0x00000014   Code   RO         1186    i.nrf_gpiote_event_is_set  nrf_drv_gpiote.o
    0x0001df88   0x0000000a   Code   RO         1563    i.nrf_twi_event_check  nrf_drv_twi.o
    0x0001df92   0x0000000a   Code   RO         1390    i.nrf_uart_event_check  nrf_drv_uart.o
    0x0001df9c   0x00000010   Code   RO         1391    i.nrf_uart_int_enable_check  nrf_drv_uart.o
    0x0001dfac   0x0000003c   Code   RO            8    i.nus_data_handler  main.o
    0x0001dfe8   0x00000018   Code   RO            9    i.on_adv_evt        main.o
    0x0001e000   0x000000b4   Code   RO           10    i.on_ble_evt        main.o
    0x0001e0b4   0x00000014   Code   RO           11    i.on_conn_params_evt  main.o
    0x0001e0c8   0x00000048   Code   RO         2781    i.pn532_appliction  pn532_apply.o
    0x0001e110   0x0000000c   Code   RO         2888    i.pn532_gpio_init   pn532_i2c.o
    0x0001e11c   0x00000002   Code   RO         2782    i.pn532_timeout_handler  pn532_apply.o
    0x0001e11e   0x00000002   Code   RO         3112    i.pwm_handler       lock_gpio.o
    0x0001e120   0x00000078   Code   RO         2408    i.pwm_timeout_handler  low_power_pwm.o
    0x0001e198   0x00000008   Code   RO         3113    i.qk_lock_init      lock_gpio.o
    0x0001e1a0   0x00000080   Code   RO         2892    i.readPassiveTargetID  pn532_i2c.o
    0x0001e220   0x000000fc   Code   RO         2893    i.readTypeBuid      pn532_i2c.o
    0x0001e31c   0x0000005c   Code   RO         2784    i.read_data_card    pn532_apply.o
    0x0001e378   0x00000024   Code   RO         2894    i.readackframe      pn532_i2c.o
    0x0001e39c   0x00000044   Code   RO         1988    i.rtc1_stop         app_timer.o
    0x0001e3e0   0x00000026   Code   RO         1392    i.rx_byte           nrf_drv_uart.o
    0x0001e406   0x0000009e   Code   RO          905    i.rx_char_add       ble_nus.o
    0x0001e4a4   0x00000014   Code   RO         1393    i.rx_done_event     nrf_drv_uart.o
    0x0001e4b8   0x0000001a   Code   RO         1394    i.rx_enable         nrf_drv_uart.o
    0x0001e4d2   0x00000002   PAD
    0x0001e4d4   0x00000084   Code   RO         2649    i.sd_nvic_EnableIRQ  softdevice_handler.o
    0x0001e558   0x00000036   Code   RO         2895    i.sendCommandCheckAck  pn532_i2c.o
    0x0001e58e   0x0000008e   Code   RO          610    i.service_data_encode  ble_advdata.o
    0x0001e61c   0x00000058   Code   RO          697    i.set_adv_mode_fast  ble_advertising.o
    0x0001e674   0x00000054   Code   RO          698    i.set_adv_mode_slow  ble_advertising.o
    0x0001e6c8   0x00000010   Code   RO           12    i.sleep_mode_enter  main.o
    0x0001e6d8   0x00000014   Code   RO         2650    i.softdevice_ble_evt_handler_set  softdevice_handler.o
    0x0001e6ec   0x00000014   Code   RO         2651    i.softdevice_enable  softdevice_handler.o
    0x0001e700   0x00000028   Code   RO         2652    i.softdevice_enable_get_default_config  softdevice_handler.o
    0x0001e728   0x00000008   Code   RO         2653    i.softdevice_fault_handler  softdevice_handler.o
    0x0001e730   0x00000058   Code   RO         2654    i.softdevice_handler_init  softdevice_handler.o
    0x0001e788   0x0000000c   Code   RO         2655    i.softdevice_handler_is_enabled  softdevice_handler.o
    0x0001e794   0x00000044   Code   RO         2785    i.test_uid          pn532_apply.o
    0x0001e7d8   0x00000084   Code   RO         1989    i.timer_list_handler  app_timer.o
    0x0001e85c   0x00000010   Code   RO         1990    i.timer_list_handler_sched  app_timer.o
    0x0001e86c   0x00000040   Code   RO         1991    i.timer_list_insert  app_timer.o
    0x0001e8ac   0x00000048   Code   RO         1992    i.timer_stop_op_schedule  app_timer.o
    0x0001e8f4   0x00000078   Code   RO         1993    i.timer_timeouts_check  app_timer.o
    0x0001e96c   0x00000098   Code   RO         1564    i.twi_clear_bus     nrf_drv_twi.o
    0x0001ea04   0x00000020   Code   RO         1565    i.twi_process_error  nrf_drv_twi.o
    0x0001ea24   0x000000a0   Code   RO         1566    i.twi_rx_start_transfer  nrf_drv_twi.o
    0x0001eac4   0x0000002e   Code   RO         1567    i.twi_send_byte     nrf_drv_twi.o
    0x0001eaf2   0x00000108   Code   RO         1568    i.twi_transfer      nrf_drv_twi.o
    0x0001ebfa   0x00000002   PAD
    0x0001ebfc   0x0000009c   Code   RO         1569    i.twi_tx_start_transfer  nrf_drv_twi.o
    0x0001ec98   0x0000008c   Code   RO         1570    i.twi_xfer          nrf_drv_twi.o
    0x0001ed24   0x0000001e   Code   RO         1395    i.tx_byte           nrf_drv_uart.o
    0x0001ed42   0x00000080   Code   RO          906    i.tx_char_add       ble_nus.o
    0x0001edc2   0x00000018   Code   RO         1396    i.tx_done_event     nrf_drv_uart.o
    0x0001edda   0x00000002   PAD
    0x0001eddc   0x00000050   Code   RO           13    i.uart_event_handle  main.o
    0x0001ee2c   0x000000a8   Code   RO         2120    i.uart_event_handler  app_uart_fifo.o
    0x0001eed4   0x00000128   Code   RO         1397    i.uart_irq_handler  nrf_drv_uart.o
    0x0001effc   0x0000000a   Code   RO          611    i.uint16_encode     ble_advdata.o
    0x0001f006   0x00000002   PAD
    0x0001f008   0x00000064   Code   RO          788    i.update_timeout_handler  ble_conn_params.o
    0x0001f06c   0x0000002c   Code   RO         1994    i.user_op_alloc     app_timer.o
    0x0001f098   0x00000030   Code   RO          612    i.uuid_list_encode  ble_advdata.o
    0x0001f0c8   0x000000ae   Code   RO          613    i.uuid_list_sized_encode  ble_advdata.o
    0x0001f176   0x00000002   PAD
    0x0001f178   0x00000018   Code   RO          699    i.whitelist_has_entries  ble_advertising.o
    0x0001f190   0x00000036   Code   RO         2898    i.wirereaddata      pn532_i2c.o
    0x0001f1c6   0x00000002   PAD
    0x0001f1c8   0x00000018   Code   RO         2899    i.wirereadstatus    pn532_i2c.o
    0x0001f1e0   0x0000006c   Code   RO         2900    i.wiresendcommand   pn532_i2c.o
    0x0001f24c   0x00000170   Code   RO         2787    i.write_data_card   pn532_apply.o
    0x0001f3bc   0x00000020   Data   RO           16    .constdata          main.o
    0x0001f3dc   0x00000008   Data   RO          320    .constdata          boards.o
    0x0001f3e4   0x0000002c   Data   RO          435    .constdata          bsp.o
    0x0001f410   0x00000004   Data   RO          791    .constdata          ble_conn_params.o
    0x0001f414   0x00000010   Data   RO          907    .constdata          ble_nus.o
    0x0001f424   0x00000004   Data   RO         1190    .constdata          nrf_drv_gpiote.o
    0x0001f428   0x0000000c   Data   RO         1575    .constdata          nrf_drv_twi.o
    0x0001f434   0x00000020   Data   RO         2122    .constdata          app_uart_fifo.o
    0x0001f454   0x00000010   Data   RO         2903    .constdata          pn532_i2c.o
    0x0001f464   0x00000004   Data   RO         3116    .constdata          lock_gpio.o
    0x0001f468   0x00000020   Data   RO         3670    Region$$Table       anon$$obj.o


    Execution Region RW_IRAM1 (Base: 0x20001fe8, Size: 0x00001048, Max: 0x00006018, ABSOLUTE)

    Base Addr    Size         Type   Attr      Idx    E Section Name        Object

    0x20001fe8   0x00000008   Data   RW           17    .data               main.o
    0x20001ff0   0x00000014   Data   RW          436    .data               bsp.o
    0x20002004   0x00000008   Data   RW          534    .data               bsp_btn_ble.o
    0x2000200c   0x00000030   Data   RW          703    .data               ble_advertising.o
    0x2000203c   0x00000014   Data   RW          792    .data               ble_conn_params.o
    0x20002050   0x00000020   Data   RW         1995    .data               app_timer.o
    0x20002070   0x00000010   Data   RW         2123    .data               app_uart_fifo.o
    0x20002080   0x0000000c   Data   RW         2178    .data               app_util_platform.o
    0x2000208c   0x00000004   Data   RW         2364    .data               retarget.o
    0x20002090   0x00000014   Data   RW         2661    .data               softdevice_handler.o
    0x200020a4   0x00000009   Data   RW         2789    .data               pn532_apply.o
    0x200020ad   0x00000003   PAD
    0x200020b0   0x00000024   Data   RW         2904    .data               pn532_i2c.o
    0x200020d4   0x00000004   Data   RW         3321    .data               system_nrf51.o
    0x200020d8   0x00000020   Zero   RW           14    .bss                main.o
    0x200020f8   0x00000338   Zero   RW           15    .bss                main.o
    0x20002430   0x00000020   Zero   RW          431    .bss                bsp.o
    0x20002450   0x00000020   Zero   RW          432    .bss                bsp.o
    0x20002470   0x0000000c   Zero   RW          433    .bss                bsp.o
    0x2000247c   0x00000020   Zero   RW          434    .bss                bsp.o
    0x2000249c   0x0000016b   Zero   RW          700    .bss                ble_advertising.o
    0x20002607   0x00000001   PAD
    0x20002608   0x00000020   Zero   RW          701    .bss                ble_advertising.o
    0x20002628   0x00000020   Zero   RW          702    .bss                ble_advertising.o
    0x20002648   0x00000020   Zero   RW          789    .bss                ble_conn_params.o
    0x20002668   0x0000001c   Zero   RW          790    .bss                ble_conn_params.o
    0x20002684   0x00000014   Zero   RW          967    .bss                nrf_drv_clock.o
    0x20002698   0x00000048   Zero   RW         1189    .bss                nrf_drv_gpiote.o
    0x200026e0   0x0000001c   Zero   RW         1398    .bss                nrf_drv_uart.o
    0x200026fc   0x00000028   Zero   RW         1571    .bss                nrf_drv_twi.o
    0x20002724   0x00000020   Zero   RW         2121    .bss                app_uart_fifo.o
    0x20002744   0x00000068   Zero   RW         2236    .bss                fstorage.o
    0x200027ac   0x00000040   Zero   RW         2902    .bss                pn532_i2c.o
    0x200027ec   0x00000020   Zero   RW         3114    .bss                lock_gpio.o
    0x2000280c   0x00000024   Zero   RW         3115    .bss                lock_gpio.o
    0x20002830   0x00000800   Zero   RW         3309    STACK               arm_startup_nrf51.o


==============================================================================

Image component sizes


      Code (inc. data)   RO Data    RW Data    ZI Data      Debug   Object Name

        24          4          0          0          0       2137   app_error.o
        28         10          0          0          0       7086   app_error_weak.o
       122          0          0          0          0       4434   app_fifo.o
      1600        158          0         32          0      40603   app_timer.o
       456         44         32         16         32      10022   app_uart_fifo.o
       104         20          0         12          0       6186   app_util_platform.o
        56         18        192          0       2048        704   arm_startup_nrf51.o
      1368          6          0          0          0      28820   ble_advdata.o
      1000         62          0         48        427       9796   ble_advertising.o
       460         60          4         20         60       5212   ble_conn_params.o
       566         12         16          0          0       5250   ble_nus.o
        14          0          0          0          0       1374   ble_srv_common.o
       212         46          8          0          0      10941   boards.o
       708         60         44         20        108      10364   bsp.o
       214          6          0          8          0       3910   bsp_btn_ble.o
        24          6          0          0        104       3720   fstorage.o
       174         28          4          0         68       3917   lock_gpio.o
       366          4          0          0          0      11145   low_power_pwm.o
       832         88         32          8        856     112165   main.o
       276         38          0          0         20      11664   nrf_drv_clock.o
        96         18          0          0          0       7240   nrf_drv_common.o
       518         34          4          0         72      18376   nrf_drv_gpiote.o
      1496         78         12          0         40      27886   nrf_drv_twi.o
      1338         52          0          0         28      28350   nrf_drv_uart.o
       906        350          0          9          0      10952   pn532_apply.o
      1846        172         16         36         64      21210   pn532_i2c.o
        14          0          0          4          0       2774   retarget.o
       500         66          0         20          0      20615   softdevice_handler.o
       232         36          0          4          0       2319   system_nrf51.o

    ----------------------------------------------------------------------
     15578       1476        396        240       3928     429172   Object Totals
         0          0         32          0          0          0   (incl. Generated)
        28          0          0          3          1          0   (incl. Padding)

    ----------------------------------------------------------------------

      Code (inc. data)   RO Data    RW Data    ZI Data      Debug   Library Member Name

         0          0          0          0          0          0   entry.o
         0          0          0          0          0          0   entry10a.o
         0          0          0          0          0          0   entry11a.o
         8          4          0          0          0          0   entry2.o
         4          0          0          0          0          0   entry5.o
         0          0          0          0          0          0   entry7b.o
         0          0          0          0          0          0   entry8b.o
         8          4          0          0          0          0   entry9a.o
        30          0          0          0          0          0   handlers.o
        36          8          0          0          0         68   init.o
        32          0          0          0          0         68   llshl.o
        34          0          0          0          0         68   llushr.o
        36          0          0          0          0         60   memcpya.o
        36          0          0          0          0        100   memseta.o
      1172         52          0          0          0        324   printf8.o
        30          0          0          0          0         72   strncmp.o
        44          0          0          0          0         72   uidiv.o
        96          0          0          0          0         84   uldiv.o

    ----------------------------------------------------------------------
      1570         68          0          0          0        916   Library Totals
         4          0          0          0          0          0   (incl. Padding)

    ----------------------------------------------------------------------

      Code (inc. data)   RO Data    RW Data    ZI Data      Debug   Library Name

      1566         68          0          0          0        916   mc_p.l

    ----------------------------------------------------------------------
      1570         68          0          0          0        916   Library Totals

    ----------------------------------------------------------------------

==============================================================================


      Code (inc. data)   RO Data    RW Data    ZI Data      Debug   

     17148       1544        396        240       3928     421396   Grand Totals
     17148       1544        396        240       3928     421396   ELF Image Totals
     17148       1544        396        240          0          0   ROM Totals

==============================================================================

    Total RO  Size (Code + RO Data)                17544 (  17.13kB)
    Total RW  Size (RW Data + ZI Data)              4168 (   4.07kB)
    Total ROM Size (Code + RO Data + RW Data)      17784 (  17.37kB)

==============================================================================

